running egg_info
creating ../build/macrobot_arm_control/macrobot_arm_control.egg-info
writing ../build/macrobot_arm_control/macrobot_arm_control.egg-info/PKG-INFO
writing dependency_links to ../build/macrobot_arm_control/macrobot_arm_control.egg-info/dependency_links.txt
writing entry points to ../build/macrobot_arm_control/macrobot_arm_control.egg-info/entry_points.txt
writing requirements to ../build/macrobot_arm_control/macrobot_arm_control.egg-info/requires.txt
writing top-level names to ../build/macrobot_arm_control/macrobot_arm_control.egg-info/top_level.txt
writing manifest file '../build/macrobot_arm_control/macrobot_arm_control.egg-info/SOURCES.txt'
reading manifest file '../build/macrobot_arm_control/macrobot_arm_control.egg-info/SOURCES.txt'
writing manifest file '../build/macrobot_arm_control/macrobot_arm_control.egg-info/SOURCES.txt'
running build
running build_py
creating /home/dyddl2082/MacRobot/src/build/macrobot_arm_control/build
creating /home/dyddl2082/MacRobot/src/build/macrobot_arm_control/build/lib
creating /home/dyddl2082/MacRobot/src/build/macrobot_arm_control/build/lib/macrobot_arm_control
copying macrobot_arm_control/servo_mapping.py -> /home/dyddl2082/MacRobot/src/build/macrobot_arm_control/build/lib/macrobot_arm_control
copying macrobot_arm_control/__init__.py -> /home/dyddl2082/MacRobot/src/build/macrobot_arm_control/build/lib/macrobot_arm_control
copying macrobot_arm_control/servo_bridge_node.py -> /home/dyddl2082/MacRobot/src/build/macrobot_arm_control/build/lib/macrobot_arm_control
copying macrobot_arm_control/safety.py -> /home/dyddl2082/MacRobot/src/build/macrobot_arm_control/build/lib/macrobot_arm_control
copying macrobot_arm_control/ik_validator_node.py -> /home/dyddl2082/MacRobot/src/build/macrobot_arm_control/build/lib/macrobot_arm_control
running install
running install_lib
creating /home/dyddl2082/MacRobot/src/install/macrobot_arm_control/lib/python3.12/site-packages/macrobot_arm_control
copying /home/dyddl2082/MacRobot/src/build/macrobot_arm_control/build/lib/macrobot_arm_control/servo_mapping.py -> /home/dyddl2082/MacRobot/src/install/macrobot_arm_control/lib/python3.12/site-packages/macrobot_arm_control
copying /home/dyddl2082/MacRobot/src/build/macrobot_arm_control/build/lib/macrobot_arm_control/__init__.py -> /home/dyddl2082/MacRobot/src/install/macrobot_arm_control/lib/python3.12/site-packages/macrobot_arm_control
copying /home/dyddl2082/MacRobot/src/build/macrobot_arm_control/build/lib/macrobot_arm_control/servo_bridge_node.py -> /home/dyddl2082/MacRobot/src/install/macrobot_arm_control/lib/python3.12/site-packages/macrobot_arm_control
copying /home/dyddl2082/MacRobot/src/build/macrobot_arm_control/build/lib/macrobot_arm_control/safety.py -> /home/dyddl2082/MacRobot/src/install/macrobot_arm_control/lib/python3.12/site-packages/macrobot_arm_control
copying /home/dyddl2082/MacRobot/src/build/macrobot_arm_control/build/lib/macrobot_arm_control/ik_validator_node.py -> /home/dyddl2082/MacRobot/src/install/macrobot_arm_control/lib/python3.12/site-packages/macrobot_arm_control
byte-compiling /home/dyddl2082/MacRobot/src/install/macrobot_arm_control/lib/python3.12/site-packages/macrobot_arm_control/servo_mapping.py to servo_mapping.cpython-312.pyc
byte-compiling /home/dyddl2082/MacRobot/src/install/macrobot_arm_control/lib/python3.12/site-packages/macrobot_arm_control/__init__.py to __init__.cpython-312.pyc
byte-compiling /home/dyddl2082/MacRobot/src/install/macrobot_arm_control/lib/python3.12/site-packages/macrobot_arm_control/servo_bridge_node.py to servo_bridge_node.cpython-312.pyc
byte-compiling /home/dyddl2082/MacRobot/src/install/macrobot_arm_control/lib/python3.12/site-packages/macrobot_arm_control/safety.py to safety.cpython-312.pyc
byte-compiling /home/dyddl2082/MacRobot/src/install/macrobot_arm_control/lib/python3.12/site-packages/macrobot_arm_control/ik_validator_node.py to ik_validator_node.cpython-312.pyc
running install_data
creating /home/dyddl2082/MacRobot/src/install/macrobot_arm_control/share/ament_index
creating /home/dyddl2082/MacRobot/src/install/macrobot_arm_control/share/ament_index/resource_index
creating /home/dyddl2082/MacRobot/src/install/macrobot_arm_control/share/ament_index/resource_index/packages
copying resource/macrobot_arm_control -> /home/dyddl2082/MacRobot/src/install/macrobot_arm_control/share/ament_index/resource_index/packages
copying package.xml -> /home/dyddl2082/MacRobot/src/install/macrobot_arm_control/share/macrobot_arm_control
creating /home/dyddl2082/MacRobot/src/install/macrobot_arm_control/share/macrobot_arm_control/launch
copying launch/arm_pipeline.launch.py -> /home/dyddl2082/MacRobot/src/install/macrobot_arm_control/share/macrobot_arm_control/launch
creating /home/dyddl2082/MacRobot/src/install/macrobot_arm_control/share/macrobot_arm_control/config
copying config/control_defaults.yaml -> /home/dyddl2082/MacRobot/src/install/macrobot_arm_control/share/macrobot_arm_control/config
running install_egg_info
Copying ../build/macrobot_arm_control/macrobot_arm_control.egg-info to /home/dyddl2082/MacRobot/src/install/macrobot_arm_control/lib/python3.12/site-packages/macrobot_arm_control-0.1.0-py3.12.egg-info
running install_scripts
Installing ik_validator_node script to /home/dyddl2082/MacRobot/src/install/macrobot_arm_control/lib/macrobot_arm_control
Installing servo_bridge_node script to /home/dyddl2082/MacRobot/src/install/macrobot_arm_control/lib/macrobot_arm_control
writing list of installed files to '/home/dyddl2082/MacRobot/src/build/macrobot_arm_control/install.log'
