[3.253s] Invoking command in '/home/dyddl2082/MacRobot/src/macrobot_arm_control': AMENT_PREFIX_PATH=/home/dyddl2082/MacRobot/src/install/macrobot_safe_region:/home/dyddl2082/MacRobot/src/install/macrobot_moveit_config:/home/dyddl2082/MacRobot/src/install/macrobot_description:/home/dyddl2082/MacRobot/src/install/macrobot_arm_kinematics:${AMENT_PREFIX_PATH} CMAKE_PREFIX_PATH=/home/dyddl2082/MacRobot/src/install/macrobot_safe_region:/home/dyddl2082/MacRobot/src/install/macrobot_moveit_config:/home/dyddl2082/MacRobot/src/install/macrobot_description:${CMAKE_PREFIX_PATH} PYTHONPATH=/home/dyddl2082/MacRobot/src/build/macrobot_arm_control/prefix_override:/usr/lib/python3/dist-packages/colcon_core/task/python/colcon_distutils_commands:/home/dyddl2082/MacRobot/src/install/macrobot_arm_control/lib/python3.12/site-packages:/home/dyddl2082/MacRobot/src/install/macrobot_arm_kinematics/lib/python3.12/site-packages:${PYTHONPATH} /usr/bin/python3 -W ignore:setup.py install is deprecated -W ignore:easy_install command is deprecated setup.py egg_info --egg-base ../build/macrobot_arm_control build --build-base /home/dyddl2082/MacRobot/src/build/macrobot_arm_control/build install --record /home/dyddl2082/MacRobot/src/build/macrobot_arm_control/install.log --install-scripts $base/lib/macrobot_arm_control --single-version-externally-managed install_data
[3.958s] running egg_info
[3.958s] creating ../build/macrobot_arm_control/macrobot_arm_control.egg-info
[4.000s] writing ../build/macrobot_arm_control/macrobot_arm_control.egg-info/PKG-INFO
[4.001s] writing dependency_links to ../build/macrobot_arm_control/macrobot_arm_control.egg-info/dependency_links.txt
[4.001s] writing entry points to ../build/macrobot_arm_control/macrobot_arm_control.egg-info/entry_points.txt
[4.001s] writing requirements to ../build/macrobot_arm_control/macrobot_arm_control.egg-info/requires.txt
[4.001s] writing top-level names to ../build/macrobot_arm_control/macrobot_arm_control.egg-info/top_level.txt
[4.001s] writing manifest file '../build/macrobot_arm_control/macrobot_arm_control.egg-info/SOURCES.txt'
[4.104s] reading manifest file '../build/macrobot_arm_control/macrobot_arm_control.egg-info/SOURCES.txt'
[4.105s] writing manifest file '../build/macrobot_arm_control/macrobot_arm_control.egg-info/SOURCES.txt'
[4.105s] running build
[4.105s] running build_py
[4.105s] creating /home/dyddl2082/MacRobot/src/build/macrobot_arm_control/build
[4.106s] creating /home/dyddl2082/MacRobot/src/build/macrobot_arm_control/build/lib
[4.106s] creating /home/dyddl2082/MacRobot/src/build/macrobot_arm_control/build/lib/macrobot_arm_control
[4.106s] copying macrobot_arm_control/servo_mapping.py -> /home/dyddl2082/MacRobot/src/build/macrobot_arm_control/build/lib/macrobot_arm_control
[4.106s] copying macrobot_arm_control/__init__.py -> /home/dyddl2082/MacRobot/src/build/macrobot_arm_control/build/lib/macrobot_arm_control
[4.106s] copying macrobot_arm_control/servo_bridge_node.py -> /home/dyddl2082/MacRobot/src/build/macrobot_arm_control/build/lib/macrobot_arm_control
[4.108s] copying macrobot_arm_control/safety.py -> /home/dyddl2082/MacRobot/src/build/macrobot_arm_control/build/lib/macrobot_arm_control
[4.111s] copying macrobot_arm_control/ik_validator_node.py -> /home/dyddl2082/MacRobot/src/build/macrobot_arm_control/build/lib/macrobot_arm_control
[4.112s] running install
[4.127s] running install_lib
[4.166s] creating /home/dyddl2082/MacRobot/src/install/macrobot_arm_control/lib/python3.12/site-packages/macrobot_arm_control
[4.167s] copying /home/dyddl2082/MacRobot/src/build/macrobot_arm_control/build/lib/macrobot_arm_control/servo_mapping.py -> /home/dyddl2082/MacRobot/src/install/macrobot_arm_control/lib/python3.12/site-packages/macrobot_arm_control
[4.167s] copying /home/dyddl2082/MacRobot/src/build/macrobot_arm_control/build/lib/macrobot_arm_control/__init__.py -> /home/dyddl2082/MacRobot/src/install/macrobot_arm_control/lib/python3.12/site-packages/macrobot_arm_control
[4.167s] copying /home/dyddl2082/MacRobot/src/build/macrobot_arm_control/build/lib/macrobot_arm_control/servo_bridge_node.py -> /home/dyddl2082/MacRobot/src/install/macrobot_arm_control/lib/python3.12/site-packages/macrobot_arm_control
[4.167s] copying /home/dyddl2082/MacRobot/src/build/macrobot_arm_control/build/lib/macrobot_arm_control/safety.py -> /home/dyddl2082/MacRobot/src/install/macrobot_arm_control/lib/python3.12/site-packages/macrobot_arm_control
[4.167s] copying /home/dyddl2082/MacRobot/src/build/macrobot_arm_control/build/lib/macrobot_arm_control/ik_validator_node.py -> /home/dyddl2082/MacRobot/src/install/macrobot_arm_control/lib/python3.12/site-packages/macrobot_arm_control
[4.169s] byte-compiling /home/dyddl2082/MacRobot/src/install/macrobot_arm_control/lib/python3.12/site-packages/macrobot_arm_control/servo_mapping.py to servo_mapping.cpython-312.pyc
[4.172s] byte-compiling /home/dyddl2082/MacRobot/src/install/macrobot_arm_control/lib/python3.12/site-packages/macrobot_arm_control/__init__.py to __init__.cpython-312.pyc
[4.173s] byte-compiling /home/dyddl2082/MacRobot/src/install/macrobot_arm_control/lib/python3.12/site-packages/macrobot_arm_control/servo_bridge_node.py to servo_bridge_node.cpython-312.pyc
[4.184s] byte-compiling /home/dyddl2082/MacRobot/src/install/macrobot_arm_control/lib/python3.12/site-packages/macrobot_arm_control/safety.py to safety.cpython-312.pyc
[4.194s] byte-compiling /home/dyddl2082/MacRobot/src/install/macrobot_arm_control/lib/python3.12/site-packages/macrobot_arm_control/ik_validator_node.py to ik_validator_node.cpython-312.pyc
[4.196s] running install_data
[4.196s] creating /home/dyddl2082/MacRobot/src/install/macrobot_arm_control/share/ament_index
[4.196s] creating /home/dyddl2082/MacRobot/src/install/macrobot_arm_control/share/ament_index/resource_index
[4.197s] creating /home/dyddl2082/MacRobot/src/install/macrobot_arm_control/share/ament_index/resource_index/packages
[4.197s] copying resource/macrobot_arm_control -> /home/dyddl2082/MacRobot/src/install/macrobot_arm_control/share/ament_index/resource_index/packages
[4.197s] copying package.xml -> /home/dyddl2082/MacRobot/src/install/macrobot_arm_control/share/macrobot_arm_control
[4.197s] creating /home/dyddl2082/MacRobot/src/install/macrobot_arm_control/share/macrobot_arm_control/launch
[4.197s] copying launch/arm_pipeline.launch.py -> /home/dyddl2082/MacRobot/src/install/macrobot_arm_control/share/macrobot_arm_control/launch
[4.198s] creating /home/dyddl2082/MacRobot/src/install/macrobot_arm_control/share/macrobot_arm_control/config
[4.198s] copying config/control_defaults.yaml -> /home/dyddl2082/MacRobot/src/install/macrobot_arm_control/share/macrobot_arm_control/config
[4.199s] running install_egg_info
[4.261s] Copying ../build/macrobot_arm_control/macrobot_arm_control.egg-info to /home/dyddl2082/MacRobot/src/install/macrobot_arm_control/lib/python3.12/site-packages/macrobot_arm_control-0.1.0-py3.12.egg-info
[4.262s] running install_scripts
[4.603s] Installing ik_validator_node script to /home/dyddl2082/MacRobot/src/install/macrobot_arm_control/lib/macrobot_arm_control
[4.604s] Installing servo_bridge_node script to /home/dyddl2082/MacRobot/src/install/macrobot_arm_control/lib/macrobot_arm_control
[4.604s] writing list of installed files to '/home/dyddl2082/MacRobot/src/build/macrobot_arm_control/install.log'
[4.643s] Invoked command in '/home/dyddl2082/MacRobot/src/macrobot_arm_control' returned '0': AMENT_PREFIX_PATH=/home/dyddl2082/MacRobot/src/install/macrobot_safe_region:/home/dyddl2082/MacRobot/src/install/macrobot_moveit_config:/home/dyddl2082/MacRobot/src/install/macrobot_description:/home/dyddl2082/MacRobot/src/install/macrobot_arm_kinematics:${AMENT_PREFIX_PATH} CMAKE_PREFIX_PATH=/home/dyddl2082/MacRobot/src/install/macrobot_safe_region:/home/dyddl2082/MacRobot/src/install/macrobot_moveit_config:/home/dyddl2082/MacRobot/src/install/macrobot_description:${CMAKE_PREFIX_PATH} PYTHONPATH=/home/dyddl2082/MacRobot/src/build/macrobot_arm_control/prefix_override:/usr/lib/python3/dist-packages/colcon_core/task/python/colcon_distutils_commands:/home/dyddl2082/MacRobot/src/install/macrobot_arm_control/lib/python3.12/site-packages:/home/dyddl2082/MacRobot/src/install/macrobot_arm_kinematics/lib/python3.12/site-packages:${PYTHONPATH} /usr/bin/python3 -W ignore:setup.py install is deprecated -W ignore:easy_install command is deprecated setup.py egg_info --egg-base ../build/macrobot_arm_control build --build-base /home/dyddl2082/MacRobot/src/build/macrobot_arm_control/build install --record /home/dyddl2082/MacRobot/src/build/macrobot_arm_control/install.log --install-scripts $base/lib/macrobot_arm_control --single-version-externally-managed install_data
