running egg_info
creating ../build/macrobot_arm_commissioning/macrobot_arm_commissioning.egg-info
writing ../build/macrobot_arm_commissioning/macrobot_arm_commissioning.egg-info/PKG-INFO
writing dependency_links to ../build/macrobot_arm_commissioning/macrobot_arm_commissioning.egg-info/dependency_links.txt
writing entry points to ../build/macrobot_arm_commissioning/macrobot_arm_commissioning.egg-info/entry_points.txt
writing requirements to ../build/macrobot_arm_commissioning/macrobot_arm_commissioning.egg-info/requires.txt
writing top-level names to ../build/macrobot_arm_commissioning/macrobot_arm_commissioning.egg-info/top_level.txt
writing manifest file '../build/macrobot_arm_commissioning/macrobot_arm_commissioning.egg-info/SOURCES.txt'
reading manifest file '../build/macrobot_arm_commissioning/macrobot_arm_commissioning.egg-info/SOURCES.txt'
writing manifest file '../build/macrobot_arm_commissioning/macrobot_arm_commissioning.egg-info/SOURCES.txt'
running build
running build_py
creating /home/dyddl2082/MacRobot/src/build/macrobot_arm_commissioning/build
creating /home/dyddl2082/MacRobot/src/build/macrobot_arm_commissioning/build/lib
creating /home/dyddl2082/MacRobot/src/build/macrobot_arm_commissioning/build/lib/macrobot_arm_commissioning
copying macrobot_arm_commissioning/primitive_executor_node.py -> /home/dyddl2082/MacRobot/src/build/macrobot_arm_commissioning/build/lib/macrobot_arm_commissioning
copying macrobot_arm_commissioning/report_store.py -> /home/dyddl2082/MacRobot/src/build/macrobot_arm_commissioning/build/lib/macrobot_arm_commissioning
copying macrobot_arm_commissioning/__init__.py -> /home/dyddl2082/MacRobot/src/build/macrobot_arm_commissioning/build/lib/macrobot_arm_commissioning
copying macrobot_arm_commissioning/safe_region_analysis.py -> /home/dyddl2082/MacRobot/src/build/macrobot_arm_commissioning/build/lib/macrobot_arm_commissioning
copying macrobot_arm_commissioning/grasp_frame_fit.py -> /home/dyddl2082/MacRobot/src/build/macrobot_arm_commissioning/build/lib/macrobot_arm_commissioning
copying macrobot_arm_commissioning/commissioning_cli.py -> /home/dyddl2082/MacRobot/src/build/macrobot_arm_commissioning/build/lib/macrobot_arm_commissioning
copying macrobot_arm_commissioning/apply_report.py -> /home/dyddl2082/MacRobot/src/build/macrobot_arm_commissioning/build/lib/macrobot_arm_commissioning
copying macrobot_arm_commissioning/ros_client.py -> /home/dyddl2082/MacRobot/src/build/macrobot_arm_commissioning/build/lib/macrobot_arm_commissioning
copying macrobot_arm_commissioning/report_summary.py -> /home/dyddl2082/MacRobot/src/build/macrobot_arm_commissioning/build/lib/macrobot_arm_commissioning
running install
running install_lib
creating /home/dyddl2082/MacRobot/src/install/macrobot_arm_commissioning/lib/python3.12/site-packages/macrobot_arm_commissioning
copying /home/dyddl2082/MacRobot/src/build/macrobot_arm_commissioning/build/lib/macrobot_arm_commissioning/primitive_executor_node.py -> /home/dyddl2082/MacRobot/src/install/macrobot_arm_commissioning/lib/python3.12/site-packages/macrobot_arm_commissioning
copying /home/dyddl2082/MacRobot/src/build/macrobot_arm_commissioning/build/lib/macrobot_arm_commissioning/report_store.py -> /home/dyddl2082/MacRobot/src/install/macrobot_arm_commissioning/lib/python3.12/site-packages/macrobot_arm_commissioning
copying /home/dyddl2082/MacRobot/src/build/macrobot_arm_commissioning/build/lib/macrobot_arm_commissioning/__init__.py -> /home/dyddl2082/MacRobot/src/install/macrobot_arm_commissioning/lib/python3.12/site-packages/macrobot_arm_commissioning
copying /home/dyddl2082/MacRobot/src/build/macrobot_arm_commissioning/build/lib/macrobot_arm_commissioning/safe_region_analysis.py -> /home/dyddl2082/MacRobot/src/install/macrobot_arm_commissioning/lib/python3.12/site-packages/macrobot_arm_commissioning
copying /home/dyddl2082/MacRobot/src/build/macrobot_arm_commissioning/build/lib/macrobot_arm_commissioning/grasp_frame_fit.py -> /home/dyddl2082/MacRobot/src/install/macrobot_arm_commissioning/lib/python3.12/site-packages/macrobot_arm_commissioning
copying /home/dyddl2082/MacRobot/src/build/macrobot_arm_commissioning/build/lib/macrobot_arm_commissioning/commissioning_cli.py -> /home/dyddl2082/MacRobot/src/install/macrobot_arm_commissioning/lib/python3.12/site-packages/macrobot_arm_commissioning
copying /home/dyddl2082/MacRobot/src/build/macrobot_arm_commissioning/build/lib/macrobot_arm_commissioning/apply_report.py -> /home/dyddl2082/MacRobot/src/install/macrobot_arm_commissioning/lib/python3.12/site-packages/macrobot_arm_commissioning
copying /home/dyddl2082/MacRobot/src/build/macrobot_arm_commissioning/build/lib/macrobot_arm_commissioning/ros_client.py -> /home/dyddl2082/MacRobot/src/install/macrobot_arm_commissioning/lib/python3.12/site-packages/macrobot_arm_commissioning
copying /home/dyddl2082/MacRobot/src/build/macrobot_arm_commissioning/build/lib/macrobot_arm_commissioning/report_summary.py -> /home/dyddl2082/MacRobot/src/install/macrobot_arm_commissioning/lib/python3.12/site-packages/macrobot_arm_commissioning
byte-compiling /home/dyddl2082/MacRobot/src/install/macrobot_arm_commissioning/lib/python3.12/site-packages/macrobot_arm_commissioning/primitive_executor_node.py to primitive_executor_node.cpython-312.pyc
byte-compiling /home/dyddl2082/MacRobot/src/install/macrobot_arm_commissioning/lib/python3.12/site-packages/macrobot_arm_commissioning/report_store.py to report_store.cpython-312.pyc
byte-compiling /home/dyddl2082/MacRobot/src/install/macrobot_arm_commissioning/lib/python3.12/site-packages/macrobot_arm_commissioning/__init__.py to __init__.cpython-312.pyc
byte-compiling /home/dyddl2082/MacRobot/src/install/macrobot_arm_commissioning/lib/python3.12/site-packages/macrobot_arm_commissioning/safe_region_analysis.py to safe_region_analysis.cpython-312.pyc
byte-compiling /home/dyddl2082/MacRobot/src/install/macrobot_arm_commissioning/lib/python3.12/site-packages/macrobot_arm_commissioning/grasp_frame_fit.py to grasp_frame_fit.cpython-312.pyc
byte-compiling /home/dyddl2082/MacRobot/src/install/macrobot_arm_commissioning/lib/python3.12/site-packages/macrobot_arm_commissioning/commissioning_cli.py to commissioning_cli.cpython-312.pyc
byte-compiling /home/dyddl2082/MacRobot/src/install/macrobot_arm_commissioning/lib/python3.12/site-packages/macrobot_arm_commissioning/apply_report.py to apply_report.cpython-312.pyc
byte-compiling /home/dyddl2082/MacRobot/src/install/macrobot_arm_commissioning/lib/python3.12/site-packages/macrobot_arm_commissioning/ros_client.py to ros_client.cpython-312.pyc
byte-compiling /home/dyddl2082/MacRobot/src/install/macrobot_arm_commissioning/lib/python3.12/site-packages/macrobot_arm_commissioning/report_summary.py to report_summary.cpython-312.pyc
running install_data
creating /home/dyddl2082/MacRobot/src/install/macrobot_arm_commissioning/share/ament_index
creating /home/dyddl2082/MacRobot/src/install/macrobot_arm_commissioning/share/ament_index/resource_index
creating /home/dyddl2082/MacRobot/src/install/macrobot_arm_commissioning/share/ament_index/resource_index/packages
copying resource/macrobot_arm_commissioning -> /home/dyddl2082/MacRobot/src/install/macrobot_arm_commissioning/share/ament_index/resource_index/packages
copying package.xml -> /home/dyddl2082/MacRobot/src/install/macrobot_arm_commissioning/share/macrobot_arm_commissioning
creating /home/dyddl2082/MacRobot/src/install/macrobot_arm_commissioning/share/macrobot_arm_commissioning/launch
copying launch/commissioning_pipeline.launch.py -> /home/dyddl2082/MacRobot/src/install/macrobot_arm_commissioning/share/macrobot_arm_commissioning/launch
creating /home/dyddl2082/MacRobot/src/install/macrobot_arm_commissioning/share/macrobot_arm_commissioning/config
copying config/test_plan.yaml -> /home/dyddl2082/MacRobot/src/install/macrobot_arm_commissioning/share/macrobot_arm_commissioning/config
creating /home/dyddl2082/MacRobot/src/install/macrobot_arm_commissioning/share/macrobot_arm_commissioning/docs
copying docs/README_KO.md -> /home/dyddl2082/MacRobot/src/install/macrobot_arm_commissioning/share/macrobot_arm_commissioning/docs
copying docs/WORKFLOW_KO.md -> /home/dyddl2082/MacRobot/src/install/macrobot_arm_commissioning/share/macrobot_arm_commissioning/docs
running install_egg_info
Copying ../build/macrobot_arm_commissioning/macrobot_arm_commissioning.egg-info to /home/dyddl2082/MacRobot/src/install/macrobot_arm_commissioning/lib/python3.12/site-packages/macrobot_arm_commissioning-0.1.0-py3.12.egg-info
running install_scripts
Installing apply_report_recommendations script to /home/dyddl2082/MacRobot/src/install/macrobot_arm_commissioning/lib/macrobot_arm_commissioning
Installing commissioning_cli script to /home/dyddl2082/MacRobot/src/install/macrobot_arm_commissioning/lib/macrobot_arm_commissioning
Installing commissioning_report_summary script to /home/dyddl2082/MacRobot/src/install/macrobot_arm_commissioning/lib/macrobot_arm_commissioning
Installing primitive_executor_node script to /home/dyddl2082/MacRobot/src/install/macrobot_arm_commissioning/lib/macrobot_arm_commissioning
writing list of installed files to '/home/dyddl2082/MacRobot/src/build/macrobot_arm_commissioning/install.log'
