[3.327s] Invoking command in '/home/dyddl2082/MacRobot/src/macrobot_arm_commissioning': AMENT_PREFIX_PATH=/home/dyddl2082/MacRobot/src/install/macrobot_arm_control:/home/dyddl2082/MacRobot/src/install/macrobot_safe_region:/home/dyddl2082/MacRobot/src/install/macrobot_moveit_config:/home/dyddl2082/MacRobot/src/install/macrobot_description:/home/dyddl2082/MacRobot/src/install/macrobot_arm_kinematics:${AMENT_PREFIX_PATH} CMAKE_PREFIX_PATH=/home/dyddl2082/MacRobot/src/install/macrobot_safe_region:/home/dyddl2082/MacRobot/src/install/macrobot_moveit_config:/home/dyddl2082/MacRobot/src/install/macrobot_description:${CMAKE_PREFIX_PATH} PYTHONPATH=/home/dyddl2082/MacRobot/src/build/macrobot_arm_commissioning/prefix_override:/usr/lib/python3/dist-packages/colcon_core/task/python/colcon_distutils_commands:/home/dyddl2082/MacRobot/src/install/macrobot_arm_commissioning/lib/python3.12/site-packages:/home/dyddl2082/MacRobot/src/install/macrobot_arm_control/lib/python3.12/site-packages:/home/dyddl2082/MacRobot/src/install/macrobot_arm_kinematics/lib/python3.12/site-packages:${PYTHONPATH} /usr/bin/python3 -W ignore:setup.py install is deprecated -W ignore:easy_install command is deprecated setup.py egg_info --egg-base ../build/macrobot_arm_commissioning build --build-base /home/dyddl2082/MacRobot/src/build/macrobot_arm_commissioning/build install --record /home/dyddl2082/MacRobot/src/build/macrobot_arm_commissioning/install.log --install-scripts $base/lib/macrobot_arm_commissioning --single-version-externally-managed install_data
[3.783s] running egg_info
[3.784s] creating ../build/macrobot_arm_commissioning/macrobot_arm_commissioning.egg-info
[3.838s] writing ../build/macrobot_arm_commissioning/macrobot_arm_commissioning.egg-info/PKG-INFO
[3.838s] writing dependency_links to ../build/macrobot_arm_commissioning/macrobot_arm_commissioning.egg-info/dependency_links.txt
[3.839s] writing entry points to ../build/macrobot_arm_commissioning/macrobot_arm_commissioning.egg-info/entry_points.txt
[3.839s] writing requirements to ../build/macrobot_arm_commissioning/macrobot_arm_commissioning.egg-info/requires.txt
[3.840s] writing top-level names to ../build/macrobot_arm_commissioning/macrobot_arm_commissioning.egg-info/top_level.txt
[3.840s] writing manifest file '../build/macrobot_arm_commissioning/macrobot_arm_commissioning.egg-info/SOURCES.txt'
[3.893s] reading manifest file '../build/macrobot_arm_commissioning/macrobot_arm_commissioning.egg-info/SOURCES.txt'
[3.894s] writing manifest file '../build/macrobot_arm_commissioning/macrobot_arm_commissioning.egg-info/SOURCES.txt'
[3.895s] running build
[3.895s] running build_py
[3.896s] creating /home/dyddl2082/MacRobot/src/build/macrobot_arm_commissioning/build
[3.896s] creating /home/dyddl2082/MacRobot/src/build/macrobot_arm_commissioning/build/lib
[3.896s] creating /home/dyddl2082/MacRobot/src/build/macrobot_arm_commissioning/build/lib/macrobot_arm_commissioning
[3.896s] copying macrobot_arm_commissioning/primitive_executor_node.py -> /home/dyddl2082/MacRobot/src/build/macrobot_arm_commissioning/build/lib/macrobot_arm_commissioning
[3.897s] copying macrobot_arm_commissioning/report_store.py -> /home/dyddl2082/MacRobot/src/build/macrobot_arm_commissioning/build/lib/macrobot_arm_commissioning
[3.898s] copying macrobot_arm_commissioning/__init__.py -> /home/dyddl2082/MacRobot/src/build/macrobot_arm_commissioning/build/lib/macrobot_arm_commissioning
[3.901s] copying macrobot_arm_commissioning/safe_region_analysis.py -> /home/dyddl2082/MacRobot/src/build/macrobot_arm_commissioning/build/lib/macrobot_arm_commissioning
[3.904s] copying macrobot_arm_commissioning/grasp_frame_fit.py -> /home/dyddl2082/MacRobot/src/build/macrobot_arm_commissioning/build/lib/macrobot_arm_commissioning
[3.906s] copying macrobot_arm_commissioning/commissioning_cli.py -> /home/dyddl2082/MacRobot/src/build/macrobot_arm_commissioning/build/lib/macrobot_arm_commissioning
[3.912s] copying macrobot_arm_commissioning/apply_report.py -> /home/dyddl2082/MacRobot/src/build/macrobot_arm_commissioning/build/lib/macrobot_arm_commissioning
[3.914s] copying macrobot_arm_commissioning/ros_client.py -> /home/dyddl2082/MacRobot/src/build/macrobot_arm_commissioning/build/lib/macrobot_arm_commissioning
[3.915s] copying macrobot_arm_commissioning/report_summary.py -> /home/dyddl2082/MacRobot/src/build/macrobot_arm_commissioning/build/lib/macrobot_arm_commissioning
[3.916s] running install
[3.924s] running install_lib
[3.959s] creating /home/dyddl2082/MacRobot/src/install/macrobot_arm_commissioning/lib/python3.12/site-packages/macrobot_arm_commissioning
[3.960s] copying /home/dyddl2082/MacRobot/src/build/macrobot_arm_commissioning/build/lib/macrobot_arm_commissioning/primitive_executor_node.py -> /home/dyddl2082/MacRobot/src/install/macrobot_arm_commissioning/lib/python3.12/site-packages/macrobot_arm_commissioning
[3.960s] copying /home/dyddl2082/MacRobot/src/build/macrobot_arm_commissioning/build/lib/macrobot_arm_commissioning/report_store.py -> /home/dyddl2082/MacRobot/src/install/macrobot_arm_commissioning/lib/python3.12/site-packages/macrobot_arm_commissioning
[3.960s] copying /home/dyddl2082/MacRobot/src/build/macrobot_arm_commissioning/build/lib/macrobot_arm_commissioning/__init__.py -> /home/dyddl2082/MacRobot/src/install/macrobot_arm_commissioning/lib/python3.12/site-packages/macrobot_arm_commissioning
[3.961s] copying /home/dyddl2082/MacRobot/src/build/macrobot_arm_commissioning/build/lib/macrobot_arm_commissioning/safe_region_analysis.py -> /home/dyddl2082/MacRobot/src/install/macrobot_arm_commissioning/lib/python3.12/site-packages/macrobot_arm_commissioning
[3.961s] copying /home/dyddl2082/MacRobot/src/build/macrobot_arm_commissioning/build/lib/macrobot_arm_commissioning/grasp_frame_fit.py -> /home/dyddl2082/MacRobot/src/install/macrobot_arm_commissioning/lib/python3.12/site-packages/macrobot_arm_commissioning
[3.961s] copying /home/dyddl2082/MacRobot/src/build/macrobot_arm_commissioning/build/lib/macrobot_arm_commissioning/commissioning_cli.py -> /home/dyddl2082/MacRobot/src/install/macrobot_arm_commissioning/lib/python3.12/site-packages/macrobot_arm_commissioning
[3.961s] copying /home/dyddl2082/MacRobot/src/build/macrobot_arm_commissioning/build/lib/macrobot_arm_commissioning/apply_report.py -> /home/dyddl2082/MacRobot/src/install/macrobot_arm_commissioning/lib/python3.12/site-packages/macrobot_arm_commissioning
[3.962s] copying /home/dyddl2082/MacRobot/src/build/macrobot_arm_commissioning/build/lib/macrobot_arm_commissioning/ros_client.py -> /home/dyddl2082/MacRobot/src/install/macrobot_arm_commissioning/lib/python3.12/site-packages/macrobot_arm_commissioning
[3.962s] copying /home/dyddl2082/MacRobot/src/build/macrobot_arm_commissioning/build/lib/macrobot_arm_commissioning/report_summary.py -> /home/dyddl2082/MacRobot/src/install/macrobot_arm_commissioning/lib/python3.12/site-packages/macrobot_arm_commissioning
[3.963s] byte-compiling /home/dyddl2082/MacRobot/src/install/macrobot_arm_commissioning/lib/python3.12/site-packages/macrobot_arm_commissioning/primitive_executor_node.py to primitive_executor_node.cpython-312.pyc
[3.965s] byte-compiling /home/dyddl2082/MacRobot/src/install/macrobot_arm_commissioning/lib/python3.12/site-packages/macrobot_arm_commissioning/report_store.py to report_store.cpython-312.pyc
[3.967s] byte-compiling /home/dyddl2082/MacRobot/src/install/macrobot_arm_commissioning/lib/python3.12/site-packages/macrobot_arm_commissioning/__init__.py to __init__.cpython-312.pyc
[3.967s] byte-compiling /home/dyddl2082/MacRobot/src/install/macrobot_arm_commissioning/lib/python3.12/site-packages/macrobot_arm_commissioning/safe_region_analysis.py to safe_region_analysis.cpython-312.pyc
[3.970s] byte-compiling /home/dyddl2082/MacRobot/src/install/macrobot_arm_commissioning/lib/python3.12/site-packages/macrobot_arm_commissioning/grasp_frame_fit.py to grasp_frame_fit.cpython-312.pyc
[3.971s] byte-compiling /home/dyddl2082/MacRobot/src/install/macrobot_arm_commissioning/lib/python3.12/site-packages/macrobot_arm_commissioning/commissioning_cli.py to commissioning_cli.cpython-312.pyc
[3.982s] byte-compiling /home/dyddl2082/MacRobot/src/install/macrobot_arm_commissioning/lib/python3.12/site-packages/macrobot_arm_commissioning/apply_report.py to apply_report.cpython-312.pyc
[3.986s] byte-compiling /home/dyddl2082/MacRobot/src/install/macrobot_arm_commissioning/lib/python3.12/site-packages/macrobot_arm_commissioning/ros_client.py to ros_client.cpython-312.pyc
[4.001s] byte-compiling /home/dyddl2082/MacRobot/src/install/macrobot_arm_commissioning/lib/python3.12/site-packages/macrobot_arm_commissioning/report_summary.py to report_summary.cpython-312.pyc
[4.002s] running install_data
[4.003s] creating /home/dyddl2082/MacRobot/src/install/macrobot_arm_commissioning/share/ament_index
[4.003s] creating /home/dyddl2082/MacRobot/src/install/macrobot_arm_commissioning/share/ament_index/resource_index
[4.003s] creating /home/dyddl2082/MacRobot/src/install/macrobot_arm_commissioning/share/ament_index/resource_index/packages
[4.004s] copying resource/macrobot_arm_commissioning -> /home/dyddl2082/MacRobot/src/install/macrobot_arm_commissioning/share/ament_index/resource_index/packages
[4.004s] copying package.xml -> /home/dyddl2082/MacRobot/src/install/macrobot_arm_commissioning/share/macrobot_arm_commissioning
[4.004s] creating /home/dyddl2082/MacRobot/src/install/macrobot_arm_commissioning/share/macrobot_arm_commissioning/launch
[4.005s] copying launch/commissioning_pipeline.launch.py -> /home/dyddl2082/MacRobot/src/install/macrobot_arm_commissioning/share/macrobot_arm_commissioning/launch
[4.006s] creating /home/dyddl2082/MacRobot/src/install/macrobot_arm_commissioning/share/macrobot_arm_commissioning/config
[4.006s] copying config/test_plan.yaml -> /home/dyddl2082/MacRobot/src/install/macrobot_arm_commissioning/share/macrobot_arm_commissioning/config
[4.007s] creating /home/dyddl2082/MacRobot/src/install/macrobot_arm_commissioning/share/macrobot_arm_commissioning/docs
[4.007s] copying docs/README_KO.md -> /home/dyddl2082/MacRobot/src/install/macrobot_arm_commissioning/share/macrobot_arm_commissioning/docs
[4.007s] copying docs/WORKFLOW_KO.md -> /home/dyddl2082/MacRobot/src/install/macrobot_arm_commissioning/share/macrobot_arm_commissioning/docs
[4.008s] running install_egg_info
[4.047s] Copying ../build/macrobot_arm_commissioning/macrobot_arm_commissioning.egg-info to /home/dyddl2082/MacRobot/src/install/macrobot_arm_commissioning/lib/python3.12/site-packages/macrobot_arm_commissioning-0.1.0-py3.12.egg-info
[4.048s] running install_scripts
[4.336s] Installing apply_report_recommendations script to /home/dyddl2082/MacRobot/src/install/macrobot_arm_commissioning/lib/macrobot_arm_commissioning
[4.336s] Installing commissioning_cli script to /home/dyddl2082/MacRobot/src/install/macrobot_arm_commissioning/lib/macrobot_arm_commissioning
[4.337s] Installing commissioning_report_summary script to /home/dyddl2082/MacRobot/src/install/macrobot_arm_commissioning/lib/macrobot_arm_commissioning
[4.337s] Installing primitive_executor_node script to /home/dyddl2082/MacRobot/src/install/macrobot_arm_commissioning/lib/macrobot_arm_commissioning
[4.337s] writing list of installed files to '/home/dyddl2082/MacRobot/src/build/macrobot_arm_commissioning/install.log'
[4.409s] Invoked command in '/home/dyddl2082/MacRobot/src/macrobot_arm_commissioning' returned '0': AMENT_PREFIX_PATH=/home/dyddl2082/MacRobot/src/install/macrobot_arm_control:/home/dyddl2082/MacRobot/src/install/macrobot_safe_region:/home/dyddl2082/MacRobot/src/install/macrobot_moveit_config:/home/dyddl2082/MacRobot/src/install/macrobot_description:/home/dyddl2082/MacRobot/src/install/macrobot_arm_kinematics:${AMENT_PREFIX_PATH} CMAKE_PREFIX_PATH=/home/dyddl2082/MacRobot/src/install/macrobot_safe_region:/home/dyddl2082/MacRobot/src/install/macrobot_moveit_config:/home/dyddl2082/MacRobot/src/install/macrobot_description:${CMAKE_PREFIX_PATH} PYTHONPATH=/home/dyddl2082/MacRobot/src/build/macrobot_arm_commissioning/prefix_override:/usr/lib/python3/dist-packages/colcon_core/task/python/colcon_distutils_commands:/home/dyddl2082/MacRobot/src/install/macrobot_arm_commissioning/lib/python3.12/site-packages:/home/dyddl2082/MacRobot/src/install/macrobot_arm_control/lib/python3.12/site-packages:/home/dyddl2082/MacRobot/src/install/macrobot_arm_kinematics/lib/python3.12/site-packages:${PYTHONPATH} /usr/bin/python3 -W ignore:setup.py install is deprecated -W ignore:easy_install command is deprecated setup.py egg_info --egg-base ../build/macrobot_arm_commissioning build --build-base /home/dyddl2082/MacRobot/src/build/macrobot_arm_commissioning/build install --record /home/dyddl2082/MacRobot/src/build/macrobot_arm_commissioning/install.log --install-scripts $base/lib/macrobot_arm_commissioning --single-version-externally-managed install_data
