running egg_info
creating ../../build/macrobot_object_finder/macrobot_object_finder.egg-info
writing ../../build/macrobot_object_finder/macrobot_object_finder.egg-info/PKG-INFO
writing dependency_links to ../../build/macrobot_object_finder/macrobot_object_finder.egg-info/dependency_links.txt
writing entry points to ../../build/macrobot_object_finder/macrobot_object_finder.egg-info/entry_points.txt
writing requirements to ../../build/macrobot_object_finder/macrobot_object_finder.egg-info/requires.txt
writing top-level names to ../../build/macrobot_object_finder/macrobot_object_finder.egg-info/top_level.txt
writing manifest file '../../build/macrobot_object_finder/macrobot_object_finder.egg-info/SOURCES.txt'
reading manifest file '../../build/macrobot_object_finder/macrobot_object_finder.egg-info/SOURCES.txt'
writing manifest file '../../build/macrobot_object_finder/macrobot_object_finder.egg-info/SOURCES.txt'
running build
running build_py
creating /home/dyddl2082/MacRobot/src/build/macrobot_object_finder/build
creating /home/dyddl2082/MacRobot/src/build/macrobot_object_finder/build/lib
creating /home/dyddl2082/MacRobot/src/build/macrobot_object_finder/build/lib/macrobot_object_finder
copying macrobot_object_finder/__init__.py -> /home/dyddl2082/MacRobot/src/build/macrobot_object_finder/build/lib/macrobot_object_finder
copying macrobot_object_finder/finder_core.py -> /home/dyddl2082/MacRobot/src/build/macrobot_object_finder/build/lib/macrobot_object_finder
copying macrobot_object_finder/object_finder_node.py -> /home/dyddl2082/MacRobot/src/build/macrobot_object_finder/build/lib/macrobot_object_finder
copying macrobot_object_finder/object_finder_cli.py -> /home/dyddl2082/MacRobot/src/build/macrobot_object_finder/build/lib/macrobot_object_finder
running install
running install_lib
creating /home/dyddl2082/MacRobot/src/install/macrobot_object_finder/lib/python3.12/site-packages/macrobot_object_finder
copying /home/dyddl2082/MacRobot/src/build/macrobot_object_finder/build/lib/macrobot_object_finder/__init__.py -> /home/dyddl2082/MacRobot/src/install/macrobot_object_finder/lib/python3.12/site-packages/macrobot_object_finder
copying /home/dyddl2082/MacRobot/src/build/macrobot_object_finder/build/lib/macrobot_object_finder/finder_core.py -> /home/dyddl2082/MacRobot/src/install/macrobot_object_finder/lib/python3.12/site-packages/macrobot_object_finder
copying /home/dyddl2082/MacRobot/src/build/macrobot_object_finder/build/lib/macrobot_object_finder/object_finder_node.py -> /home/dyddl2082/MacRobot/src/install/macrobot_object_finder/lib/python3.12/site-packages/macrobot_object_finder
copying /home/dyddl2082/MacRobot/src/build/macrobot_object_finder/build/lib/macrobot_object_finder/object_finder_cli.py -> /home/dyddl2082/MacRobot/src/install/macrobot_object_finder/lib/python3.12/site-packages/macrobot_object_finder
byte-compiling /home/dyddl2082/MacRobot/src/install/macrobot_object_finder/lib/python3.12/site-packages/macrobot_object_finder/__init__.py to __init__.cpython-312.pyc
byte-compiling /home/dyddl2082/MacRobot/src/install/macrobot_object_finder/lib/python3.12/site-packages/macrobot_object_finder/finder_core.py to finder_core.cpython-312.pyc
byte-compiling /home/dyddl2082/MacRobot/src/install/macrobot_object_finder/lib/python3.12/site-packages/macrobot_object_finder/object_finder_node.py to object_finder_node.cpython-312.pyc
byte-compiling /home/dyddl2082/MacRobot/src/install/macrobot_object_finder/lib/python3.12/site-packages/macrobot_object_finder/object_finder_cli.py to object_finder_cli.cpython-312.pyc
running install_data
creating /home/dyddl2082/MacRobot/src/install/macrobot_object_finder/share/ament_index
creating /home/dyddl2082/MacRobot/src/install/macrobot_object_finder/share/ament_index/resource_index
creating /home/dyddl2082/MacRobot/src/install/macrobot_object_finder/share/ament_index/resource_index/packages
copying resource/macrobot_object_finder -> /home/dyddl2082/MacRobot/src/install/macrobot_object_finder/share/ament_index/resource_index/packages
copying package.xml -> /home/dyddl2082/MacRobot/src/install/macrobot_object_finder/share/macrobot_object_finder
copying README.md -> /home/dyddl2082/MacRobot/src/install/macrobot_object_finder/share/macrobot_object_finder
creating /home/dyddl2082/MacRobot/src/install/macrobot_object_finder/share/macrobot_object_finder/launch
copying launch/object_finder_manager.launch.py -> /home/dyddl2082/MacRobot/src/install/macrobot_object_finder/share/macrobot_object_finder/launch
copying launch/object_finder_wsl_legacy.launch.py -> /home/dyddl2082/MacRobot/src/install/macrobot_object_finder/share/macrobot_object_finder/launch
copying launch/object_finder_wsl.launch.py -> /home/dyddl2082/MacRobot/src/install/macrobot_object_finder/share/macrobot_object_finder/launch
creating /home/dyddl2082/MacRobot/src/install/macrobot_object_finder/share/macrobot_object_finder/config
copying config/object_finder.yaml -> /home/dyddl2082/MacRobot/src/install/macrobot_object_finder/share/macrobot_object_finder/config
creating /home/dyddl2082/MacRobot/src/install/macrobot_object_finder/share/macrobot_object_finder/docs
copying docs/PICK_INTEGRATION_KO.md -> /home/dyddl2082/MacRobot/src/install/macrobot_object_finder/share/macrobot_object_finder/docs
copying docs/RESULT_CONTRACT_KO.md -> /home/dyddl2082/MacRobot/src/install/macrobot_object_finder/share/macrobot_object_finder/docs
copying docs/TROUBLESHOOTING_KO.md -> /home/dyddl2082/MacRobot/src/install/macrobot_object_finder/share/macrobot_object_finder/docs
copying docs/PIPELINE_KO.md -> /home/dyddl2082/MacRobot/src/install/macrobot_object_finder/share/macrobot_object_finder/docs
creating /home/dyddl2082/MacRobot/src/install/macrobot_object_finder/share/macrobot_object_finder/scripts
copying scripts/find_object.sh -> /home/dyddl2082/MacRobot/src/install/macrobot_object_finder/share/macrobot_object_finder/scripts
copying scripts/check_object_finder.sh -> /home/dyddl2082/MacRobot/src/install/macrobot_object_finder/share/macrobot_object_finder/scripts
running install_egg_info
Copying ../../build/macrobot_object_finder/macrobot_object_finder.egg-info to /home/dyddl2082/MacRobot/src/install/macrobot_object_finder/lib/python3.12/site-packages/macrobot_object_finder-0.1.0-py3.12.egg-info
running install_scripts
Installing object_finder_cli script to /home/dyddl2082/MacRobot/src/install/macrobot_object_finder/lib/macrobot_object_finder
Installing object_finder_node script to /home/dyddl2082/MacRobot/src/install/macrobot_object_finder/lib/macrobot_object_finder
writing list of installed files to '/home/dyddl2082/MacRobot/src/build/macrobot_object_finder/install.log'
