/home/dyddl2082/MacRobot/src/install/macrobot_arm_kinematics/lib/python3.12/site-packages/macrobot_arm_kinematics/__init__.py
/home/dyddl2082/MacRobot/src/install/macrobot_arm_kinematics/lib/python3.12/site-packages/macrobot_arm_kinematics/linkage_state_node.py
/home/dyddl2082/MacRobot/src/install/macrobot_arm_kinematics/lib/python3.12/site-packages/macrobot_arm_kinematics/model.py
/home/dyddl2082/MacRobot/src/install/macrobot_arm_kinematics/lib/python3.12/site-packages/macrobot_arm_kinematics/ik_node.py
/home/dyddl2082/MacRobot/src/install/macrobot_arm_kinematics/lib/python3.12/site-packages/macrobot_arm_kinematics/__pycache__/__init__.cpython-312.pyc
/home/dyddl2082/MacRobot/src/install/macrobot_arm_kinematics/lib/python3.12/site-packages/macrobot_arm_kinematics/__pycache__/linkage_state_node.cpython-312.pyc
/home/dyddl2082/MacRobot/src/install/macrobot_arm_kinematics/lib/python3.12/site-packages/macrobot_arm_kinematics/__pycache__/model.cpython-312.pyc
/home/dyddl2082/MacRobot/src/install/macrobot_arm_kinematics/lib/python3.12/site-packages/macrobot_arm_kinematics/__pycache__/ik_node.cpython-312.pyc
/home/dyddl2082/MacRobot/src/install/macrobot_arm_kinematics/share/ament_index/resource_index/packages/macrobot_arm_kinematics
/home/dyddl2082/MacRobot/src/install/macrobot_arm_kinematics/share/macrobot_arm_kinematics/package.xml
/home/dyddl2082/MacRobot/src/install/macrobot_arm_kinematics/share/macrobot_arm_kinematics/launch
/home/dyddl2082/MacRobot/src/install/macrobot_arm_kinematics/lib/python3.12/site-packages/macrobot_arm_kinematics-0.3.0-py3.12.egg-info/requires.txt
/home/dyddl2082/MacRobot/src/install/macrobot_arm_kinematics/lib/python3.12/site-packages/macrobot_arm_kinematics-0.3.0-py3.12.egg-info/dependency_links.txt
/home/dyddl2082/MacRobot/src/install/macrobot_arm_kinematics/lib/python3.12/site-packages/macrobot_arm_kinematics-0.3.0-py3.12.egg-info/entry_points.txt
/home/dyddl2082/MacRobot/src/install/macrobot_arm_kinematics/lib/python3.12/site-packages/macrobot_arm_kinematics-0.3.0-py3.12.egg-info/SOURCES.txt
/home/dyddl2082/MacRobot/src/install/macrobot_arm_kinematics/lib/python3.12/site-packages/macrobot_arm_kinematics-0.3.0-py3.12.egg-info/top_level.txt
/home/dyddl2082/MacRobot/src/install/macrobot_arm_kinematics/lib/python3.12/site-packages/macrobot_arm_kinematics-0.3.0-py3.12.egg-info/PKG-INFO
/home/dyddl2082/MacRobot/src/install/macrobot_arm_kinematics/lib/python3.12/site-packages/macrobot_arm_kinematics-0.3.0-py3.12.egg-info/zip-safe
/home/dyddl2082/MacRobot/src/install/macrobot_arm_kinematics/lib/macrobot_arm_kinematics/ik_node
/home/dyddl2082/MacRobot/src/install/macrobot_arm_kinematics/lib/macrobot_arm_kinematics/linkage_state_node
