/home/dyddl2082/MacRobot/src/install/macrobot_action_gateway/lib/python3.12/site-packages/macrobot_action_gateway/action_manager.py
/home/dyddl2082/MacRobot/src/install/macrobot_action_gateway/lib/python3.12/site-packages/macrobot_action_gateway/gateway_protocol.py
/home/dyddl2082/MacRobot/src/install/macrobot_action_gateway/lib/python3.12/site-packages/macrobot_action_gateway/ast_validator.py
/home/dyddl2082/MacRobot/src/install/macrobot_action_gateway/lib/python3.12/site-packages/macrobot_action_gateway/__init__.py
/home/dyddl2082/MacRobot/src/install/macrobot_action_gateway/lib/python3.12/site-packages/macrobot_action_gateway/code_runner.py
/home/dyddl2082/MacRobot/src/install/macrobot_action_gateway/lib/python3.12/site-packages/macrobot_action_gateway/gateway_node.py
/home/dyddl2082/MacRobot/src/install/macrobot_action_gateway/lib/python3.12/site-packages/macrobot_action_gateway/gateway_runtime.py
/home/dyddl2082/MacRobot/src/install/macrobot_action_gateway/lib/python3.12/site-packages/macrobot_action_gateway/event_stream.py
/home/dyddl2082/MacRobot/src/install/macrobot_action_gateway/lib/python3.12/site-packages/macrobot_action_gateway/resource_manager.py
/home/dyddl2082/MacRobot/src/install/macrobot_action_gateway/lib/python3.12/site-packages/macrobot_action_gateway/state_store.py
/home/dyddl2082/MacRobot/src/install/macrobot_action_gateway/lib/python3.12/site-packages/macrobot_action_gateway/bridge.py
/home/dyddl2082/MacRobot/src/install/macrobot_action_gateway/lib/python3.12/site-packages/macrobot_action_gateway/robot_facade.py
/home/dyddl2082/MacRobot/src/install/macrobot_action_gateway/lib/python3.12/site-packages/macrobot_action_gateway/api_types.py
/home/dyddl2082/MacRobot/src/install/macrobot_action_gateway/lib/python3.12/site-packages/macrobot_action_gateway/gateway_cli.py
/home/dyddl2082/MacRobot/src/install/macrobot_action_gateway/lib/python3.12/site-packages/macrobot_action_gateway/__pycache__/action_manager.cpython-312.pyc
/home/dyddl2082/MacRobot/src/install/macrobot_action_gateway/lib/python3.12/site-packages/macrobot_action_gateway/__pycache__/gateway_protocol.cpython-312.pyc
/home/dyddl2082/MacRobot/src/install/macrobot_action_gateway/lib/python3.12/site-packages/macrobot_action_gateway/__pycache__/ast_validator.cpython-312.pyc
/home/dyddl2082/MacRobot/src/install/macrobot_action_gateway/lib/python3.12/site-packages/macrobot_action_gateway/__pycache__/__init__.cpython-312.pyc
/home/dyddl2082/MacRobot/src/install/macrobot_action_gateway/lib/python3.12/site-packages/macrobot_action_gateway/__pycache__/code_runner.cpython-312.pyc
/home/dyddl2082/MacRobot/src/install/macrobot_action_gateway/lib/python3.12/site-packages/macrobot_action_gateway/__pycache__/gateway_node.cpython-312.pyc
/home/dyddl2082/MacRobot/src/install/macrobot_action_gateway/lib/python3.12/site-packages/macrobot_action_gateway/__pycache__/gateway_runtime.cpython-312.pyc
/home/dyddl2082/MacRobot/src/install/macrobot_action_gateway/lib/python3.12/site-packages/macrobot_action_gateway/__pycache__/event_stream.cpython-312.pyc
/home/dyddl2082/MacRobot/src/install/macrobot_action_gateway/lib/python3.12/site-packages/macrobot_action_gateway/__pycache__/resource_manager.cpython-312.pyc
/home/dyddl2082/MacRobot/src/install/macrobot_action_gateway/lib/python3.12/site-packages/macrobot_action_gateway/__pycache__/state_store.cpython-312.pyc
/home/dyddl2082/MacRobot/src/install/macrobot_action_gateway/lib/python3.12/site-packages/macrobot_action_gateway/__pycache__/bridge.cpython-312.pyc
/home/dyddl2082/MacRobot/src/install/macrobot_action_gateway/lib/python3.12/site-packages/macrobot_action_gateway/__pycache__/robot_facade.cpython-312.pyc
/home/dyddl2082/MacRobot/src/install/macrobot_action_gateway/lib/python3.12/site-packages/macrobot_action_gateway/__pycache__/api_types.cpython-312.pyc
/home/dyddl2082/MacRobot/src/install/macrobot_action_gateway/lib/python3.12/site-packages/macrobot_action_gateway/__pycache__/gateway_cli.cpython-312.pyc
/home/dyddl2082/MacRobot/src/install/macrobot_action_gateway/share/ament_index/resource_index/packages/macrobot_action_gateway
/home/dyddl2082/MacRobot/src/install/macrobot_action_gateway/share/macrobot_action_gateway/package.xml
/home/dyddl2082/MacRobot/src/install/macrobot_action_gateway/share/macrobot_action_gateway/LICENSE
/home/dyddl2082/MacRobot/src/install/macrobot_action_gateway/share/macrobot_action_gateway/launch/action_gateway.launch.py
/home/dyddl2082/MacRobot/src/install/macrobot_action_gateway/share/macrobot_action_gateway/config/api_registry.yaml
/home/dyddl2082/MacRobot/src/install/macrobot_action_gateway/share/macrobot_action_gateway/config/object_catalog.yaml
/home/dyddl2082/MacRobot/src/install/macrobot_action_gateway/share/macrobot_action_gateway/config/gateway.yaml
/home/dyddl2082/MacRobot/src/install/macrobot_action_gateway/share/macrobot_action_gateway/examples/arm_then_gripper.py
/home/dyddl2082/MacRobot/src/install/macrobot_action_gateway/share/macrobot_action_gateway/examples/get_state.py
/home/dyddl2082/MacRobot/src/install/macrobot_action_gateway/share/macrobot_action_gateway/examples/pick_buds3.py
/home/dyddl2082/MacRobot/src/install/macrobot_action_gateway/share/macrobot_action_gateway/examples/move_then_turn.py
/home/dyddl2082/MacRobot/src/install/macrobot_action_gateway/share/macrobot_action_gateway/docs/ROS_MAPPING_KO.md
/home/dyddl2082/MacRobot/src/install/macrobot_action_gateway/share/macrobot_action_gateway/docs/QUICK_TEST_KO.md
/home/dyddl2082/MacRobot/src/install/macrobot_action_gateway/share/macrobot_action_gateway/docs/IMPLEMENTATION_MATRIX_KO.md
/home/dyddl2082/MacRobot/src/install/macrobot_action_gateway/share/macrobot_action_gateway/docs/SECURITY_AND_LIMITATIONS_KO.md
/home/dyddl2082/MacRobot/src/install/macrobot_action_gateway/share/macrobot_action_gateway/docs/NEXT_ACTION_DECISION_KO.md
/home/dyddl2082/MacRobot/src/install/macrobot_action_gateway/lib/python3.12/site-packages/macrobot_action_gateway-0.1.1-py3.12.egg-info/requires.txt
/home/dyddl2082/MacRobot/src/install/macrobot_action_gateway/lib/python3.12/site-packages/macrobot_action_gateway-0.1.1-py3.12.egg-info/dependency_links.txt
/home/dyddl2082/MacRobot/src/install/macrobot_action_gateway/lib/python3.12/site-packages/macrobot_action_gateway-0.1.1-py3.12.egg-info/entry_points.txt
/home/dyddl2082/MacRobot/src/install/macrobot_action_gateway/lib/python3.12/site-packages/macrobot_action_gateway-0.1.1-py3.12.egg-info/SOURCES.txt
/home/dyddl2082/MacRobot/src/install/macrobot_action_gateway/lib/python3.12/site-packages/macrobot_action_gateway-0.1.1-py3.12.egg-info/top_level.txt
/home/dyddl2082/MacRobot/src/install/macrobot_action_gateway/lib/python3.12/site-packages/macrobot_action_gateway-0.1.1-py3.12.egg-info/PKG-INFO
/home/dyddl2082/MacRobot/src/install/macrobot_action_gateway/lib/python3.12/site-packages/macrobot_action_gateway-0.1.1-py3.12.egg-info/zip-safe
/home/dyddl2082/MacRobot/src/install/macrobot_action_gateway/lib/macrobot_action_gateway/action_gateway_cli
/home/dyddl2082/MacRobot/src/install/macrobot_action_gateway/lib/macrobot_action_gateway/action_gateway_node
/home/dyddl2082/MacRobot/src/install/macrobot_action_gateway/lib/macrobot_action_gateway/robot_code_runner
