-- The C compiler identification is GNU 13.3.0
-- The CXX compiler identification is GNU 13.3.0
-- Detecting C compiler ABI info
-- Detecting C compiler ABI info - done
-- Check for working C compiler: /usr/bin/cc - skipped
-- Detecting C compile features
-- Detecting C compile features - done
-- Detecting CXX compiler ABI info
-- Detecting CXX compiler ABI info - done
-- Check for working CXX compiler: /usr/bin/c++ - skipped
-- Detecting CXX compile features
-- Detecting CXX compile features - done
-- Found ament_cmake: 2.5.6 (/opt/ros/jazzy/share/ament_cmake/cmake)
-- Found Python3: /usr/bin/python3 (found version "3.12.3") found components: Interpreter 
-- Found rclcpp: 28.1.21 (/opt/ros/jazzy/share/rclcpp/cmake)
-- Found rosidl_generator_c: 4.6.9 (/opt/ros/jazzy/share/rosidl_generator_c/cmake)
-- Found rosidl_generator_cpp: 4.6.9 (/opt/ros/jazzy/share/rosidl_generator_cpp/cmake)
-- Using all available rosidl_typesupport_c: rosidl_typesupport_fastrtps_c;rosidl_typesupport_introspection_c
-- Using all available rosidl_typesupport_cpp: rosidl_typesupport_fastrtps_cpp;rosidl_typesupport_introspection_cpp
-- Found rmw_implementation_cmake: 7.3.3 (/opt/ros/jazzy/share/rmw_implementation_cmake/cmake)
-- Found rmw_fastrtps_cpp: 8.4.4 (/opt/ros/jazzy/share/rmw_fastrtps_cpp/cmake)
-- Found OpenSSL: /usr/lib/x86_64-linux-gnu/libcrypto.so (found version "3.0.13")  
-- Found FastRTPS: /opt/ros/jazzy/include (Required is at least version "2.13") 
-- Using RMW implementation 'rmw_fastrtps_cpp' as default
-- Found std_msgs: 5.3.8 (/opt/ros/jazzy/share/std_msgs/cmake)
-- Found geometry_msgs: 5.3.8 (/opt/ros/jazzy/share/geometry_msgs/cmake)
-- Found shape_msgs: 5.3.8 (/opt/ros/jazzy/share/shape_msgs/cmake)
-- Found moveit_core: 2.12.4 (/opt/ros/jazzy/share/moveit_core/cmake)
-- Found Boost: /usr/lib/x86_64-linux-gnu/cmake/Boost-1.83.0/BoostConfig.cmake (found version "1.83.0") found components: chrono date_time filesystem iostreams program_options regex serialization system thread 
-- Found parameter_traits: 0.7.3 (/opt/ros/jazzy/share/parameter_traits/cmake)
-- Found rclcpp_lifecycle: 28.1.21 (/opt/ros/jazzy/share/rclcpp_lifecycle/cmake)
-- Found Eigen3: TRUE (found version "3.4.0") 
-- Ensuring Eigen3 include directory is part of orocos-kdl CMake target
-- Found moveit_ros_planning: 2.12.4 (/opt/ros/jazzy/share/moveit_ros_planning/cmake)
-- Found Boost: /usr/lib/x86_64-linux-gnu/cmake/Boost-1.83.0/BoostConfig.cmake (found version "1.83.0") found components: system filesystem date_time program_options thread chrono 
-- Configuring done (23.1s)
-- Generating done (0.1s)
-- Build files have been written to: /home/dyddl2082/MacRobot/src/build/macrobot_safe_region
[ 50%] [32mBuilding CXX object CMakeFiles/safe_region_generator.dir/src/safe_region_generator.cpp.o[0m
[100%] [32m[1mLinking CXX executable safe_region_generator[0m
[100%] Built target safe_region_generator
-- Install configuration: ""
-- Installing: /home/dyddl2082/MacRobot/src/install/macrobot_safe_region/lib/macrobot_safe_region/safe_region_generator
-- Set non-toolchain portion of runtime path of "/home/dyddl2082/MacRobot/src/install/macrobot_safe_region/lib/macrobot_safe_region/safe_region_generator" to ""
-- Installing: /home/dyddl2082/MacRobot/src/install/macrobot_safe_region/share/macrobot_safe_region/config
-- Installing: /home/dyddl2082/MacRobot/src/install/macrobot_safe_region/share/macrobot_safe_region/config/actuator_limits.yaml
-- Installing: /home/dyddl2082/MacRobot/src/install/macrobot_safe_region/share/macrobot_safe_region/config/full_fine_scan.yaml
-- Installing: /home/dyddl2082/MacRobot/src/install/macrobot_safe_region/share/macrobot_safe_region/config/fine_scan.yaml
-- Installing: /home/dyddl2082/MacRobot/src/install/macrobot_safe_region/share/macrobot_safe_region/config/full_coarse_scan.yaml
-- Installing: /home/dyddl2082/MacRobot/src/install/macrobot_safe_region/share/macrobot_safe_region/config/coarse_scan.yaml
-- Installing: /home/dyddl2082/MacRobot/src/install/macrobot_safe_region/share/macrobot_safe_region/launch
-- Installing: /home/dyddl2082/MacRobot/src/install/macrobot_safe_region/share/macrobot_safe_region/launch/generate_safe_region_exact_gripper.launch.py
-- Installing: /home/dyddl2082/MacRobot/src/install/macrobot_safe_region/share/macrobot_safe_region/launch/generate_safe_region.launch.py
-- Installing: /home/dyddl2082/MacRobot/src/install/macrobot_safe_region/share/macrobot_safe_region/launch/generate_safe_region_full.launch.py
-- Installing: /home/dyddl2082/MacRobot/src/install/macrobot_safe_region/share/macrobot_safe_region/scripts
-- Installing: /home/dyddl2082/MacRobot/src/install/macrobot_safe_region/share/macrobot_safe_region/scripts/compare_safe_regions.py
-- Installing: /home/dyddl2082/MacRobot/src/install/macrobot_safe_region/share/macrobot_safe_region/scripts/print_initial_servo_angles.py
-- Installing: /home/dyddl2082/MacRobot/src/install/macrobot_safe_region/share/macrobot_safe_region/scripts/plot_safe_region.py
-- Installing: /home/dyddl2082/MacRobot/src/install/macrobot_safe_region/share/ament_index/resource_index/package_run_dependencies/macrobot_safe_region
-- Installing: /home/dyddl2082/MacRobot/src/install/macrobot_safe_region/share/ament_index/resource_index/parent_prefix_path/macrobot_safe_region
-- Installing: /home/dyddl2082/MacRobot/src/install/macrobot_safe_region/share/macrobot_safe_region/environment/ament_prefix_path.sh
-- Installing: /home/dyddl2082/MacRobot/src/install/macrobot_safe_region/share/macrobot_safe_region/environment/ament_prefix_path.dsv
-- Installing: /home/dyddl2082/MacRobot/src/install/macrobot_safe_region/share/macrobot_safe_region/environment/path.sh
-- Installing: /home/dyddl2082/MacRobot/src/install/macrobot_safe_region/share/macrobot_safe_region/environment/path.dsv
-- Installing: /home/dyddl2082/MacRobot/src/install/macrobot_safe_region/share/macrobot_safe_region/local_setup.bash
-- Installing: /home/dyddl2082/MacRobot/src/install/macrobot_safe_region/share/macrobot_safe_region/local_setup.sh
-- Installing: /home/dyddl2082/MacRobot/src/install/macrobot_safe_region/share/macrobot_safe_region/local_setup.zsh
-- Installing: /home/dyddl2082/MacRobot/src/install/macrobot_safe_region/share/macrobot_safe_region/local_setup.dsv
-- Installing: /home/dyddl2082/MacRobot/src/install/macrobot_safe_region/share/macrobot_safe_region/package.dsv
-- Installing: /home/dyddl2082/MacRobot/src/install/macrobot_safe_region/share/ament_index/resource_index/packages/macrobot_safe_region
-- Installing: /home/dyddl2082/MacRobot/src/install/macrobot_safe_region/share/macrobot_safe_region/cmake/macrobot_safe_regionConfig.cmake
-- Installing: /home/dyddl2082/MacRobot/src/install/macrobot_safe_region/share/macrobot_safe_region/cmake/macrobot_safe_regionConfig-version.cmake
-- Installing: /home/dyddl2082/MacRobot/src/install/macrobot_safe_region/share/macrobot_safe_region/package.xml
