[0.727s] Invoking command in '/home/dyddl2082/MacRobot/src/build/macrobot_safe_region': AMENT_PREFIX_PATH=/home/dyddl2082/MacRobot/src/install/macrobot_moveit_config:/home/dyddl2082/MacRobot/src/install/macrobot_description:/home/dyddl2082/MacRobot/src/install/macrobot_arm_kinematics:${AMENT_PREFIX_PATH} CMAKE_PREFIX_PATH=/home/dyddl2082/MacRobot/src/install/macrobot_moveit_config:/home/dyddl2082/MacRobot/src/install/macrobot_description:/home/dyddl2082/MacRobot/install/macrobot_safe_region:/home/dyddl2082/MacRobot/install/macrobot_moveit_config:/home/dyddl2082/MacRobot/install/macrobot_interfaces:/home/dyddl2082/MacRobot/install/macrobot_description:/opt/ros/jazzy/opt/gz_sim_vendor:/opt/ros/jazzy/opt/gz_sensors_vendor:/opt/ros/jazzy/opt/gz_physics_vendor:/opt/ros/jazzy/opt/sdformat_vendor:/opt/ros/jazzy/opt/gz_gui_vendor:/opt/ros/jazzy/opt/gz_transport_vendor:/opt/ros/jazzy/opt/gz_rendering_vendor:/opt/ros/jazzy/opt/gz_plugin_vendor:/opt/ros/jazzy/opt/gz_fuel_tools_vendor:/opt/ros/jazzy/opt/gz_msgs_vendor:/opt/ros/jazzy/opt/gz_common_vendor:/opt/ros/jazzy/opt/gz_math_vendor:/opt/ros/jazzy/opt/gz_utils_vendor:/opt/ros/jazzy/opt/gz_tools_vendor:/opt/ros/jazzy/opt/gz_ogre_next_vendor:/opt/ros/jazzy/opt/gz_dartsim_vendor:/opt/ros/jazzy/opt/gz_cmake_vendor:/home/dyddl2082/MacRobot/install/macrobot_pick_pipeline:/home/dyddl2082/MacRobot/install/pico_debug:/home/dyddl2082/MacRobot/install/macrobot_teleop:/home/dyddl2082/MacRobot/install/macrobot_arm_commissioning:/home/dyddl2082/MacRobot/install/macrobot_arm_control:/home/dyddl2082/MacRobot/install/macrobot_object_finder:/home/dyddl2082/MacRobot/install/macrobot_perception:/home/dyddl2082/MacRobot/install/depth_candidate_proposal:/home/dyddl2082/MacRobot/install/macrobot_arm_kinematics:/home/dyddl2082/MacRobot/install/d435_capture_crop:/opt/ros/jazzy PYTHONPATH=/home/dyddl2082/MacRobot/src/install/macrobot_arm_kinematics/lib/python3.12/site-packages:${PYTHONPATH} /usr/bin/cmake /home/dyddl2082/MacRobot/src/macrobot_safe_region -DCMAKE_INSTALL_PREFIX=/home/dyddl2082/MacRobot/src/install/macrobot_safe_region
[1.126s] -- The C compiler identification is GNU 13.3.0
[5.178s] -- The CXX compiler identification is GNU 13.3.0
[8.846s] -- Detecting C compiler ABI info
[9.519s] -- Detecting C compiler ABI info - done
[9.527s] -- Check for working C compiler: /usr/bin/cc - skipped
[9.528s] -- Detecting C compile features
[9.528s] -- Detecting C compile features - done
[9.779s] -- Detecting CXX compiler ABI info
[10.426s] -- Detecting CXX compiler ABI info - done
[10.442s] -- Check for working CXX compiler: /usr/bin/c++ - skipped
[10.443s] -- Detecting CXX compile features
[10.446s] -- Detecting CXX compile features - done
[10.459s] -- Found ament_cmake: 2.5.6 (/opt/ros/jazzy/share/ament_cmake/cmake)
[10.923s] -- Found Python3: /usr/bin/python3 (found version "3.12.3") found components: Interpreter 
[11.214s] -- Found rclcpp: 28.1.21 (/opt/ros/jazzy/share/rclcpp/cmake)
[11.698s] -- Found rosidl_generator_c: 4.6.9 (/opt/ros/jazzy/share/rosidl_generator_c/cmake)
[11.751s] -- Found rosidl_generator_cpp: 4.6.9 (/opt/ros/jazzy/share/rosidl_generator_cpp/cmake)
[11.837s] -- Using all available rosidl_typesupport_c: rosidl_typesupport_fastrtps_c;rosidl_typesupport_introspection_c
[11.933s] -- Using all available rosidl_typesupport_cpp: rosidl_typesupport_fastrtps_cpp;rosidl_typesupport_introspection_cpp
[12.159s] -- Found rmw_implementation_cmake: 7.3.3 (/opt/ros/jazzy/share/rmw_implementation_cmake/cmake)
[12.179s] -- Found rmw_fastrtps_cpp: 8.4.4 (/opt/ros/jazzy/share/rmw_fastrtps_cpp/cmake)
[12.513s] -- Found OpenSSL: /usr/lib/x86_64-linux-gnu/libcrypto.so (found version "3.0.13")  
[13.112s] -- Found FastRTPS: /opt/ros/jazzy/include (Required is at least version "2.13") 
[13.576s] -- Using RMW implementation 'rmw_fastrtps_cpp' as default
[14.389s] -- Found std_msgs: 5.3.8 (/opt/ros/jazzy/share/std_msgs/cmake)
[14.433s] -- Found geometry_msgs: 5.3.8 (/opt/ros/jazzy/share/geometry_msgs/cmake)
[14.479s] -- Found shape_msgs: 5.3.8 (/opt/ros/jazzy/share/shape_msgs/cmake)
[14.546s] -- Found moveit_core: 2.12.4 (/opt/ros/jazzy/share/moveit_core/cmake)
[15.342s] -- Found Boost: /usr/lib/x86_64-linux-gnu/cmake/Boost-1.83.0/BoostConfig.cmake (found version "1.83.0") found components: chrono date_time filesystem iostreams program_options regex serialization system thread 
[21.194s] -- Found parameter_traits: 0.7.3 (/opt/ros/jazzy/share/parameter_traits/cmake)
[21.254s] [0mCMake Deprecation Warning at /opt/ros/jazzy/share/tl_expected/cmake/tl_expectedConfig.cmake:37 (message):
[21.254s]   Package 'tl_expected' is deprecated (This package will be removed in ROS 2
[21.254s]   Lyrical Luth.
[21.254s] 
[21.254s]         Use tl/expected.hpp from libexpected-dev,
[21.254s]         or rcpputils/tl_expected/expected.hpp if the system header is not available)
[21.254s] Call Stack (most recent call first):
[21.254s]   /opt/ros/jazzy/share/parameter_traits/cmake/ament_cmake_export_dependencies-extras.cmake:21 (find_package)
[21.254s]   /opt/ros/jazzy/share/parameter_traits/cmake/parameter_traitsConfig.cmake:41 (include)
[21.254s]   /opt/ros/jazzy/share/generate_parameter_library/cmake/generate_parameter_library-extras.cmake:30 (find_package)
[21.255s]   /opt/ros/jazzy/share/generate_parameter_library/cmake/generate_parameter_libraryConfig.cmake:41 (include)
[21.255s]   /opt/ros/jazzy/share/moveit_core/cmake/ament_cmake_export_dependencies-extras.cmake:21 (find_package)
[21.255s]   /opt/ros/jazzy/share/moveit_core/cmake/moveit_coreConfig.cmake:41 (include)
[21.255s]   CMakeLists.txt:13 (find_package)
[21.255s] 
[21.255s] [0m
[21.292s] -- Found rclcpp_lifecycle: 28.1.21 (/opt/ros/jazzy/share/rclcpp_lifecycle/cmake)
[21.984s] -- Found Eigen3: TRUE (found version "3.4.0") 
[21.984s] -- Ensuring Eigen3 include directory is part of orocos-kdl CMake target
[23.331s] -- Found moveit_ros_planning: 2.12.4 (/opt/ros/jazzy/share/moveit_ros_planning/cmake)
[23.340s] -- Found Boost: /usr/lib/x86_64-linux-gnu/cmake/Boost-1.83.0/BoostConfig.cmake (found version "1.83.0") found components: system filesystem date_time program_options thread chrono 
[23.794s] -- Configuring done (23.1s)
[23.916s] -- Generating done (0.1s)
[23.943s] -- Build files have been written to: /home/dyddl2082/MacRobot/src/build/macrobot_safe_region
[23.978s] Invoked command in '/home/dyddl2082/MacRobot/src/build/macrobot_safe_region' returned '0': AMENT_PREFIX_PATH=/home/dyddl2082/MacRobot/src/install/macrobot_moveit_config:/home/dyddl2082/MacRobot/src/install/macrobot_description:/home/dyddl2082/MacRobot/src/install/macrobot_arm_kinematics:${AMENT_PREFIX_PATH} CMAKE_PREFIX_PATH=/home/dyddl2082/MacRobot/src/install/macrobot_moveit_config:/home/dyddl2082/MacRobot/src/install/macrobot_description:/home/dyddl2082/MacRobot/install/macrobot_safe_region:/home/dyddl2082/MacRobot/install/macrobot_moveit_config:/home/dyddl2082/MacRobot/install/macrobot_interfaces:/home/dyddl2082/MacRobot/install/macrobot_description:/opt/ros/jazzy/opt/gz_sim_vendor:/opt/ros/jazzy/opt/gz_sensors_vendor:/opt/ros/jazzy/opt/gz_physics_vendor:/opt/ros/jazzy/opt/sdformat_vendor:/opt/ros/jazzy/opt/gz_gui_vendor:/opt/ros/jazzy/opt/gz_transport_vendor:/opt/ros/jazzy/opt/gz_rendering_vendor:/opt/ros/jazzy/opt/gz_plugin_vendor:/opt/ros/jazzy/opt/gz_fuel_tools_vendor:/opt/ros/jazzy/opt/gz_msgs_vendor:/opt/ros/jazzy/opt/gz_common_vendor:/opt/ros/jazzy/opt/gz_math_vendor:/opt/ros/jazzy/opt/gz_utils_vendor:/opt/ros/jazzy/opt/gz_tools_vendor:/opt/ros/jazzy/opt/gz_ogre_next_vendor:/opt/ros/jazzy/opt/gz_dartsim_vendor:/opt/ros/jazzy/opt/gz_cmake_vendor:/home/dyddl2082/MacRobot/install/macrobot_pick_pipeline:/home/dyddl2082/MacRobot/install/pico_debug:/home/dyddl2082/MacRobot/install/macrobot_teleop:/home/dyddl2082/MacRobot/install/macrobot_arm_commissioning:/home/dyddl2082/MacRobot/install/macrobot_arm_control:/home/dyddl2082/MacRobot/install/macrobot_object_finder:/home/dyddl2082/MacRobot/install/macrobot_perception:/home/dyddl2082/MacRobot/install/depth_candidate_proposal:/home/dyddl2082/MacRobot/install/macrobot_arm_kinematics:/home/dyddl2082/MacRobot/install/d435_capture_crop:/opt/ros/jazzy PYTHONPATH=/home/dyddl2082/MacRobot/src/install/macrobot_arm_kinematics/lib/python3.12/site-packages:${PYTHONPATH} /usr/bin/cmake /home/dyddl2082/MacRobot/src/macrobot_safe_region -DCMAKE_INSTALL_PREFIX=/home/dyddl2082/MacRobot/src/install/macrobot_safe_region
[23.981s] Invoking command in '/home/dyddl2082/MacRobot/src/build/macrobot_safe_region': AMENT_PREFIX_PATH=/home/dyddl2082/MacRobot/src/install/macrobot_moveit_config:/home/dyddl2082/MacRobot/src/install/macrobot_description:/home/dyddl2082/MacRobot/src/install/macrobot_arm_kinematics:${AMENT_PREFIX_PATH} CMAKE_PREFIX_PATH=/home/dyddl2082/MacRobot/src/install/macrobot_moveit_config:/home/dyddl2082/MacRobot/src/install/macrobot_description:/home/dyddl2082/MacRobot/install/macrobot_safe_region:/home/dyddl2082/MacRobot/install/macrobot_moveit_config:/home/dyddl2082/MacRobot/install/macrobot_interfaces:/home/dyddl2082/MacRobot/install/macrobot_description:/opt/ros/jazzy/opt/gz_sim_vendor:/opt/ros/jazzy/opt/gz_sensors_vendor:/opt/ros/jazzy/opt/gz_physics_vendor:/opt/ros/jazzy/opt/sdformat_vendor:/opt/ros/jazzy/opt/gz_gui_vendor:/opt/ros/jazzy/opt/gz_transport_vendor:/opt/ros/jazzy/opt/gz_rendering_vendor:/opt/ros/jazzy/opt/gz_plugin_vendor:/opt/ros/jazzy/opt/gz_fuel_tools_vendor:/opt/ros/jazzy/opt/gz_msgs_vendor:/opt/ros/jazzy/opt/gz_common_vendor:/opt/ros/jazzy/opt/gz_math_vendor:/opt/ros/jazzy/opt/gz_utils_vendor:/opt/ros/jazzy/opt/gz_tools_vendor:/opt/ros/jazzy/opt/gz_ogre_next_vendor:/opt/ros/jazzy/opt/gz_dartsim_vendor:/opt/ros/jazzy/opt/gz_cmake_vendor:/home/dyddl2082/MacRobot/install/macrobot_pick_pipeline:/home/dyddl2082/MacRobot/install/pico_debug:/home/dyddl2082/MacRobot/install/macrobot_teleop:/home/dyddl2082/MacRobot/install/macrobot_arm_commissioning:/home/dyddl2082/MacRobot/install/macrobot_arm_control:/home/dyddl2082/MacRobot/install/macrobot_object_finder:/home/dyddl2082/MacRobot/install/macrobot_perception:/home/dyddl2082/MacRobot/install/depth_candidate_proposal:/home/dyddl2082/MacRobot/install/macrobot_arm_kinematics:/home/dyddl2082/MacRobot/install/d435_capture_crop:/opt/ros/jazzy PYTHONPATH=/home/dyddl2082/MacRobot/src/install/macrobot_arm_kinematics/lib/python3.12/site-packages:${PYTHONPATH} /usr/bin/cmake --build /home/dyddl2082/MacRobot/src/build/macrobot_safe_region -- -j18 -l18
[24.139s] [ 50%] [32mBuilding CXX object CMakeFiles/safe_region_generator.dir/src/safe_region_generator.cpp.o[0m
[31.192s] In file included from [01m[K/opt/ros/jazzy/include/parameter_traits/parameter_traits/parameter_traits.hpp:37[m[K,
[31.192s]                  from [01m[K/opt/ros/jazzy/include/moveit_ros_planning/kinematics_parameters.hpp:26[m[K,
[31.192s]                  from [01m[K/opt/ros/jazzy/include/moveit_ros_planning/moveit/kinematics_plugin_loader/kinematics_plugin_loader.hpp:43[m[K,
[31.192s]                  from [01m[K/opt/ros/jazzy/include/moveit_ros_planning/moveit/robot_model_loader/robot_model_loader.hpp:42[m[K,
[31.192s]                  from [01m[K/home/dyddl2082/MacRobot/src/macrobot_safe_region/src/safe_region_generator.cpp:4[m[K:
[31.192s] [01m[K/opt/ros/jazzy/include/tl_expected/expected.hpp:18:167:[m[K [01;36m[Knote: [m[K‘[01m[K#pragma message: tl_expected/expected.hpp is deprecated. Use <tl/expected.hpp> from libexpected-dev, or <rcpputils/tl_expected/expected.hpp> if the system header is not available.[m[K’
[31.192s]    18 | expected/expected.hpp> if the system header is not available."[01;36m[K)[m[K // NOLINT
[31.192s]       |                                                               [01;36m[K^[m[K
[31.193s] 
[38.217s] [100%] [32m[1mLinking CXX executable safe_region_generator[0m
[40.348s] [100%] Built target safe_region_generator
[40.372s] Invoked command in '/home/dyddl2082/MacRobot/src/build/macrobot_safe_region' returned '0': AMENT_PREFIX_PATH=/home/dyddl2082/MacRobot/src/install/macrobot_moveit_config:/home/dyddl2082/MacRobot/src/install/macrobot_description:/home/dyddl2082/MacRobot/src/install/macrobot_arm_kinematics:${AMENT_PREFIX_PATH} CMAKE_PREFIX_PATH=/home/dyddl2082/MacRobot/src/install/macrobot_moveit_config:/home/dyddl2082/MacRobot/src/install/macrobot_description:/home/dyddl2082/MacRobot/install/macrobot_safe_region:/home/dyddl2082/MacRobot/install/macrobot_moveit_config:/home/dyddl2082/MacRobot/install/macrobot_interfaces:/home/dyddl2082/MacRobot/install/macrobot_description:/opt/ros/jazzy/opt/gz_sim_vendor:/opt/ros/jazzy/opt/gz_sensors_vendor:/opt/ros/jazzy/opt/gz_physics_vendor:/opt/ros/jazzy/opt/sdformat_vendor:/opt/ros/jazzy/opt/gz_gui_vendor:/opt/ros/jazzy/opt/gz_transport_vendor:/opt/ros/jazzy/opt/gz_rendering_vendor:/opt/ros/jazzy/opt/gz_plugin_vendor:/opt/ros/jazzy/opt/gz_fuel_tools_vendor:/opt/ros/jazzy/opt/gz_msgs_vendor:/opt/ros/jazzy/opt/gz_common_vendor:/opt/ros/jazzy/opt/gz_math_vendor:/opt/ros/jazzy/opt/gz_utils_vendor:/opt/ros/jazzy/opt/gz_tools_vendor:/opt/ros/jazzy/opt/gz_ogre_next_vendor:/opt/ros/jazzy/opt/gz_dartsim_vendor:/opt/ros/jazzy/opt/gz_cmake_vendor:/home/dyddl2082/MacRobot/install/macrobot_pick_pipeline:/home/dyddl2082/MacRobot/install/pico_debug:/home/dyddl2082/MacRobot/install/macrobot_teleop:/home/dyddl2082/MacRobot/install/macrobot_arm_commissioning:/home/dyddl2082/MacRobot/install/macrobot_arm_control:/home/dyddl2082/MacRobot/install/macrobot_object_finder:/home/dyddl2082/MacRobot/install/macrobot_perception:/home/dyddl2082/MacRobot/install/depth_candidate_proposal:/home/dyddl2082/MacRobot/install/macrobot_arm_kinematics:/home/dyddl2082/MacRobot/install/d435_capture_crop:/opt/ros/jazzy PYTHONPATH=/home/dyddl2082/MacRobot/src/install/macrobot_arm_kinematics/lib/python3.12/site-packages:${PYTHONPATH} /usr/bin/cmake --build /home/dyddl2082/MacRobot/src/build/macrobot_safe_region -- -j18 -l18
[40.374s] Invoking command in '/home/dyddl2082/MacRobot/src/build/macrobot_safe_region': AMENT_PREFIX_PATH=/home/dyddl2082/MacRobot/src/install/macrobot_moveit_config:/home/dyddl2082/MacRobot/src/install/macrobot_description:/home/dyddl2082/MacRobot/src/install/macrobot_arm_kinematics:${AMENT_PREFIX_PATH} CMAKE_PREFIX_PATH=/home/dyddl2082/MacRobot/src/install/macrobot_moveit_config:/home/dyddl2082/MacRobot/src/install/macrobot_description:/home/dyddl2082/MacRobot/install/macrobot_safe_region:/home/dyddl2082/MacRobot/install/macrobot_moveit_config:/home/dyddl2082/MacRobot/install/macrobot_interfaces:/home/dyddl2082/MacRobot/install/macrobot_description:/opt/ros/jazzy/opt/gz_sim_vendor:/opt/ros/jazzy/opt/gz_sensors_vendor:/opt/ros/jazzy/opt/gz_physics_vendor:/opt/ros/jazzy/opt/sdformat_vendor:/opt/ros/jazzy/opt/gz_gui_vendor:/opt/ros/jazzy/opt/gz_transport_vendor:/opt/ros/jazzy/opt/gz_rendering_vendor:/opt/ros/jazzy/opt/gz_plugin_vendor:/opt/ros/jazzy/opt/gz_fuel_tools_vendor:/opt/ros/jazzy/opt/gz_msgs_vendor:/opt/ros/jazzy/opt/gz_common_vendor:/opt/ros/jazzy/opt/gz_math_vendor:/opt/ros/jazzy/opt/gz_utils_vendor:/opt/ros/jazzy/opt/gz_tools_vendor:/opt/ros/jazzy/opt/gz_ogre_next_vendor:/opt/ros/jazzy/opt/gz_dartsim_vendor:/opt/ros/jazzy/opt/gz_cmake_vendor:/home/dyddl2082/MacRobot/install/macrobot_pick_pipeline:/home/dyddl2082/MacRobot/install/pico_debug:/home/dyddl2082/MacRobot/install/macrobot_teleop:/home/dyddl2082/MacRobot/install/macrobot_arm_commissioning:/home/dyddl2082/MacRobot/install/macrobot_arm_control:/home/dyddl2082/MacRobot/install/macrobot_object_finder:/home/dyddl2082/MacRobot/install/macrobot_perception:/home/dyddl2082/MacRobot/install/depth_candidate_proposal:/home/dyddl2082/MacRobot/install/macrobot_arm_kinematics:/home/dyddl2082/MacRobot/install/d435_capture_crop:/opt/ros/jazzy PYTHONPATH=/home/dyddl2082/MacRobot/src/install/macrobot_arm_kinematics/lib/python3.12/site-packages:${PYTHONPATH} /usr/bin/cmake --install /home/dyddl2082/MacRobot/src/build/macrobot_safe_region
[40.383s] -- Install configuration: ""
[40.383s] -- Installing: /home/dyddl2082/MacRobot/src/install/macrobot_safe_region/lib/macrobot_safe_region/safe_region_generator
[40.384s] -- Set non-toolchain portion of runtime path of "/home/dyddl2082/MacRobot/src/install/macrobot_safe_region/lib/macrobot_safe_region/safe_region_generator" to ""
[40.385s] -- Installing: /home/dyddl2082/MacRobot/src/install/macrobot_safe_region/share/macrobot_safe_region/config
[40.385s] -- Installing: /home/dyddl2082/MacRobot/src/install/macrobot_safe_region/share/macrobot_safe_region/config/actuator_limits.yaml
[40.385s] -- Installing: /home/dyddl2082/MacRobot/src/install/macrobot_safe_region/share/macrobot_safe_region/config/full_fine_scan.yaml
[40.386s] -- Installing: /home/dyddl2082/MacRobot/src/install/macrobot_safe_region/share/macrobot_safe_region/config/fine_scan.yaml
[40.386s] -- Installing: /home/dyddl2082/MacRobot/src/install/macrobot_safe_region/share/macrobot_safe_region/config/full_coarse_scan.yaml
[40.386s] -- Installing: /home/dyddl2082/MacRobot/src/install/macrobot_safe_region/share/macrobot_safe_region/config/coarse_scan.yaml
[40.387s] -- Installing: /home/dyddl2082/MacRobot/src/install/macrobot_safe_region/share/macrobot_safe_region/launch
[40.387s] -- Installing: /home/dyddl2082/MacRobot/src/install/macrobot_safe_region/share/macrobot_safe_region/launch/generate_safe_region_exact_gripper.launch.py
[40.388s] -- Installing: /home/dyddl2082/MacRobot/src/install/macrobot_safe_region/share/macrobot_safe_region/launch/generate_safe_region.launch.py
[40.389s] -- Installing: /home/dyddl2082/MacRobot/src/install/macrobot_safe_region/share/macrobot_safe_region/launch/generate_safe_region_full.launch.py
[40.390s] -- Installing: /home/dyddl2082/MacRobot/src/install/macrobot_safe_region/share/macrobot_safe_region/scripts
[40.390s] -- Installing: /home/dyddl2082/MacRobot/src/install/macrobot_safe_region/share/macrobot_safe_region/scripts/compare_safe_regions.py
[40.390s] -- Installing: /home/dyddl2082/MacRobot/src/install/macrobot_safe_region/share/macrobot_safe_region/scripts/print_initial_servo_angles.py
[40.391s] -- Installing: /home/dyddl2082/MacRobot/src/install/macrobot_safe_region/share/macrobot_safe_region/scripts/plot_safe_region.py
[40.391s] -- Installing: /home/dyddl2082/MacRobot/src/install/macrobot_safe_region/share/ament_index/resource_index/package_run_dependencies/macrobot_safe_region
[40.391s] -- Installing: /home/dyddl2082/MacRobot/src/install/macrobot_safe_region/share/ament_index/resource_index/parent_prefix_path/macrobot_safe_region
[40.391s] -- Installing: /home/dyddl2082/MacRobot/src/install/macrobot_safe_region/share/macrobot_safe_region/environment/ament_prefix_path.sh
[40.391s] -- Installing: /home/dyddl2082/MacRobot/src/install/macrobot_safe_region/share/macrobot_safe_region/environment/ament_prefix_path.dsv
[40.392s] -- Installing: /home/dyddl2082/MacRobot/src/install/macrobot_safe_region/share/macrobot_safe_region/environment/path.sh
[40.392s] -- Installing: /home/dyddl2082/MacRobot/src/install/macrobot_safe_region/share/macrobot_safe_region/environment/path.dsv
[40.392s] -- Installing: /home/dyddl2082/MacRobot/src/install/macrobot_safe_region/share/macrobot_safe_region/local_setup.bash
[40.392s] -- Installing: /home/dyddl2082/MacRobot/src/install/macrobot_safe_region/share/macrobot_safe_region/local_setup.sh
[40.392s] -- Installing: /home/dyddl2082/MacRobot/src/install/macrobot_safe_region/share/macrobot_safe_region/local_setup.zsh
[40.393s] -- Installing: /home/dyddl2082/MacRobot/src/install/macrobot_safe_region/share/macrobot_safe_region/local_setup.dsv
[40.393s] -- Installing: /home/dyddl2082/MacRobot/src/install/macrobot_safe_region/share/macrobot_safe_region/package.dsv
[40.393s] -- Installing: /home/dyddl2082/MacRobot/src/install/macrobot_safe_region/share/ament_index/resource_index/packages/macrobot_safe_region
[40.393s] -- Installing: /home/dyddl2082/MacRobot/src/install/macrobot_safe_region/share/macrobot_safe_region/cmake/macrobot_safe_regionConfig.cmake
[40.394s] -- Installing: /home/dyddl2082/MacRobot/src/install/macrobot_safe_region/share/macrobot_safe_region/cmake/macrobot_safe_regionConfig-version.cmake
[40.394s] -- Installing: /home/dyddl2082/MacRobot/src/install/macrobot_safe_region/share/macrobot_safe_region/package.xml
[40.397s] Invoked command in '/home/dyddl2082/MacRobot/src/build/macrobot_safe_region' returned '0': AMENT_PREFIX_PATH=/home/dyddl2082/MacRobot/src/install/macrobot_moveit_config:/home/dyddl2082/MacRobot/src/install/macrobot_description:/home/dyddl2082/MacRobot/src/install/macrobot_arm_kinematics:${AMENT_PREFIX_PATH} CMAKE_PREFIX_PATH=/home/dyddl2082/MacRobot/src/install/macrobot_moveit_config:/home/dyddl2082/MacRobot/src/install/macrobot_description:/home/dyddl2082/MacRobot/install/macrobot_safe_region:/home/dyddl2082/MacRobot/install/macrobot_moveit_config:/home/dyddl2082/MacRobot/install/macrobot_interfaces:/home/dyddl2082/MacRobot/install/macrobot_description:/opt/ros/jazzy/opt/gz_sim_vendor:/opt/ros/jazzy/opt/gz_sensors_vendor:/opt/ros/jazzy/opt/gz_physics_vendor:/opt/ros/jazzy/opt/sdformat_vendor:/opt/ros/jazzy/opt/gz_gui_vendor:/opt/ros/jazzy/opt/gz_transport_vendor:/opt/ros/jazzy/opt/gz_rendering_vendor:/opt/ros/jazzy/opt/gz_plugin_vendor:/opt/ros/jazzy/opt/gz_fuel_tools_vendor:/opt/ros/jazzy/opt/gz_msgs_vendor:/opt/ros/jazzy/opt/gz_common_vendor:/opt/ros/jazzy/opt/gz_math_vendor:/opt/ros/jazzy/opt/gz_utils_vendor:/opt/ros/jazzy/opt/gz_tools_vendor:/opt/ros/jazzy/opt/gz_ogre_next_vendor:/opt/ros/jazzy/opt/gz_dartsim_vendor:/opt/ros/jazzy/opt/gz_cmake_vendor:/home/dyddl2082/MacRobot/install/macrobot_pick_pipeline:/home/dyddl2082/MacRobot/install/pico_debug:/home/dyddl2082/MacRobot/install/macrobot_teleop:/home/dyddl2082/MacRobot/install/macrobot_arm_commissioning:/home/dyddl2082/MacRobot/install/macrobot_arm_control:/home/dyddl2082/MacRobot/install/macrobot_object_finder:/home/dyddl2082/MacRobot/install/macrobot_perception:/home/dyddl2082/MacRobot/install/depth_candidate_proposal:/home/dyddl2082/MacRobot/install/macrobot_arm_kinematics:/home/dyddl2082/MacRobot/install/d435_capture_crop:/opt/ros/jazzy PYTHONPATH=/home/dyddl2082/MacRobot/src/install/macrobot_arm_kinematics/lib/python3.12/site-packages:${PYTHONPATH} /usr/bin/cmake --install /home/dyddl2082/MacRobot/src/build/macrobot_safe_region
