running egg_info
creating ../build/pico_debug/pico_debug.egg-info
writing ../build/pico_debug/pico_debug.egg-info/PKG-INFO
writing dependency_links to ../build/pico_debug/pico_debug.egg-info/dependency_links.txt
writing entry points to ../build/pico_debug/pico_debug.egg-info/entry_points.txt
writing requirements to ../build/pico_debug/pico_debug.egg-info/requires.txt
writing top-level names to ../build/pico_debug/pico_debug.egg-info/top_level.txt
writing manifest file '../build/pico_debug/pico_debug.egg-info/SOURCES.txt'
reading manifest file '../build/pico_debug/pico_debug.egg-info/SOURCES.txt'
writing manifest file '../build/pico_debug/pico_debug.egg-info/SOURCES.txt'
running build
running build_py
creating /home/dyddl2082/MacRobot/src/build/pico_debug/build
creating /home/dyddl2082/MacRobot/src/build/pico_debug/build/lib
creating /home/dyddl2082/MacRobot/src/build/pico_debug/build/lib/pico_debug
copying pico_debug/__init__.py -> /home/dyddl2082/MacRobot/src/build/pico_debug/build/lib/pico_debug
copying pico_debug/pico_debug_node.py -> /home/dyddl2082/MacRobot/src/build/pico_debug/build/lib/pico_debug
running install
running install_lib
creating /home/dyddl2082/MacRobot/src/install/pico_debug/lib/python3.12/site-packages/pico_debug
copying /home/dyddl2082/MacRobot/src/build/pico_debug/build/lib/pico_debug/__init__.py -> /home/dyddl2082/MacRobot/src/install/pico_debug/lib/python3.12/site-packages/pico_debug
copying /home/dyddl2082/MacRobot/src/build/pico_debug/build/lib/pico_debug/pico_debug_node.py -> /home/dyddl2082/MacRobot/src/install/pico_debug/lib/python3.12/site-packages/pico_debug
byte-compiling /home/dyddl2082/MacRobot/src/install/pico_debug/lib/python3.12/site-packages/pico_debug/__init__.py to __init__.cpython-312.pyc
byte-compiling /home/dyddl2082/MacRobot/src/install/pico_debug/lib/python3.12/site-packages/pico_debug/pico_debug_node.py to pico_debug_node.cpython-312.pyc
running install_data
creating /home/dyddl2082/MacRobot/src/install/pico_debug/share/ament_index
creating /home/dyddl2082/MacRobot/src/install/pico_debug/share/ament_index/resource_index
creating /home/dyddl2082/MacRobot/src/install/pico_debug/share/ament_index/resource_index/packages
copying resource/pico_debug -> /home/dyddl2082/MacRobot/src/install/pico_debug/share/ament_index/resource_index/packages
copying package.xml -> /home/dyddl2082/MacRobot/src/install/pico_debug/share/pico_debug
running install_egg_info
Copying ../build/pico_debug/pico_debug.egg-info to /home/dyddl2082/MacRobot/src/install/pico_debug/lib/python3.12/site-packages/pico_debug-0.0.0-py3.12.egg-info
running install_scripts
Installing pico_debug_node script to /home/dyddl2082/MacRobot/src/install/pico_debug/lib/pico_debug
writing list of installed files to '/home/dyddl2082/MacRobot/src/build/pico_debug/install.log'
