[3.973s] Invoking command in '/home/dyddl2082/MacRobot/src/pico_debug': PYTHONPATH=/home/dyddl2082/MacRobot/src/build/pico_debug/prefix_override:/usr/lib/python3/dist-packages/colcon_core/task/python/colcon_distutils_commands:/home/dyddl2082/MacRobot/src/install/pico_debug/lib/python3.12/site-packages:${PYTHONPATH} /usr/bin/python3 -W ignore:setup.py install is deprecated -W ignore:easy_install command is deprecated setup.py egg_info --egg-base ../build/pico_debug build --build-base /home/dyddl2082/MacRobot/src/build/pico_debug/build install --record /home/dyddl2082/MacRobot/src/build/pico_debug/install.log --install-scripts $base/lib/pico_debug --single-version-externally-managed install_data
[4.583s] running egg_info
[4.583s] creating ../build/pico_debug/pico_debug.egg-info
[4.630s] writing ../build/pico_debug/pico_debug.egg-info/PKG-INFO
[4.630s] writing dependency_links to ../build/pico_debug/pico_debug.egg-info/dependency_links.txt
[4.631s] writing entry points to ../build/pico_debug/pico_debug.egg-info/entry_points.txt
[4.631s] writing requirements to ../build/pico_debug/pico_debug.egg-info/requires.txt
[4.631s] writing top-level names to ../build/pico_debug/pico_debug.egg-info/top_level.txt
[4.631s] writing manifest file '../build/pico_debug/pico_debug.egg-info/SOURCES.txt'
[4.708s] reading manifest file '../build/pico_debug/pico_debug.egg-info/SOURCES.txt'
[4.709s] writing manifest file '../build/pico_debug/pico_debug.egg-info/SOURCES.txt'
[4.710s] running build
[4.710s] running build_py
[4.710s] creating /home/dyddl2082/MacRobot/src/build/pico_debug/build
[4.713s] creating /home/dyddl2082/MacRobot/src/build/pico_debug/build/lib
[4.715s] creating /home/dyddl2082/MacRobot/src/build/pico_debug/build/lib/pico_debug
[4.717s] copying pico_debug/__init__.py -> /home/dyddl2082/MacRobot/src/build/pico_debug/build/lib/pico_debug
[4.719s] copying pico_debug/pico_debug_node.py -> /home/dyddl2082/MacRobot/src/build/pico_debug/build/lib/pico_debug
[4.722s] running install
[4.738s] running install_lib
[4.795s] creating /home/dyddl2082/MacRobot/src/install/pico_debug/lib/python3.12/site-packages/pico_debug
[4.795s] copying /home/dyddl2082/MacRobot/src/build/pico_debug/build/lib/pico_debug/__init__.py -> /home/dyddl2082/MacRobot/src/install/pico_debug/lib/python3.12/site-packages/pico_debug
[4.795s] copying /home/dyddl2082/MacRobot/src/build/pico_debug/build/lib/pico_debug/pico_debug_node.py -> /home/dyddl2082/MacRobot/src/install/pico_debug/lib/python3.12/site-packages/pico_debug
[4.796s] byte-compiling /home/dyddl2082/MacRobot/src/install/pico_debug/lib/python3.12/site-packages/pico_debug/__init__.py to __init__.cpython-312.pyc
[4.797s] byte-compiling /home/dyddl2082/MacRobot/src/install/pico_debug/lib/python3.12/site-packages/pico_debug/pico_debug_node.py to pico_debug_node.cpython-312.pyc
[4.799s] running install_data
[4.800s] creating /home/dyddl2082/MacRobot/src/install/pico_debug/share/ament_index
[4.800s] creating /home/dyddl2082/MacRobot/src/install/pico_debug/share/ament_index/resource_index
[4.800s] creating /home/dyddl2082/MacRobot/src/install/pico_debug/share/ament_index/resource_index/packages
[4.800s] copying resource/pico_debug -> /home/dyddl2082/MacRobot/src/install/pico_debug/share/ament_index/resource_index/packages
[4.801s] copying package.xml -> /home/dyddl2082/MacRobot/src/install/pico_debug/share/pico_debug
[4.801s] running install_egg_info
[4.846s] Copying ../build/pico_debug/pico_debug.egg-info to /home/dyddl2082/MacRobot/src/install/pico_debug/lib/python3.12/site-packages/pico_debug-0.0.0-py3.12.egg-info
[4.847s] running install_scripts
[5.152s] Installing pico_debug_node script to /home/dyddl2082/MacRobot/src/install/pico_debug/lib/pico_debug
[5.153s] writing list of installed files to '/home/dyddl2082/MacRobot/src/build/pico_debug/install.log'
[5.258s] Invoked command in '/home/dyddl2082/MacRobot/src/pico_debug' returned '0': PYTHONPATH=/home/dyddl2082/MacRobot/src/build/pico_debug/prefix_override:/usr/lib/python3/dist-packages/colcon_core/task/python/colcon_distutils_commands:/home/dyddl2082/MacRobot/src/install/pico_debug/lib/python3.12/site-packages:${PYTHONPATH} /usr/bin/python3 -W ignore:setup.py install is deprecated -W ignore:easy_install command is deprecated setup.py egg_info --egg-base ../build/pico_debug build --build-base /home/dyddl2082/MacRobot/src/build/pico_debug/build install --record /home/dyddl2082/MacRobot/src/build/pico_debug/install.log --install-scripts $base/lib/pico_debug --single-version-externally-managed install_data
