/home/dyddl2082/MacRobot/src/install/depth_candidate_proposal/lib/python3.12/site-packages/depth_candidate_proposal/aligned_depth_candidate_node.py
/home/dyddl2082/MacRobot/src/install/depth_candidate_proposal/lib/python3.12/site-packages/depth_candidate_proposal/__init__.py
/home/dyddl2082/MacRobot/src/install/depth_candidate_proposal/lib/python3.12/site-packages/depth_candidate_proposal/crop_core.py
/home/dyddl2082/MacRobot/src/install/depth_candidate_proposal/lib/python3.12/site-packages/depth_candidate_proposal/rgb_candidate_crop_node.py
/home/dyddl2082/MacRobot/src/install/depth_candidate_proposal/lib/python3.12/site-packages/depth_candidate_proposal/proposal_core.py
/home/dyddl2082/MacRobot/src/install/depth_candidate_proposal/lib/python3.12/site-packages/depth_candidate_proposal/__pycache__/aligned_depth_candidate_node.cpython-312.pyc
/home/dyddl2082/MacRobot/src/install/depth_candidate_proposal/lib/python3.12/site-packages/depth_candidate_proposal/__pycache__/__init__.cpython-312.pyc
/home/dyddl2082/MacRobot/src/install/depth_candidate_proposal/lib/python3.12/site-packages/depth_candidate_proposal/__pycache__/crop_core.cpython-312.pyc
/home/dyddl2082/MacRobot/src/install/depth_candidate_proposal/lib/python3.12/site-packages/depth_candidate_proposal/__pycache__/rgb_candidate_crop_node.cpython-312.pyc
/home/dyddl2082/MacRobot/src/install/depth_candidate_proposal/lib/python3.12/site-packages/depth_candidate_proposal/__pycache__/proposal_core.cpython-312.pyc
/home/dyddl2082/MacRobot/src/install/depth_candidate_proposal/share/ament_index/resource_index/packages/depth_candidate_proposal
/home/dyddl2082/MacRobot/src/install/depth_candidate_proposal/share/depth_candidate_proposal/package.xml
/home/dyddl2082/MacRobot/src/install/depth_candidate_proposal/share/depth_candidate_proposal/launch/edge_candidate_pipeline.launch.py
/home/dyddl2082/MacRobot/src/install/depth_candidate_proposal/share/depth_candidate_proposal/launch/depth_candidate.launch.py
/home/dyddl2082/MacRobot/src/install/depth_candidate_proposal/share/depth_candidate_proposal/launch/rgb_candidate_crop.launch.py
/home/dyddl2082/MacRobot/src/install/depth_candidate_proposal/share/depth_candidate_proposal/config/depth_candidate.yaml
/home/dyddl2082/MacRobot/src/install/depth_candidate_proposal/lib/python3.12/site-packages/depth_candidate_proposal-0.2.0-py3.12.egg-info/requires.txt
/home/dyddl2082/MacRobot/src/install/depth_candidate_proposal/lib/python3.12/site-packages/depth_candidate_proposal-0.2.0-py3.12.egg-info/dependency_links.txt
/home/dyddl2082/MacRobot/src/install/depth_candidate_proposal/lib/python3.12/site-packages/depth_candidate_proposal-0.2.0-py3.12.egg-info/entry_points.txt
/home/dyddl2082/MacRobot/src/install/depth_candidate_proposal/lib/python3.12/site-packages/depth_candidate_proposal-0.2.0-py3.12.egg-info/SOURCES.txt
/home/dyddl2082/MacRobot/src/install/depth_candidate_proposal/lib/python3.12/site-packages/depth_candidate_proposal-0.2.0-py3.12.egg-info/top_level.txt
/home/dyddl2082/MacRobot/src/install/depth_candidate_proposal/lib/python3.12/site-packages/depth_candidate_proposal-0.2.0-py3.12.egg-info/PKG-INFO
/home/dyddl2082/MacRobot/src/install/depth_candidate_proposal/lib/python3.12/site-packages/depth_candidate_proposal-0.2.0-py3.12.egg-info/zip-safe
/home/dyddl2082/MacRobot/src/install/depth_candidate_proposal/lib/depth_candidate_proposal/aligned_depth_candidate_node
/home/dyddl2082/MacRobot/src/install/depth_candidate_proposal/lib/depth_candidate_proposal/rgb_candidate_crop_node
