/home/dyddl2082/MacRobot/src/install/macrobot_pick_pipeline/lib/python3.12/site-packages/macrobot_pick_pipeline/pick_coordinator_node.py
/home/dyddl2082/MacRobot/src/install/macrobot_pick_pipeline/lib/python3.12/site-packages/macrobot_pick_pipeline/arm_demo_store.py
/home/dyddl2082/MacRobot/src/install/macrobot_pick_pipeline/lib/python3.12/site-packages/macrobot_pick_pipeline/arm_demo_recorder_node.py
/home/dyddl2082/MacRobot/src/install/macrobot_pick_pipeline/lib/python3.12/site-packages/macrobot_pick_pipeline/__init__.py
/home/dyddl2082/MacRobot/src/install/macrobot_pick_pipeline/lib/python3.12/site-packages/macrobot_pick_pipeline/arm_demo_cli.py
/home/dyddl2082/MacRobot/src/install/macrobot_pick_pipeline/lib/python3.12/site-packages/macrobot_pick_pipeline/teach_core.py
/home/dyddl2082/MacRobot/src/install/macrobot_pick_pipeline/lib/python3.12/site-packages/macrobot_pick_pipeline/camera_teach_node.py
/home/dyddl2082/MacRobot/src/install/macrobot_pick_pipeline/lib/python3.12/site-packages/macrobot_pick_pipeline/stored_object_pick_cli.py
/home/dyddl2082/MacRobot/src/install/macrobot_pick_pipeline/lib/python3.12/site-packages/macrobot_pick_pipeline/stored_object_pick_node.py
/home/dyddl2082/MacRobot/src/install/macrobot_pick_pipeline/lib/python3.12/site-packages/macrobot_pick_pipeline/stored_object_core.py
/home/dyddl2082/MacRobot/src/install/macrobot_pick_pipeline/lib/python3.12/site-packages/macrobot_pick_pipeline/pick_teach_node.py
/home/dyddl2082/MacRobot/src/install/macrobot_pick_pipeline/lib/python3.12/site-packages/macrobot_pick_pipeline/base_alignment_node.py
/home/dyddl2082/MacRobot/src/install/macrobot_pick_pipeline/lib/python3.12/site-packages/macrobot_pick_pipeline/profiles.py
/home/dyddl2082/MacRobot/src/install/macrobot_pick_pipeline/lib/python3.12/site-packages/macrobot_pick_pipeline/mock_perception_node.py
/home/dyddl2082/MacRobot/src/install/macrobot_pick_pipeline/lib/python3.12/site-packages/macrobot_pick_pipeline/base_alignment_cli.py
/home/dyddl2082/MacRobot/src/install/macrobot_pick_pipeline/lib/python3.12/site-packages/macrobot_pick_pipeline/grasp_frame_fit.py
/home/dyddl2082/MacRobot/src/install/macrobot_pick_pipeline/lib/python3.12/site-packages/macrobot_pick_pipeline/alignment_core.py
/home/dyddl2082/MacRobot/src/install/macrobot_pick_pipeline/lib/python3.12/site-packages/macrobot_pick_pipeline/visible_pick_test_node.py
/home/dyddl2082/MacRobot/src/install/macrobot_pick_pipeline/lib/python3.12/site-packages/macrobot_pick_pipeline/detection_localizer_node.py
/home/dyddl2082/MacRobot/src/install/macrobot_pick_pipeline/lib/python3.12/site-packages/macrobot_pick_pipeline/teach_store.py
/home/dyddl2082/MacRobot/src/install/macrobot_pick_pipeline/lib/python3.12/site-packages/macrobot_pick_pipeline/planner.py
/home/dyddl2082/MacRobot/src/install/macrobot_pick_pipeline/lib/python3.12/site-packages/macrobot_pick_pipeline/demo_core.py
/home/dyddl2082/MacRobot/src/install/macrobot_pick_pipeline/lib/python3.12/site-packages/macrobot_pick_pipeline/pick_teach_cli.py
/home/dyddl2082/MacRobot/src/install/macrobot_pick_pipeline/lib/python3.12/site-packages/macrobot_pick_pipeline/__pycache__/pick_coordinator_node.cpython-312.pyc
/home/dyddl2082/MacRobot/src/install/macrobot_pick_pipeline/lib/python3.12/site-packages/macrobot_pick_pipeline/__pycache__/arm_demo_store.cpython-312.pyc
/home/dyddl2082/MacRobot/src/install/macrobot_pick_pipeline/lib/python3.12/site-packages/macrobot_pick_pipeline/__pycache__/arm_demo_recorder_node.cpython-312.pyc
/home/dyddl2082/MacRobot/src/install/macrobot_pick_pipeline/lib/python3.12/site-packages/macrobot_pick_pipeline/__pycache__/__init__.cpython-312.pyc
/home/dyddl2082/MacRobot/src/install/macrobot_pick_pipeline/lib/python3.12/site-packages/macrobot_pick_pipeline/__pycache__/arm_demo_cli.cpython-312.pyc
/home/dyddl2082/MacRobot/src/install/macrobot_pick_pipeline/lib/python3.12/site-packages/macrobot_pick_pipeline/__pycache__/teach_core.cpython-312.pyc
/home/dyddl2082/MacRobot/src/install/macrobot_pick_pipeline/lib/python3.12/site-packages/macrobot_pick_pipeline/__pycache__/camera_teach_node.cpython-312.pyc
/home/dyddl2082/MacRobot/src/install/macrobot_pick_pipeline/lib/python3.12/site-packages/macrobot_pick_pipeline/__pycache__/stored_object_pick_cli.cpython-312.pyc
/home/dyddl2082/MacRobot/src/install/macrobot_pick_pipeline/lib/python3.12/site-packages/macrobot_pick_pipeline/__pycache__/stored_object_pick_node.cpython-312.pyc
/home/dyddl2082/MacRobot/src/install/macrobot_pick_pipeline/lib/python3.12/site-packages/macrobot_pick_pipeline/__pycache__/stored_object_core.cpython-312.pyc
/home/dyddl2082/MacRobot/src/install/macrobot_pick_pipeline/lib/python3.12/site-packages/macrobot_pick_pipeline/__pycache__/pick_teach_node.cpython-312.pyc
/home/dyddl2082/MacRobot/src/install/macrobot_pick_pipeline/lib/python3.12/site-packages/macrobot_pick_pipeline/__pycache__/base_alignment_node.cpython-312.pyc
/home/dyddl2082/MacRobot/src/install/macrobot_pick_pipeline/lib/python3.12/site-packages/macrobot_pick_pipeline/__pycache__/profiles.cpython-312.pyc
/home/dyddl2082/MacRobot/src/install/macrobot_pick_pipeline/lib/python3.12/site-packages/macrobot_pick_pipeline/__pycache__/mock_perception_node.cpython-312.pyc
/home/dyddl2082/MacRobot/src/install/macrobot_pick_pipeline/lib/python3.12/site-packages/macrobot_pick_pipeline/__pycache__/base_alignment_cli.cpython-312.pyc
/home/dyddl2082/MacRobot/src/install/macrobot_pick_pipeline/lib/python3.12/site-packages/macrobot_pick_pipeline/__pycache__/grasp_frame_fit.cpython-312.pyc
/home/dyddl2082/MacRobot/src/install/macrobot_pick_pipeline/lib/python3.12/site-packages/macrobot_pick_pipeline/__pycache__/alignment_core.cpython-312.pyc
/home/dyddl2082/MacRobot/src/install/macrobot_pick_pipeline/lib/python3.12/site-packages/macrobot_pick_pipeline/__pycache__/visible_pick_test_node.cpython-312.pyc
/home/dyddl2082/MacRobot/src/install/macrobot_pick_pipeline/lib/python3.12/site-packages/macrobot_pick_pipeline/__pycache__/detection_localizer_node.cpython-312.pyc
/home/dyddl2082/MacRobot/src/install/macrobot_pick_pipeline/lib/python3.12/site-packages/macrobot_pick_pipeline/__pycache__/teach_store.cpython-312.pyc
/home/dyddl2082/MacRobot/src/install/macrobot_pick_pipeline/lib/python3.12/site-packages/macrobot_pick_pipeline/__pycache__/planner.cpython-312.pyc
/home/dyddl2082/MacRobot/src/install/macrobot_pick_pipeline/lib/python3.12/site-packages/macrobot_pick_pipeline/__pycache__/demo_core.cpython-312.pyc
/home/dyddl2082/MacRobot/src/install/macrobot_pick_pipeline/lib/python3.12/site-packages/macrobot_pick_pipeline/__pycache__/pick_teach_cli.cpython-312.pyc
/home/dyddl2082/MacRobot/src/install/macrobot_pick_pipeline/share/ament_index/resource_index/packages/macrobot_pick_pipeline
/home/dyddl2082/MacRobot/src/install/macrobot_pick_pipeline/share/macrobot_pick_pipeline/package.xml
/home/dyddl2082/MacRobot/src/install/macrobot_pick_pipeline/share/macrobot_pick_pipeline/README.md
/home/dyddl2082/MacRobot/src/install/macrobot_pick_pipeline/share/macrobot_pick_pipeline/launch/arm_demo.launch.py
/home/dyddl2082/MacRobot/src/install/macrobot_pick_pipeline/share/macrobot_pick_pipeline/launch/real_camera_rviz.launch.py
/home/dyddl2082/MacRobot/src/install/macrobot_pick_pipeline/share/macrobot_pick_pipeline/launch/pick_pipeline_robot.launch.py
/home/dyddl2082/MacRobot/src/install/macrobot_pick_pipeline/share/macrobot_pick_pipeline/launch/pick_teach.launch.py
/home/dyddl2082/MacRobot/src/install/macrobot_pick_pipeline/share/macrobot_pick_pipeline/launch/pick_pipeline_wsl.launch.py
/home/dyddl2082/MacRobot/src/install/macrobot_pick_pipeline/share/macrobot_pick_pipeline/launch/stored_object_pick.launch.py
/home/dyddl2082/MacRobot/src/install/macrobot_pick_pipeline/share/macrobot_pick_pipeline/launch/camera_teach.launch.py
/home/dyddl2082/MacRobot/src/install/macrobot_pick_pipeline/share/macrobot_pick_pipeline/config/stored_object_pick.yaml
/home/dyddl2082/MacRobot/src/install/macrobot_pick_pipeline/share/macrobot_pick_pipeline/config/pick_profiles.yaml
/home/dyddl2082/MacRobot/src/install/macrobot_pick_pipeline/share/macrobot_pick_pipeline/config/base_alignment.yaml
/home/dyddl2082/MacRobot/src/install/macrobot_pick_pipeline/share/macrobot_pick_pipeline/config/mock_perception.yaml
/home/dyddl2082/MacRobot/src/install/macrobot_pick_pipeline/share/macrobot_pick_pipeline/config/perception.yaml
/home/dyddl2082/MacRobot/src/install/macrobot_pick_pipeline/share/macrobot_pick_pipeline/config/stored_object_profiles.example.yaml
/home/dyddl2082/MacRobot/src/install/macrobot_pick_pipeline/share/macrobot_pick_pipeline/config/coordinator.yaml
/home/dyddl2082/MacRobot/src/install/macrobot_pick_pipeline/share/macrobot_pick_pipeline/config/teach.yaml
/home/dyddl2082/MacRobot/src/install/macrobot_pick_pipeline/share/macrobot_pick_pipeline/config/camera_teach.yaml
/home/dyddl2082/MacRobot/src/install/macrobot_pick_pipeline/share/macrobot_pick_pipeline/config/arm_demo.yaml
/home/dyddl2082/MacRobot/src/install/macrobot_pick_pipeline/share/macrobot_pick_pipeline/rviz/real_camera.rviz
/home/dyddl2082/MacRobot/src/install/macrobot_pick_pipeline/share/macrobot_pick_pipeline/rviz/pick_pipeline.rviz
/home/dyddl2082/MacRobot/src/install/macrobot_pick_pipeline/share/macrobot_pick_pipeline/docs/TEACH_REDESIGN_KO.md
/home/dyddl2082/MacRobot/src/install/macrobot_pick_pipeline/share/macrobot_pick_pipeline/docs/WSL2_TEST_KO.md
/home/dyddl2082/MacRobot/src/install/macrobot_pick_pipeline/share/macrobot_pick_pipeline/docs/REAL_CAMERA_LATER_KO.md
/home/dyddl2082/MacRobot/src/install/macrobot_pick_pipeline/share/macrobot_pick_pipeline/docs/CANCELLATION_CONTRACT_KO.md
/home/dyddl2082/MacRobot/src/install/macrobot_pick_pipeline/share/macrobot_pick_pipeline/docs/STORED_OBJECT_PICK_KO.md
/home/dyddl2082/MacRobot/src/install/macrobot_pick_pipeline/share/macrobot_pick_pipeline/docs/ARCHITECTURE_KO.md
/home/dyddl2082/MacRobot/src/install/macrobot_pick_pipeline/share/macrobot_pick_pipeline/docs/TEAM_GATEWAY_MAPPING_KO.md
/home/dyddl2082/MacRobot/src/install/macrobot_pick_pipeline/share/macrobot_pick_pipeline/docs/CAMERA_ARM_TEACH_KO.md
/home/dyddl2082/MacRobot/src/install/macrobot_pick_pipeline/share/macrobot_pick_pipeline/docs/OBJECT_FINDER_TEAM_INTERFACE_KO.md
/home/dyddl2082/MacRobot/src/install/macrobot_pick_pipeline/share/macrobot_pick_pipeline/docs/BASE_ALIGNMENT_AND_PICK_KO.md
/home/dyddl2082/MacRobot/src/install/macrobot_pick_pipeline/share/macrobot_pick_pipeline/docs/TEST_PROCEDURE_KO.md
/home/dyddl2082/MacRobot/src/install/macrobot_pick_pipeline/lib/python3.12/site-packages/macrobot_pick_pipeline-0.5.0-py3.12.egg-info/requires.txt
/home/dyddl2082/MacRobot/src/install/macrobot_pick_pipeline/lib/python3.12/site-packages/macrobot_pick_pipeline-0.5.0-py3.12.egg-info/dependency_links.txt
/home/dyddl2082/MacRobot/src/install/macrobot_pick_pipeline/lib/python3.12/site-packages/macrobot_pick_pipeline-0.5.0-py3.12.egg-info/entry_points.txt
/home/dyddl2082/MacRobot/src/install/macrobot_pick_pipeline/lib/python3.12/site-packages/macrobot_pick_pipeline-0.5.0-py3.12.egg-info/SOURCES.txt
/home/dyddl2082/MacRobot/src/install/macrobot_pick_pipeline/lib/python3.12/site-packages/macrobot_pick_pipeline-0.5.0-py3.12.egg-info/top_level.txt
/home/dyddl2082/MacRobot/src/install/macrobot_pick_pipeline/lib/python3.12/site-packages/macrobot_pick_pipeline-0.5.0-py3.12.egg-info/PKG-INFO
/home/dyddl2082/MacRobot/src/install/macrobot_pick_pipeline/lib/python3.12/site-packages/macrobot_pick_pipeline-0.5.0-py3.12.egg-info/zip-safe
/home/dyddl2082/MacRobot/src/install/macrobot_pick_pipeline/lib/macrobot_pick_pipeline/arm_demo_cli
/home/dyddl2082/MacRobot/src/install/macrobot_pick_pipeline/lib/macrobot_pick_pipeline/arm_demo_recorder_node
/home/dyddl2082/MacRobot/src/install/macrobot_pick_pipeline/lib/macrobot_pick_pipeline/base_alignment_cli
/home/dyddl2082/MacRobot/src/install/macrobot_pick_pipeline/lib/macrobot_pick_pipeline/base_alignment_node
/home/dyddl2082/MacRobot/src/install/macrobot_pick_pipeline/lib/macrobot_pick_pipeline/camera_teach_node
/home/dyddl2082/MacRobot/src/install/macrobot_pick_pipeline/lib/macrobot_pick_pipeline/detection_localizer_node
/home/dyddl2082/MacRobot/src/install/macrobot_pick_pipeline/lib/macrobot_pick_pipeline/mock_perception_node
/home/dyddl2082/MacRobot/src/install/macrobot_pick_pipeline/lib/macrobot_pick_pipeline/pick_coordinator_node
/home/dyddl2082/MacRobot/src/install/macrobot_pick_pipeline/lib/macrobot_pick_pipeline/pick_teach_cli
/home/dyddl2082/MacRobot/src/install/macrobot_pick_pipeline/lib/macrobot_pick_pipeline/pick_teach_node
/home/dyddl2082/MacRobot/src/install/macrobot_pick_pipeline/lib/macrobot_pick_pipeline/stored_object_pick_cli
/home/dyddl2082/MacRobot/src/install/macrobot_pick_pipeline/lib/macrobot_pick_pipeline/stored_object_pick_node
/home/dyddl2082/MacRobot/src/install/macrobot_pick_pipeline/lib/macrobot_pick_pipeline/visible_pick_test_node
