-- The C compiler identification is GNU 13.3.0
-- The CXX compiler identification is GNU 13.3.0
-- Detecting C compiler ABI info
-- Detecting C compiler ABI info - done
-- Check for working C compiler: /usr/bin/cc - skipped
-- Detecting C compile features
-- Detecting C compile features - done
-- Detecting CXX compiler ABI info
-- Detecting CXX compiler ABI info - done
-- Check for working CXX compiler: /usr/bin/c++ - skipped
-- Detecting CXX compile features
-- Detecting CXX compile features - done
-- Found ament_cmake: 2.5.6 (/opt/ros/jazzy/share/ament_cmake/cmake)
-- Found Python3: /usr/bin/python3 (found version "3.12.3") found components: Interpreter 
-- Found rosidl_default_generators: 1.6.1 (/opt/ros/jazzy/share/rosidl_default_generators/cmake)
-- Using all available rosidl_typesupport_c: rosidl_typesupport_fastrtps_c;rosidl_typesupport_introspection_c
-- Using all available rosidl_typesupport_cpp: rosidl_typesupport_fastrtps_cpp;rosidl_typesupport_introspection_cpp
-- Found rosidl_adapter: 4.6.9 (/opt/ros/jazzy/share/rosidl_adapter/cmake)
-- Found sensor_msgs: 5.3.8 (/opt/ros/jazzy/share/sensor_msgs/cmake)
-- Found ament_cmake_ros: 0.12.1 (/opt/ros/jazzy/share/ament_cmake_ros/cmake)
-- Using all available rosidl_typesupport_c: rosidl_typesupport_fastrtps_c;rosidl_typesupport_introspection_c
-- Using all available rosidl_typesupport_cpp: rosidl_typesupport_fastrtps_cpp;rosidl_typesupport_introspection_cpp
-- Found python_cmake_module: 0.11.1 (/opt/ros/jazzy/share/python_cmake_module/cmake)
-- Found PythonExtra: /usr/bin/python3  
-- Found Python3: /usr/bin/python3 (found version "3.12.3") found components: Interpreter Development NumPy Development.Module Development.Embed 
-- Found Python3: /usr/bin/python3 (found version "3.12.3") found components: Interpreter 
-- Configuring done (14.4s)
-- Generating done (0.1s)
-- Build files have been written to: /home/dyddl2082/MacRobot/src/build/macrobot_interfaces
[  1%] [34m[1mGenerating Rust code for ROS interfaces[0m
[  2%] [34m[1mGenerating type hashes for ROS interfaces[0m
[  2%] Built target ament_cmake_python_copy_macrobot_interfaces
running egg_info
creating macrobot_interfaces.egg-info
writing macrobot_interfaces.egg-info/PKG-INFO
writing dependency_links to macrobot_interfaces.egg-info/dependency_links.txt
writing top-level names to macrobot_interfaces.egg-info/top_level.txt
writing manifest file 'macrobot_interfaces.egg-info/SOURCES.txt'
reading manifest file 'macrobot_interfaces.egg-info/SOURCES.txt'
writing manifest file 'macrobot_interfaces.egg-info/SOURCES.txt'
[  2%] Built target ament_cmake_python_build_macrobot_interfaces_egg
[  2%] Built target macrobot_interfaces__rosidl_generator_type_description
[  3%] [34m[1mGenerating C code for ROS interfaces[0m
[  3%] [34m[1mGenerating C++ code for ROS interfaces[0m
[  3%] Built target macrobot_interfaces__rs
[  3%] Built target macrobot_interfaces__cpp
[  4%] [32mBuilding C object CMakeFiles/macrobot_interfaces__rosidl_generator_c.dir/rosidl_generator_c/macrobot_interfaces/msg/detail/depth_candidate__type_support.c.o[0m
[  6%] [32mBuilding C object CMakeFiles/macrobot_interfaces__rosidl_generator_c.dir/rosidl_generator_c/macrobot_interfaces/msg/detail/depth_candidate__description.c.o[0m
[  6%] [32mBuilding C object CMakeFiles/macrobot_interfaces__rosidl_generator_c.dir/rosidl_generator_c/macrobot_interfaces/msg/detail/depth_candidate__functions.c.o[0m
[  7%] [32mBuilding C object CMakeFiles/macrobot_interfaces__rosidl_generator_c.dir/rosidl_generator_c/macrobot_interfaces/msg/detail/depth_candidate_array__functions.c.o[0m
[  8%] [32mBuilding C object CMakeFiles/macrobot_interfaces__rosidl_generator_c.dir/rosidl_generator_c/macrobot_interfaces/msg/detail/rgb_candidate_crop__description.c.o[0m
[  9%] [32mBuilding C object CMakeFiles/macrobot_interfaces__rosidl_generator_c.dir/rosidl_generator_c/macrobot_interfaces/msg/detail/depth_candidate_array__type_support.c.o[0m
[ 11%] [32mBuilding C object CMakeFiles/macrobot_interfaces__rosidl_generator_c.dir/rosidl_generator_c/macrobot_interfaces/msg/detail/rgb_candidate_crop__type_support.c.o[0m
[ 11%] [32mBuilding C object CMakeFiles/macrobot_interfaces__rosidl_generator_c.dir/rosidl_generator_c/macrobot_interfaces/msg/detail/depth_candidate_array__description.c.o[0m
[ 15%] [32mBuilding C object CMakeFiles/macrobot_interfaces__rosidl_generator_c.dir/rosidl_generator_c/macrobot_interfaces/msg/detail/embedding_retrieval_result__description.c.o[0m
[ 15%] [32mBuilding C object CMakeFiles/macrobot_interfaces__rosidl_generator_c.dir/rosidl_generator_c/macrobot_interfaces/msg/detail/filtered_candidate_crop__description.c.o[0m
[ 17%] [32mBuilding C object CMakeFiles/macrobot_interfaces__rosidl_generator_c.dir/rosidl_generator_c/macrobot_interfaces/msg/detail/candidate_filter_result__functions.c.o[0m
[ 13%] [32mBuilding C object CMakeFiles/macrobot_interfaces__rosidl_generator_c.dir/rosidl_generator_c/macrobot_interfaces/msg/detail/rgb_candidate_crop__functions.c.o[0m
[ 17%] [32mBuilding C object CMakeFiles/macrobot_interfaces__rosidl_generator_c.dir/rosidl_generator_c/macrobot_interfaces/msg/detail/candidate_filter_result__description.c.o[0m
[ 17%] [32mBuilding C object CMakeFiles/macrobot_interfaces__rosidl_generator_c.dir/rosidl_generator_c/macrobot_interfaces/msg/detail/candidate_filter_result__type_support.c.o[0m
[ 18%] [32mBuilding C object CMakeFiles/macrobot_interfaces__rosidl_generator_c.dir/rosidl_generator_c/macrobot_interfaces/msg/detail/filtered_candidate_crop__functions.c.o[0m
[ 19%] [32mBuilding C object CMakeFiles/macrobot_interfaces__rosidl_generator_c.dir/rosidl_generator_c/macrobot_interfaces/msg/detail/embedding_retrieval_result__functions.c.o[0m
[ 20%] [32mBuilding C object CMakeFiles/macrobot_interfaces__rosidl_generator_c.dir/rosidl_generator_c/macrobot_interfaces/msg/detail/filtered_candidate_crop__type_support.c.o[0m
[ 21%] [32mBuilding C object CMakeFiles/macrobot_interfaces__rosidl_generator_c.dir/rosidl_generator_c/macrobot_interfaces/msg/detail/embedding_retrieval_result__type_support.c.o[0m
[ 21%] [32mBuilding C object CMakeFiles/macrobot_interfaces__rosidl_generator_c.dir/rosidl_generator_c/macrobot_interfaces/msg/detail/embedding_matched_candidate__description.c.o[0m
[ 22%] [32mBuilding C object CMakeFiles/macrobot_interfaces__rosidl_generator_c.dir/rosidl_generator_c/macrobot_interfaces/msg/detail/temporal_confirmation_result__description.c.o[0m
[ 23%] [32mBuilding C object CMakeFiles/macrobot_interfaces__rosidl_generator_c.dir/rosidl_generator_c/macrobot_interfaces/msg/detail/embedding_matched_candidate__functions.c.o[0m
[ 24%] [32mBuilding C object CMakeFiles/macrobot_interfaces__rosidl_generator_c.dir/rosidl_generator_c/macrobot_interfaces/msg/detail/embedding_matched_candidate__type_support.c.o[0m
[ 25%] [32mBuilding C object CMakeFiles/macrobot_interfaces__rosidl_generator_c.dir/rosidl_generator_c/macrobot_interfaces/msg/detail/temporal_confirmation_result__type_support.c.o[0m
[ 26%] [32mBuilding C object CMakeFiles/macrobot_interfaces__rosidl_generator_c.dir/rosidl_generator_c/macrobot_interfaces/msg/detail/temporal_confirmation_result__functions.c.o[0m
[ 27%] [32m[1mLinking C shared library libmacrobot_interfaces__rosidl_generator_c.so[0m
[ 27%] Built target macrobot_interfaces__rosidl_generator_c
[ 28%] [34m[1mGenerating C type support for eProsima Fast-RTPS[0m
[ 29%] [34m[1mGenerating C++ type support dispatch for ROS interfaces[0m
[ 30%] [34m[1mGenerating C type support dispatch for ROS interfaces[0m
[ 31%] [34m[1mGenerating C++ type support for eProsima Fast-RTPS[0m
[ 32%] [34m[1mGenerating C++ introspection for ROS interfaces[0m
[ 33%] [34m[1mGenerating C introspection for ROS interfaces[0m
[ 34%] [32mBuilding CXX object CMakeFiles/macrobot_interfaces__rosidl_typesupport_cpp.dir/rosidl_typesupport_cpp/macrobot_interfaces/msg/depth_candidate__type_support.cpp.o[0m
[ 35%] [32mBuilding CXX object CMakeFiles/macrobot_interfaces__rosidl_typesupport_cpp.dir/rosidl_typesupport_cpp/macrobot_interfaces/msg/depth_candidate_array__type_support.cpp.o[0m
[ 37%] [32mBuilding CXX object CMakeFiles/macrobot_interfaces__rosidl_typesupport_cpp.dir/rosidl_typesupport_cpp/macrobot_interfaces/msg/rgb_candidate_crop__type_support.cpp.o[0m
[ 37%] [32mBuilding CXX object CMakeFiles/macrobot_interfaces__rosidl_typesupport_cpp.dir/rosidl_typesupport_cpp/macrobot_interfaces/msg/filtered_candidate_crop__type_support.cpp.o[0m
[ 38%] [32mBuilding CXX object CMakeFiles/macrobot_interfaces__rosidl_typesupport_cpp.dir/rosidl_typesupport_cpp/macrobot_interfaces/msg/temporal_confirmation_result__type_support.cpp.o[0m
[ 39%] [32mBuilding CXX object CMakeFiles/macrobot_interfaces__rosidl_typesupport_cpp.dir/rosidl_typesupport_cpp/macrobot_interfaces/msg/embedding_matched_candidate__type_support.cpp.o[0m
[ 40%] [32mBuilding CXX object CMakeFiles/macrobot_interfaces__rosidl_typesupport_cpp.dir/rosidl_typesupport_cpp/macrobot_interfaces/msg/candidate_filter_result__type_support.cpp.o[0m
[ 41%] [32mBuilding CXX object CMakeFiles/macrobot_interfaces__rosidl_typesupport_cpp.dir/rosidl_typesupport_cpp/macrobot_interfaces/msg/embedding_retrieval_result__type_support.cpp.o[0m
[ 42%] [32mBuilding CXX object CMakeFiles/macrobot_interfaces__rosidl_typesupport_c.dir/rosidl_typesupport_c/macrobot_interfaces/msg/depth_candidate_array__type_support.cpp.o[0m
[ 43%] [32mBuilding CXX object CMakeFiles/macrobot_interfaces__rosidl_typesupport_c.dir/rosidl_typesupport_c/macrobot_interfaces/msg/depth_candidate__type_support.cpp.o[0m
[ 44%] [32mBuilding CXX object CMakeFiles/macrobot_interfaces__rosidl_typesupport_c.dir/rosidl_typesupport_c/macrobot_interfaces/msg/rgb_candidate_crop__type_support.cpp.o[0m
[ 44%] [32mBuilding CXX object CMakeFiles/macrobot_interfaces__rosidl_typesupport_c.dir/rosidl_typesupport_c/macrobot_interfaces/msg/candidate_filter_result__type_support.cpp.o[0m
[ 45%] [32mBuilding CXX object CMakeFiles/macrobot_interfaces__rosidl_typesupport_c.dir/rosidl_typesupport_c/macrobot_interfaces/msg/filtered_candidate_crop__type_support.cpp.o[0m
[ 46%] [32mBuilding CXX object CMakeFiles/macrobot_interfaces__rosidl_typesupport_c.dir/rosidl_typesupport_c/macrobot_interfaces/msg/embedding_retrieval_result__type_support.cpp.o[0m
[ 47%] [32mBuilding C object CMakeFiles/macrobot_interfaces__rosidl_typesupport_introspection_c.dir/rosidl_typesupport_introspection_c/macrobot_interfaces/msg/detail/depth_candidate__type_support.c.o[0m
[ 48%] [32mBuilding CXX object CMakeFiles/macrobot_interfaces__rosidl_typesupport_c.dir/rosidl_typesupport_c/macrobot_interfaces/msg/embedding_matched_candidate__type_support.cpp.o[0m
[ 49%] [32mBuilding C object CMakeFiles/macrobot_interfaces__rosidl_typesupport_introspection_c.dir/rosidl_typesupport_introspection_c/macrobot_interfaces/msg/detail/depth_candidate_array__type_support.c.o[0m
[ 50%] [32mBuilding CXX object CMakeFiles/macrobot_interfaces__rosidl_typesupport_c.dir/rosidl_typesupport_c/macrobot_interfaces/msg/temporal_confirmation_result__type_support.cpp.o[0m
[ 51%] [32mBuilding C object CMakeFiles/macrobot_interfaces__rosidl_typesupport_introspection_c.dir/rosidl_typesupport_introspection_c/macrobot_interfaces/msg/detail/rgb_candidate_crop__type_support.c.o[0m
[ 52%] [32mBuilding C object CMakeFiles/macrobot_interfaces__rosidl_typesupport_introspection_c.dir/rosidl_typesupport_introspection_c/macrobot_interfaces/msg/detail/candidate_filter_result__type_support.c.o[0m
[ 53%] [32mBuilding C object CMakeFiles/macrobot_interfaces__rosidl_typesupport_introspection_c.dir/rosidl_typesupport_introspection_c/macrobot_interfaces/msg/detail/filtered_candidate_crop__type_support.c.o[0m
[ 53%] [32mBuilding C object CMakeFiles/macrobot_interfaces__rosidl_typesupport_introspection_c.dir/rosidl_typesupport_introspection_c/macrobot_interfaces/msg/detail/embedding_retrieval_result__type_support.c.o[0m
[ 54%] [32m[1mLinking CXX shared library libmacrobot_interfaces__rosidl_typesupport_c.so[0m
[ 55%] [32mBuilding C object CMakeFiles/macrobot_interfaces__rosidl_typesupport_introspection_c.dir/rosidl_typesupport_introspection_c/macrobot_interfaces/msg/detail/embedding_matched_candidate__type_support.c.o[0m
[ 56%] [32mBuilding C object CMakeFiles/macrobot_interfaces__rosidl_typesupport_introspection_c.dir/rosidl_typesupport_introspection_c/macrobot_interfaces/msg/detail/temporal_confirmation_result__type_support.c.o[0m
[ 57%] [32mBuilding CXX object CMakeFiles/macrobot_interfaces__rosidl_typesupport_introspection_cpp.dir/rosidl_typesupport_introspection_cpp/macrobot_interfaces/msg/detail/depth_candidate__type_support.cpp.o[0m
[ 59%] [32mBuilding CXX object CMakeFiles/macrobot_interfaces__rosidl_typesupport_introspection_cpp.dir/rosidl_typesupport_introspection_cpp/macrobot_interfaces/msg/detail/rgb_candidate_crop__type_support.cpp.o[0m
[ 59%] [32mBuilding CXX object CMakeFiles/macrobot_interfaces__rosidl_typesupport_introspection_cpp.dir/rosidl_typesupport_introspection_cpp/macrobot_interfaces/msg/detail/depth_candidate_array__type_support.cpp.o[0m
[ 60%] [32mBuilding CXX object CMakeFiles/macrobot_interfaces__rosidl_typesupport_introspection_cpp.dir/rosidl_typesupport_introspection_cpp/macrobot_interfaces/msg/detail/candidate_filter_result__type_support.cpp.o[0m
[ 61%] [32mBuilding CXX object CMakeFiles/macrobot_interfaces__rosidl_typesupport_introspection_cpp.dir/rosidl_typesupport_introspection_cpp/macrobot_interfaces/msg/detail/embedding_retrieval_result__type_support.cpp.o[0m
[ 62%] [32mBuilding CXX object CMakeFiles/macrobot_interfaces__rosidl_typesupport_introspection_cpp.dir/rosidl_typesupport_introspection_cpp/macrobot_interfaces/msg/detail/filtered_candidate_crop__type_support.cpp.o[0m
[ 63%] [32m[1mLinking C shared library libmacrobot_interfaces__rosidl_typesupport_introspection_c.so[0m
[ 63%] Built target macrobot_interfaces__rosidl_typesupport_c
[ 65%] [32mBuilding CXX object CMakeFiles/macrobot_interfaces__rosidl_typesupport_introspection_cpp.dir/rosidl_typesupport_introspection_cpp/macrobot_interfaces/msg/detail/embedding_matched_candidate__type_support.cpp.o[0m
[ 65%] [32mBuilding CXX object CMakeFiles/macrobot_interfaces__rosidl_typesupport_introspection_cpp.dir/rosidl_typesupport_introspection_cpp/macrobot_interfaces/msg/detail/temporal_confirmation_result__type_support.cpp.o[0m
[ 66%] [32mBuilding CXX object CMakeFiles/macrobot_interfaces__rosidl_typesupport_fastrtps_cpp.dir/rosidl_typesupport_fastrtps_cpp/macrobot_interfaces/msg/detail/dds_fastrtps/depth_candidate__type_support.cpp.o[0m
[ 67%] [32mBuilding CXX object CMakeFiles/macrobot_interfaces__rosidl_typesupport_fastrtps_cpp.dir/rosidl_typesupport_fastrtps_cpp/macrobot_interfaces/msg/detail/dds_fastrtps/candidate_filter_result__type_support.cpp.o[0m
[ 67%] Built target macrobot_interfaces__rosidl_typesupport_introspection_c
[ 68%] [32mBuilding CXX object CMakeFiles/macrobot_interfaces__rosidl_typesupport_fastrtps_cpp.dir/rosidl_typesupport_fastrtps_cpp/macrobot_interfaces/msg/detail/dds_fastrtps/filtered_candidate_crop__type_support.cpp.o[0m
[ 69%] [32mBuilding CXX object CMakeFiles/macrobot_interfaces__rosidl_typesupport_fastrtps_cpp.dir/rosidl_typesupport_fastrtps_cpp/macrobot_interfaces/msg/detail/dds_fastrtps/rgb_candidate_crop__type_support.cpp.o[0m
[ 70%] [32mBuilding CXX object CMakeFiles/macrobot_interfaces__rosidl_typesupport_fastrtps_cpp.dir/rosidl_typesupport_fastrtps_cpp/macrobot_interfaces/msg/detail/dds_fastrtps/depth_candidate_array__type_support.cpp.o[0m
[ 71%] [32mBuilding CXX object CMakeFiles/macrobot_interfaces__rosidl_typesupport_fastrtps_cpp.dir/rosidl_typesupport_fastrtps_cpp/macrobot_interfaces/msg/detail/dds_fastrtps/embedding_retrieval_result__type_support.cpp.o[0m
[ 72%] [32mBuilding CXX object CMakeFiles/macrobot_interfaces__rosidl_typesupport_fastrtps_c.dir/rosidl_typesupport_fastrtps_c/macrobot_interfaces/msg/detail/depth_candidate__type_support_c.cpp.o[0m
[ 73%] [32mBuilding CXX object CMakeFiles/macrobot_interfaces__rosidl_typesupport_fastrtps_cpp.dir/rosidl_typesupport_fastrtps_cpp/macrobot_interfaces/msg/detail/dds_fastrtps/embedding_matched_candidate__type_support.cpp.o[0m
[ 74%] [32mBuilding CXX object CMakeFiles/macrobot_interfaces__rosidl_typesupport_fastrtps_c.dir/rosidl_typesupport_fastrtps_c/macrobot_interfaces/msg/detail/depth_candidate_array__type_support_c.cpp.o[0m
[ 75%] [32m[1mLinking CXX shared library libmacrobot_interfaces__rosidl_typesupport_cpp.so[0m
[ 76%] [32mBuilding CXX object CMakeFiles/macrobot_interfaces__rosidl_typesupport_fastrtps_c.dir/rosidl_typesupport_fastrtps_c/macrobot_interfaces/msg/detail/rgb_candidate_crop__type_support_c.cpp.o[0m
[ 77%] [32mBuilding CXX object CMakeFiles/macrobot_interfaces__rosidl_typesupport_fastrtps_cpp.dir/rosidl_typesupport_fastrtps_cpp/macrobot_interfaces/msg/detail/dds_fastrtps/temporal_confirmation_result__type_support.cpp.o[0m
[ 78%] [32mBuilding CXX object CMakeFiles/macrobot_interfaces__rosidl_typesupport_fastrtps_c.dir/rosidl_typesupport_fastrtps_c/macrobot_interfaces/msg/detail/candidate_filter_result__type_support_c.cpp.o[0m
[ 78%] [32mBuilding CXX object CMakeFiles/macrobot_interfaces__rosidl_typesupport_fastrtps_c.dir/rosidl_typesupport_fastrtps_c/macrobot_interfaces/msg/detail/filtered_candidate_crop__type_support_c.cpp.o[0m
[ 79%] [32mBuilding CXX object CMakeFiles/macrobot_interfaces__rosidl_typesupport_fastrtps_c.dir/rosidl_typesupport_fastrtps_c/macrobot_interfaces/msg/detail/embedding_retrieval_result__type_support_c.cpp.o[0m
[ 80%] [32mBuilding CXX object CMakeFiles/macrobot_interfaces__rosidl_typesupport_fastrtps_c.dir/rosidl_typesupport_fastrtps_c/macrobot_interfaces/msg/detail/embedding_matched_candidate__type_support_c.cpp.o[0m
[ 80%] Built target macrobot_interfaces__rosidl_typesupport_cpp
[ 81%] [32mBuilding CXX object CMakeFiles/macrobot_interfaces__rosidl_typesupport_fastrtps_c.dir/rosidl_typesupport_fastrtps_c/macrobot_interfaces/msg/detail/temporal_confirmation_result__type_support_c.cpp.o[0m
[ 82%] [32m[1mLinking CXX shared library libmacrobot_interfaces__rosidl_typesupport_introspection_cpp.so[0m
[ 82%] Built target macrobot_interfaces__rosidl_typesupport_introspection_cpp
[ 83%] [32m[1mLinking CXX shared library libmacrobot_interfaces__rosidl_typesupport_fastrtps_cpp.so[0m
[ 84%] [32m[1mLinking CXX shared library libmacrobot_interfaces__rosidl_typesupport_fastrtps_c.so[0m
[ 84%] Built target macrobot_interfaces__rosidl_typesupport_fastrtps_cpp
[ 84%] Built target macrobot_interfaces__rosidl_typesupport_fastrtps_c
[ 84%] Built target macrobot_interfaces
[ 85%] [34m[1mGenerating Python code for ROS interfaces[0m
[ 85%] Built target macrobot_interfaces__py
[ 86%] [32mBuilding C object CMakeFiles/macrobot_interfaces__rosidl_generator_py.dir/rosidl_generator_py/macrobot_interfaces/msg/_rgb_candidate_crop_s.c.o[0m
[ 87%] [32mBuilding C object CMakeFiles/macrobot_interfaces__rosidl_generator_py.dir/rosidl_generator_py/macrobot_interfaces/msg/_depth_candidate_s.c.o[0m
[ 88%] [32mBuilding C object CMakeFiles/macrobot_interfaces__rosidl_generator_py.dir/rosidl_generator_py/macrobot_interfaces/msg/_filtered_candidate_crop_s.c.o[0m
[ 89%] [32mBuilding C object CMakeFiles/macrobot_interfaces__rosidl_generator_py.dir/rosidl_generator_py/macrobot_interfaces/msg/_depth_candidate_array_s.c.o[0m
[ 90%] [32mBuilding C object CMakeFiles/macrobot_interfaces__rosidl_generator_py.dir/rosidl_generator_py/macrobot_interfaces/msg/_temporal_confirmation_result_s.c.o[0m
[ 91%] [32mBuilding C object CMakeFiles/macrobot_interfaces__rosidl_generator_py.dir/rosidl_generator_py/macrobot_interfaces/msg/_candidate_filter_result_s.c.o[0m
[ 92%] [32mBuilding C object CMakeFiles/macrobot_interfaces__rosidl_generator_py.dir/rosidl_generator_py/macrobot_interfaces/msg/_embedding_retrieval_result_s.c.o[0m
[ 93%] [32mBuilding C object CMakeFiles/macrobot_interfaces__rosidl_generator_py.dir/rosidl_generator_py/macrobot_interfaces/msg/_embedding_matched_candidate_s.c.o[0m
[ 94%] [32m[1mLinking C shared library libmacrobot_interfaces__rosidl_generator_py.so[0m
[ 94%] Built target macrobot_interfaces__rosidl_generator_py
[ 95%] [32mBuilding C object CMakeFiles/macrobot_interfaces_s__rosidl_typesupport_fastrtps_c.dir/rosidl_generator_py/macrobot_interfaces/_macrobot_interfaces_s.ep.rosidl_typesupport_fastrtps_c.c.o[0m
[ 96%] [32mBuilding C object CMakeFiles/macrobot_interfaces_s__rosidl_typesupport_introspection_c.dir/rosidl_generator_py/macrobot_interfaces/_macrobot_interfaces_s.ep.rosidl_typesupport_introspection_c.c.o[0m
[ 97%] [32mBuilding C object CMakeFiles/macrobot_interfaces_s__rosidl_typesupport_c.dir/rosidl_generator_py/macrobot_interfaces/_macrobot_interfaces_s.ep.rosidl_typesupport_c.c.o[0m
[ 98%] [32m[1mLinking C shared module rosidl_generator_py/macrobot_interfaces/macrobot_interfaces_s__rosidl_typesupport_fastrtps_c.so[0m
[ 99%] [32m[1mLinking C shared module rosidl_generator_py/macrobot_interfaces/macrobot_interfaces_s__rosidl_typesupport_introspection_c.so[0m
[100%] [32m[1mLinking C shared module rosidl_generator_py/macrobot_interfaces/macrobot_interfaces_s__rosidl_typesupport_c.so[0m
[100%] Built target macrobot_interfaces_s__rosidl_typesupport_c
[100%] Built target macrobot_interfaces_s__rosidl_typesupport_fastrtps_c
[100%] Built target macrobot_interfaces_s__rosidl_typesupport_introspection_c
-- Install configuration: ""
-- Installing: /home/dyddl2082/MacRobot/src/install/macrobot_interfaces/share/ament_index/resource_index/rosidl_interfaces/macrobot_interfaces
-- Installing: /home/dyddl2082/MacRobot/src/install/macrobot_interfaces/share/macrobot_interfaces/msg/DepthCandidate.json
-- Installing: /home/dyddl2082/MacRobot/src/install/macrobot_interfaces/share/macrobot_interfaces/msg/DepthCandidateArray.json
-- Installing: /home/dyddl2082/MacRobot/src/install/macrobot_interfaces/share/macrobot_interfaces/msg/RgbCandidateCrop.json
-- Installing: /home/dyddl2082/MacRobot/src/install/macrobot_interfaces/share/macrobot_interfaces/msg/CandidateFilterResult.json
-- Installing: /home/dyddl2082/MacRobot/src/install/macrobot_interfaces/share/macrobot_interfaces/msg/FilteredCandidateCrop.json
-- Installing: /home/dyddl2082/MacRobot/src/install/macrobot_interfaces/share/macrobot_interfaces/msg/EmbeddingRetrievalResult.json
-- Installing: /home/dyddl2082/MacRobot/src/install/macrobot_interfaces/share/macrobot_interfaces/msg/EmbeddingMatchedCandidate.json
-- Installing: /home/dyddl2082/MacRobot/src/install/macrobot_interfaces/share/macrobot_interfaces/msg/TemporalConfirmationResult.json
-- Installing: /home/dyddl2082/MacRobot/src/install/macrobot_interfaces/include/macrobot_interfaces/macrobot_interfaces
-- Installing: /home/dyddl2082/MacRobot/src/install/macrobot_interfaces/include/macrobot_interfaces/macrobot_interfaces/msg
-- Installing: /home/dyddl2082/MacRobot/src/install/macrobot_interfaces/include/macrobot_interfaces/macrobot_interfaces/msg/detail
-- Installing: /home/dyddl2082/MacRobot/src/install/macrobot_interfaces/include/macrobot_interfaces/macrobot_interfaces/msg/detail/rgb_candidate_crop__description.c
-- Installing: /home/dyddl2082/MacRobot/src/install/macrobot_interfaces/include/macrobot_interfaces/macrobot_interfaces/msg/detail/temporal_confirmation_result__type_support.c
-- Installing: /home/dyddl2082/MacRobot/src/install/macrobot_interfaces/include/macrobot_interfaces/macrobot_interfaces/msg/detail/candidate_filter_result__type_support.c
-- Installing: /home/dyddl2082/MacRobot/src/install/macrobot_interfaces/include/macrobot_interfaces/macrobot_interfaces/msg/detail/embedding_matched_candidate__struct.h
-- Installing: /home/dyddl2082/MacRobot/src/install/macrobot_interfaces/include/macrobot_interfaces/macrobot_interfaces/msg/detail/embedding_matched_candidate__type_support.h
-- Installing: /home/dyddl2082/MacRobot/src/install/macrobot_interfaces/include/macrobot_interfaces/macrobot_interfaces/msg/detail/embedding_matched_candidate__functions.c
-- Installing: /home/dyddl2082/MacRobot/src/install/macrobot_interfaces/include/macrobot_interfaces/macrobot_interfaces/msg/detail/temporal_confirmation_result__type_support.h
-- Installing: /home/dyddl2082/MacRobot/src/install/macrobot_interfaces/include/macrobot_interfaces/macrobot_interfaces/msg/detail/candidate_filter_result__functions.c
-- Installing: /home/dyddl2082/MacRobot/src/install/macrobot_interfaces/include/macrobot_interfaces/macrobot_interfaces/msg/detail/depth_candidate_array__functions.c
-- Installing: /home/dyddl2082/MacRobot/src/install/macrobot_interfaces/include/macrobot_interfaces/macrobot_interfaces/msg/detail/embedding_matched_candidate__functions.h
-- Installing: /home/dyddl2082/MacRobot/src/install/macrobot_interfaces/include/macrobot_interfaces/macrobot_interfaces/msg/detail/depth_candidate__struct.h
-- Installing: /home/dyddl2082/MacRobot/src/install/macrobot_interfaces/include/macrobot_interfaces/macrobot_interfaces/msg/detail/temporal_confirmation_result__description.c
-- Installing: /home/dyddl2082/MacRobot/src/install/macrobot_interfaces/include/macrobot_interfaces/macrobot_interfaces/msg/detail/candidate_filter_result__type_support.h
-- Installing: /home/dyddl2082/MacRobot/src/install/macrobot_interfaces/include/macrobot_interfaces/macrobot_interfaces/msg/detail/temporal_confirmation_result__functions.h
-- Installing: /home/dyddl2082/MacRobot/src/install/macrobot_interfaces/include/macrobot_interfaces/macrobot_interfaces/msg/detail/filtered_candidate_crop__description.c
-- Installing: /home/dyddl2082/MacRobot/src/install/macrobot_interfaces/include/macrobot_interfaces/macrobot_interfaces/msg/detail/embedding_matched_candidate__description.c
-- Installing: /home/dyddl2082/MacRobot/src/install/macrobot_interfaces/include/macrobot_interfaces/macrobot_interfaces/msg/detail/embedding_retrieval_result__type_support.h
-- Installing: /home/dyddl2082/MacRobot/src/install/macrobot_interfaces/include/macrobot_interfaces/macrobot_interfaces/msg/detail/embedding_retrieval_result__struct.h
-- Installing: /home/dyddl2082/MacRobot/src/install/macrobot_interfaces/include/macrobot_interfaces/macrobot_interfaces/msg/detail/depth_candidate_array__type_support.c
-- Installing: /home/dyddl2082/MacRobot/src/install/macrobot_interfaces/include/macrobot_interfaces/macrobot_interfaces/msg/detail/candidate_filter_result__struct.h
-- Installing: /home/dyddl2082/MacRobot/src/install/macrobot_interfaces/include/macrobot_interfaces/macrobot_interfaces/msg/detail/filtered_candidate_crop__type_support.c
-- Installing: /home/dyddl2082/MacRobot/src/install/macrobot_interfaces/include/macrobot_interfaces/macrobot_interfaces/msg/detail/embedding_retrieval_result__functions.c
-- Installing: /home/dyddl2082/MacRobot/src/install/macrobot_interfaces/include/macrobot_interfaces/macrobot_interfaces/msg/detail/depth_candidate__description.c
-- Installing: /home/dyddl2082/MacRobot/src/install/macrobot_interfaces/include/macrobot_interfaces/macrobot_interfaces/msg/detail/temporal_confirmation_result__struct.h
-- Installing: /home/dyddl2082/MacRobot/src/install/macrobot_interfaces/include/macrobot_interfaces/macrobot_interfaces/msg/detail/rgb_candidate_crop__functions.h
-- Installing: /home/dyddl2082/MacRobot/src/install/macrobot_interfaces/include/macrobot_interfaces/macrobot_interfaces/msg/detail/rgb_candidate_crop__struct.h
-- Installing: /home/dyddl2082/MacRobot/src/install/macrobot_interfaces/include/macrobot_interfaces/macrobot_interfaces/msg/detail/rgb_candidate_crop__type_support.h
-- Installing: /home/dyddl2082/MacRobot/src/install/macrobot_interfaces/include/macrobot_interfaces/macrobot_interfaces/msg/detail/embedding_retrieval_result__type_support.c
-- Installing: /home/dyddl2082/MacRobot/src/install/macrobot_interfaces/include/macrobot_interfaces/macrobot_interfaces/msg/detail/depth_candidate_array__functions.h
-- Installing: /home/dyddl2082/MacRobot/src/install/macrobot_interfaces/include/macrobot_interfaces/macrobot_interfaces/msg/detail/temporal_confirmation_result__functions.c
-- Installing: /home/dyddl2082/MacRobot/src/install/macrobot_interfaces/include/macrobot_interfaces/macrobot_interfaces/msg/detail/filtered_candidate_crop__functions.h
-- Installing: /home/dyddl2082/MacRobot/src/install/macrobot_interfaces/include/macrobot_interfaces/macrobot_interfaces/msg/detail/depth_candidate__type_support.c
-- Installing: /home/dyddl2082/MacRobot/src/install/macrobot_interfaces/include/macrobot_interfaces/macrobot_interfaces/msg/detail/depth_candidate_array__struct.h
-- Installing: /home/dyddl2082/MacRobot/src/install/macrobot_interfaces/include/macrobot_interfaces/macrobot_interfaces/msg/detail/rgb_candidate_crop__functions.c
-- Installing: /home/dyddl2082/MacRobot/src/install/macrobot_interfaces/include/macrobot_interfaces/macrobot_interfaces/msg/detail/depth_candidate__functions.h
-- Installing: /home/dyddl2082/MacRobot/src/install/macrobot_interfaces/include/macrobot_interfaces/macrobot_interfaces/msg/detail/filtered_candidate_crop__functions.c
-- Installing: /home/dyddl2082/MacRobot/src/install/macrobot_interfaces/include/macrobot_interfaces/macrobot_interfaces/msg/detail/filtered_candidate_crop__type_support.h
-- Installing: /home/dyddl2082/MacRobot/src/install/macrobot_interfaces/include/macrobot_interfaces/macrobot_interfaces/msg/detail/embedding_retrieval_result__functions.h
-- Installing: /home/dyddl2082/MacRobot/src/install/macrobot_interfaces/include/macrobot_interfaces/macrobot_interfaces/msg/detail/embedding_matched_candidate__type_support.c
-- Installing: /home/dyddl2082/MacRobot/src/install/macrobot_interfaces/include/macrobot_interfaces/macrobot_interfaces/msg/detail/depth_candidate__type_support.h
-- Installing: /home/dyddl2082/MacRobot/src/install/macrobot_interfaces/include/macrobot_interfaces/macrobot_interfaces/msg/detail/candidate_filter_result__description.c
-- Installing: /home/dyddl2082/MacRobot/src/install/macrobot_interfaces/include/macrobot_interfaces/macrobot_interfaces/msg/detail/depth_candidate_array__type_support.h
-- Installing: /home/dyddl2082/MacRobot/src/install/macrobot_interfaces/include/macrobot_interfaces/macrobot_interfaces/msg/detail/depth_candidate_array__description.c
-- Installing: /home/dyddl2082/MacRobot/src/install/macrobot_interfaces/include/macrobot_interfaces/macrobot_interfaces/msg/detail/candidate_filter_result__functions.h
-- Installing: /home/dyddl2082/MacRobot/src/install/macrobot_interfaces/include/macrobot_interfaces/macrobot_interfaces/msg/detail/rgb_candidate_crop__type_support.c
-- Installing: /home/dyddl2082/MacRobot/src/install/macrobot_interfaces/include/macrobot_interfaces/macrobot_interfaces/msg/detail/embedding_retrieval_result__description.c
-- Installing: /home/dyddl2082/MacRobot/src/install/macrobot_interfaces/include/macrobot_interfaces/macrobot_interfaces/msg/detail/depth_candidate__functions.c
-- Installing: /home/dyddl2082/MacRobot/src/install/macrobot_interfaces/include/macrobot_interfaces/macrobot_interfaces/msg/detail/filtered_candidate_crop__struct.h
-- Installing: /home/dyddl2082/MacRobot/src/install/macrobot_interfaces/include/macrobot_interfaces/macrobot_interfaces/msg/embedding_retrieval_result.h
-- Installing: /home/dyddl2082/MacRobot/src/install/macrobot_interfaces/include/macrobot_interfaces/macrobot_interfaces/msg/rosidl_generator_c__visibility_control.h
-- Installing: /home/dyddl2082/MacRobot/src/install/macrobot_interfaces/include/macrobot_interfaces/macrobot_interfaces/msg/depth_candidate_array.h
-- Installing: /home/dyddl2082/MacRobot/src/install/macrobot_interfaces/include/macrobot_interfaces/macrobot_interfaces/msg/embedding_matched_candidate.h
-- Installing: /home/dyddl2082/MacRobot/src/install/macrobot_interfaces/include/macrobot_interfaces/macrobot_interfaces/msg/rgb_candidate_crop.h
-- Installing: /home/dyddl2082/MacRobot/src/install/macrobot_interfaces/include/macrobot_interfaces/macrobot_interfaces/msg/candidate_filter_result.h
-- Installing: /home/dyddl2082/MacRobot/src/install/macrobot_interfaces/include/macrobot_interfaces/macrobot_interfaces/msg/temporal_confirmation_result.h
-- Installing: /home/dyddl2082/MacRobot/src/install/macrobot_interfaces/include/macrobot_interfaces/macrobot_interfaces/msg/filtered_candidate_crop.h
-- Installing: /home/dyddl2082/MacRobot/src/install/macrobot_interfaces/include/macrobot_interfaces/macrobot_interfaces/msg/depth_candidate.h
-- Installing: /home/dyddl2082/MacRobot/src/install/macrobot_interfaces/share/macrobot_interfaces/environment/library_path.sh
-- Installing: /home/dyddl2082/MacRobot/src/install/macrobot_interfaces/share/macrobot_interfaces/environment/library_path.dsv
-- Installing: /home/dyddl2082/MacRobot/src/install/macrobot_interfaces/lib/libmacrobot_interfaces__rosidl_generator_c.so
-- Set non-toolchain portion of runtime path of "/home/dyddl2082/MacRobot/src/install/macrobot_interfaces/lib/libmacrobot_interfaces__rosidl_generator_c.so" to ""
-- Up-to-date: /home/dyddl2082/MacRobot/src/install/macrobot_interfaces/include/macrobot_interfaces/macrobot_interfaces
-- Up-to-date: /home/dyddl2082/MacRobot/src/install/macrobot_interfaces/include/macrobot_interfaces/macrobot_interfaces/msg
-- Up-to-date: /home/dyddl2082/MacRobot/src/install/macrobot_interfaces/include/macrobot_interfaces/macrobot_interfaces/msg/detail
-- Installing: /home/dyddl2082/MacRobot/src/install/macrobot_interfaces/include/macrobot_interfaces/macrobot_interfaces/msg/detail/embedding_matched_candidate__rosidl_typesupport_fastrtps_c.h
-- Installing: /home/dyddl2082/MacRobot/src/install/macrobot_interfaces/include/macrobot_interfaces/macrobot_interfaces/msg/detail/filtered_candidate_crop__rosidl_typesupport_fastrtps_c.h
-- Installing: /home/dyddl2082/MacRobot/src/install/macrobot_interfaces/include/macrobot_interfaces/macrobot_interfaces/msg/detail/depth_candidate__rosidl_typesupport_fastrtps_c.h
-- Installing: /home/dyddl2082/MacRobot/src/install/macrobot_interfaces/include/macrobot_interfaces/macrobot_interfaces/msg/detail/embedding_retrieval_result__rosidl_typesupport_fastrtps_c.h
-- Installing: /home/dyddl2082/MacRobot/src/install/macrobot_interfaces/include/macrobot_interfaces/macrobot_interfaces/msg/detail/rgb_candidate_crop__rosidl_typesupport_fastrtps_c.h
-- Installing: /home/dyddl2082/MacRobot/src/install/macrobot_interfaces/include/macrobot_interfaces/macrobot_interfaces/msg/detail/depth_candidate_array__rosidl_typesupport_fastrtps_c.h
-- Installing: /home/dyddl2082/MacRobot/src/install/macrobot_interfaces/include/macrobot_interfaces/macrobot_interfaces/msg/detail/candidate_filter_result__rosidl_typesupport_fastrtps_c.h
-- Installing: /home/dyddl2082/MacRobot/src/install/macrobot_interfaces/include/macrobot_interfaces/macrobot_interfaces/msg/detail/temporal_confirmation_result__rosidl_typesupport_fastrtps_c.h
-- Installing: /home/dyddl2082/MacRobot/src/install/macrobot_interfaces/include/macrobot_interfaces/macrobot_interfaces/msg/rosidl_typesupport_fastrtps_c__visibility_control.h
-- Installing: /home/dyddl2082/MacRobot/src/install/macrobot_interfaces/lib/libmacrobot_interfaces__rosidl_typesupport_fastrtps_c.so
-- Set non-toolchain portion of runtime path of "/home/dyddl2082/MacRobot/src/install/macrobot_interfaces/lib/libmacrobot_interfaces__rosidl_typesupport_fastrtps_c.so" to ""
-- Up-to-date: /home/dyddl2082/MacRobot/src/install/macrobot_interfaces/include/macrobot_interfaces/macrobot_interfaces
-- Up-to-date: /home/dyddl2082/MacRobot/src/install/macrobot_interfaces/include/macrobot_interfaces/macrobot_interfaces/msg
-- Installing: /home/dyddl2082/MacRobot/src/install/macrobot_interfaces/include/macrobot_interfaces/macrobot_interfaces/msg/rosidl_typesupport_introspection_c__visibility_control.h
-- Up-to-date: /home/dyddl2082/MacRobot/src/install/macrobot_interfaces/include/macrobot_interfaces/macrobot_interfaces/msg/detail
-- Installing: /home/dyddl2082/MacRobot/src/install/macrobot_interfaces/include/macrobot_interfaces/macrobot_interfaces/msg/detail/temporal_confirmation_result__type_support.c
-- Installing: /home/dyddl2082/MacRobot/src/install/macrobot_interfaces/include/macrobot_interfaces/macrobot_interfaces/msg/detail/candidate_filter_result__type_support.c
-- Installing: /home/dyddl2082/MacRobot/src/install/macrobot_interfaces/include/macrobot_interfaces/macrobot_interfaces/msg/detail/embedding_matched_candidate__rosidl_typesupport_introspection_c.h
-- Installing: /home/dyddl2082/MacRobot/src/install/macrobot_interfaces/include/macrobot_interfaces/macrobot_interfaces/msg/detail/depth_candidate_array__type_support.c
-- Installing: /home/dyddl2082/MacRobot/src/install/macrobot_interfaces/include/macrobot_interfaces/macrobot_interfaces/msg/detail/depth_candidate_array__rosidl_typesupport_introspection_c.h
-- Installing: /home/dyddl2082/MacRobot/src/install/macrobot_interfaces/include/macrobot_interfaces/macrobot_interfaces/msg/detail/candidate_filter_result__rosidl_typesupport_introspection_c.h
-- Installing: /home/dyddl2082/MacRobot/src/install/macrobot_interfaces/include/macrobot_interfaces/macrobot_interfaces/msg/detail/temporal_confirmation_result__rosidl_typesupport_introspection_c.h
-- Installing: /home/dyddl2082/MacRobot/src/install/macrobot_interfaces/include/macrobot_interfaces/macrobot_interfaces/msg/detail/filtered_candidate_crop__type_support.c
-- Installing: /home/dyddl2082/MacRobot/src/install/macrobot_interfaces/include/macrobot_interfaces/macrobot_interfaces/msg/detail/filtered_candidate_crop__rosidl_typesupport_introspection_c.h
-- Installing: /home/dyddl2082/MacRobot/src/install/macrobot_interfaces/include/macrobot_interfaces/macrobot_interfaces/msg/detail/embedding_retrieval_result__type_support.c
-- Installing: /home/dyddl2082/MacRobot/src/install/macrobot_interfaces/include/macrobot_interfaces/macrobot_interfaces/msg/detail/depth_candidate__type_support.c
-- Installing: /home/dyddl2082/MacRobot/src/install/macrobot_interfaces/include/macrobot_interfaces/macrobot_interfaces/msg/detail/rgb_candidate_crop__rosidl_typesupport_introspection_c.h
-- Installing: /home/dyddl2082/MacRobot/src/install/macrobot_interfaces/include/macrobot_interfaces/macrobot_interfaces/msg/detail/embedding_matched_candidate__type_support.c
-- Installing: /home/dyddl2082/MacRobot/src/install/macrobot_interfaces/include/macrobot_interfaces/macrobot_interfaces/msg/detail/embedding_retrieval_result__rosidl_typesupport_introspection_c.h
-- Installing: /home/dyddl2082/MacRobot/src/install/macrobot_interfaces/include/macrobot_interfaces/macrobot_interfaces/msg/detail/rgb_candidate_crop__type_support.c
-- Installing: /home/dyddl2082/MacRobot/src/install/macrobot_interfaces/include/macrobot_interfaces/macrobot_interfaces/msg/detail/depth_candidate__rosidl_typesupport_introspection_c.h
-- Installing: /home/dyddl2082/MacRobot/src/install/macrobot_interfaces/lib/libmacrobot_interfaces__rosidl_typesupport_introspection_c.so
-- Set non-toolchain portion of runtime path of "/home/dyddl2082/MacRobot/src/install/macrobot_interfaces/lib/libmacrobot_interfaces__rosidl_typesupport_introspection_c.so" to ""
-- Installing: /home/dyddl2082/MacRobot/src/install/macrobot_interfaces/lib/libmacrobot_interfaces__rosidl_typesupport_c.so
-- Set non-toolchain portion of runtime path of "/home/dyddl2082/MacRobot/src/install/macrobot_interfaces/lib/libmacrobot_interfaces__rosidl_typesupport_c.so" to ""
-- Up-to-date: /home/dyddl2082/MacRobot/src/install/macrobot_interfaces/include/macrobot_interfaces/macrobot_interfaces
-- Up-to-date: /home/dyddl2082/MacRobot/src/install/macrobot_interfaces/include/macrobot_interfaces/macrobot_interfaces/msg
-- Installing: /home/dyddl2082/MacRobot/src/install/macrobot_interfaces/include/macrobot_interfaces/macrobot_interfaces/msg/depth_candidate_array.hpp
-- Installing: /home/dyddl2082/MacRobot/src/install/macrobot_interfaces/include/macrobot_interfaces/macrobot_interfaces/msg/embedding_retrieval_result.hpp
-- Up-to-date: /home/dyddl2082/MacRobot/src/install/macrobot_interfaces/include/macrobot_interfaces/macrobot_interfaces/msg/detail
-- Installing: /home/dyddl2082/MacRobot/src/install/macrobot_interfaces/include/macrobot_interfaces/macrobot_interfaces/msg/detail/filtered_candidate_crop__builder.hpp
-- Installing: /home/dyddl2082/MacRobot/src/install/macrobot_interfaces/include/macrobot_interfaces/macrobot_interfaces/msg/detail/candidate_filter_result__type_support.hpp
-- Installing: /home/dyddl2082/MacRobot/src/install/macrobot_interfaces/include/macrobot_interfaces/macrobot_interfaces/msg/detail/temporal_confirmation_result__struct.hpp
-- Installing: /home/dyddl2082/MacRobot/src/install/macrobot_interfaces/include/macrobot_interfaces/macrobot_interfaces/msg/detail/candidate_filter_result__struct.hpp
-- Installing: /home/dyddl2082/MacRobot/src/install/macrobot_interfaces/include/macrobot_interfaces/macrobot_interfaces/msg/detail/filtered_candidate_crop__type_support.hpp
-- Installing: /home/dyddl2082/MacRobot/src/install/macrobot_interfaces/include/macrobot_interfaces/macrobot_interfaces/msg/detail/depth_candidate__traits.hpp
-- Installing: /home/dyddl2082/MacRobot/src/install/macrobot_interfaces/include/macrobot_interfaces/macrobot_interfaces/msg/detail/depth_candidate__builder.hpp
-- Installing: /home/dyddl2082/MacRobot/src/install/macrobot_interfaces/include/macrobot_interfaces/macrobot_interfaces/msg/detail/filtered_candidate_crop__traits.hpp
-- Installing: /home/dyddl2082/MacRobot/src/install/macrobot_interfaces/include/macrobot_interfaces/macrobot_interfaces/msg/detail/rgb_candidate_crop__struct.hpp
-- Installing: /home/dyddl2082/MacRobot/src/install/macrobot_interfaces/include/macrobot_interfaces/macrobot_interfaces/msg/detail/depth_candidate_array__builder.hpp
-- Installing: /home/dyddl2082/MacRobot/src/install/macrobot_interfaces/include/macrobot_interfaces/macrobot_interfaces/msg/detail/embedding_retrieval_result__struct.hpp
-- Installing: /home/dyddl2082/MacRobot/src/install/macrobot_interfaces/include/macrobot_interfaces/macrobot_interfaces/msg/detail/depth_candidate__type_support.hpp
-- Installing: /home/dyddl2082/MacRobot/src/install/macrobot_interfaces/include/macrobot_interfaces/macrobot_interfaces/msg/detail/embedding_retrieval_result__traits.hpp
-- Installing: /home/dyddl2082/MacRobot/src/install/macrobot_interfaces/include/macrobot_interfaces/macrobot_interfaces/msg/detail/rgb_candidate_crop__builder.hpp
-- Installing: /home/dyddl2082/MacRobot/src/install/macrobot_interfaces/include/macrobot_interfaces/macrobot_interfaces/msg/detail/depth_candidate_array__type_support.hpp
-- Installing: /home/dyddl2082/MacRobot/src/install/macrobot_interfaces/include/macrobot_interfaces/macrobot_interfaces/msg/detail/depth_candidate__struct.hpp
-- Installing: /home/dyddl2082/MacRobot/src/install/macrobot_interfaces/include/macrobot_interfaces/macrobot_interfaces/msg/detail/filtered_candidate_crop__struct.hpp
-- Installing: /home/dyddl2082/MacRobot/src/install/macrobot_interfaces/include/macrobot_interfaces/macrobot_interfaces/msg/detail/candidate_filter_result__traits.hpp
-- Installing: /home/dyddl2082/MacRobot/src/install/macrobot_interfaces/include/macrobot_interfaces/macrobot_interfaces/msg/detail/candidate_filter_result__builder.hpp
-- Installing: /home/dyddl2082/MacRobot/src/install/macrobot_interfaces/include/macrobot_interfaces/macrobot_interfaces/msg/detail/rgb_candidate_crop__type_support.hpp
-- Installing: /home/dyddl2082/MacRobot/src/install/macrobot_interfaces/include/macrobot_interfaces/macrobot_interfaces/msg/detail/temporal_confirmation_result__type_support.hpp
-- Installing: /home/dyddl2082/MacRobot/src/install/macrobot_interfaces/include/macrobot_interfaces/macrobot_interfaces/msg/detail/embedding_matched_candidate__type_support.hpp
-- Installing: /home/dyddl2082/MacRobot/src/install/macrobot_interfaces/include/macrobot_interfaces/macrobot_interfaces/msg/detail/embedding_matched_candidate__traits.hpp
-- Installing: /home/dyddl2082/MacRobot/src/install/macrobot_interfaces/include/macrobot_interfaces/macrobot_interfaces/msg/detail/temporal_confirmation_result__builder.hpp
-- Installing: /home/dyddl2082/MacRobot/src/install/macrobot_interfaces/include/macrobot_interfaces/macrobot_interfaces/msg/detail/temporal_confirmation_result__traits.hpp
-- Installing: /home/dyddl2082/MacRobot/src/install/macrobot_interfaces/include/macrobot_interfaces/macrobot_interfaces/msg/detail/depth_candidate_array__traits.hpp
-- Installing: /home/dyddl2082/MacRobot/src/install/macrobot_interfaces/include/macrobot_interfaces/macrobot_interfaces/msg/detail/embedding_retrieval_result__builder.hpp
-- Installing: /home/dyddl2082/MacRobot/src/install/macrobot_interfaces/include/macrobot_interfaces/macrobot_interfaces/msg/detail/rgb_candidate_crop__traits.hpp
-- Installing: /home/dyddl2082/MacRobot/src/install/macrobot_interfaces/include/macrobot_interfaces/macrobot_interfaces/msg/detail/embedding_matched_candidate__struct.hpp
-- Installing: /home/dyddl2082/MacRobot/src/install/macrobot_interfaces/include/macrobot_interfaces/macrobot_interfaces/msg/detail/embedding_retrieval_result__type_support.hpp
-- Installing: /home/dyddl2082/MacRobot/src/install/macrobot_interfaces/include/macrobot_interfaces/macrobot_interfaces/msg/detail/depth_candidate_array__struct.hpp
-- Installing: /home/dyddl2082/MacRobot/src/install/macrobot_interfaces/include/macrobot_interfaces/macrobot_interfaces/msg/detail/embedding_matched_candidate__builder.hpp
-- Installing: /home/dyddl2082/MacRobot/src/install/macrobot_interfaces/include/macrobot_interfaces/macrobot_interfaces/msg/depth_candidate.hpp
-- Installing: /home/dyddl2082/MacRobot/src/install/macrobot_interfaces/include/macrobot_interfaces/macrobot_interfaces/msg/temporal_confirmation_result.hpp
-- Installing: /home/dyddl2082/MacRobot/src/install/macrobot_interfaces/include/macrobot_interfaces/macrobot_interfaces/msg/rosidl_generator_cpp__visibility_control.hpp
-- Installing: /home/dyddl2082/MacRobot/src/install/macrobot_interfaces/include/macrobot_interfaces/macrobot_interfaces/msg/embedding_matched_candidate.hpp
-- Installing: /home/dyddl2082/MacRobot/src/install/macrobot_interfaces/include/macrobot_interfaces/macrobot_interfaces/msg/rgb_candidate_crop.hpp
-- Installing: /home/dyddl2082/MacRobot/src/install/macrobot_interfaces/include/macrobot_interfaces/macrobot_interfaces/msg/candidate_filter_result.hpp
-- Installing: /home/dyddl2082/MacRobot/src/install/macrobot_interfaces/include/macrobot_interfaces/macrobot_interfaces/msg/filtered_candidate_crop.hpp
-- Up-to-date: /home/dyddl2082/MacRobot/src/install/macrobot_interfaces/include/macrobot_interfaces/macrobot_interfaces
-- Up-to-date: /home/dyddl2082/MacRobot/src/install/macrobot_interfaces/include/macrobot_interfaces/macrobot_interfaces/msg
-- Up-to-date: /home/dyddl2082/MacRobot/src/install/macrobot_interfaces/include/macrobot_interfaces/macrobot_interfaces/msg/detail
-- Installing: /home/dyddl2082/MacRobot/src/install/macrobot_interfaces/include/macrobot_interfaces/macrobot_interfaces/msg/detail/filtered_candidate_crop__rosidl_typesupport_fastrtps_cpp.hpp
-- Installing: /home/dyddl2082/MacRobot/src/install/macrobot_interfaces/include/macrobot_interfaces/macrobot_interfaces/msg/detail/depth_candidate__rosidl_typesupport_fastrtps_cpp.hpp
-- Installing: /home/dyddl2082/MacRobot/src/install/macrobot_interfaces/include/macrobot_interfaces/macrobot_interfaces/msg/detail/candidate_filter_result__rosidl_typesupport_fastrtps_cpp.hpp
-- Installing: /home/dyddl2082/MacRobot/src/install/macrobot_interfaces/include/macrobot_interfaces/macrobot_interfaces/msg/detail/temporal_confirmation_result__rosidl_typesupport_fastrtps_cpp.hpp
-- Installing: /home/dyddl2082/MacRobot/src/install/macrobot_interfaces/include/macrobot_interfaces/macrobot_interfaces/msg/detail/embedding_matched_candidate__rosidl_typesupport_fastrtps_cpp.hpp
-- Installing: /home/dyddl2082/MacRobot/src/install/macrobot_interfaces/include/macrobot_interfaces/macrobot_interfaces/msg/detail/dds_fastrtps
-- Installing: /home/dyddl2082/MacRobot/src/install/macrobot_interfaces/include/macrobot_interfaces/macrobot_interfaces/msg/detail/depth_candidate_array__rosidl_typesupport_fastrtps_cpp.hpp
-- Installing: /home/dyddl2082/MacRobot/src/install/macrobot_interfaces/include/macrobot_interfaces/macrobot_interfaces/msg/detail/embedding_retrieval_result__rosidl_typesupport_fastrtps_cpp.hpp
-- Installing: /home/dyddl2082/MacRobot/src/install/macrobot_interfaces/include/macrobot_interfaces/macrobot_interfaces/msg/detail/rgb_candidate_crop__rosidl_typesupport_fastrtps_cpp.hpp
-- Installing: /home/dyddl2082/MacRobot/src/install/macrobot_interfaces/include/macrobot_interfaces/macrobot_interfaces/msg/rosidl_typesupport_fastrtps_cpp__visibility_control.h
-- Installing: /home/dyddl2082/MacRobot/src/install/macrobot_interfaces/lib/libmacrobot_interfaces__rosidl_typesupport_fastrtps_cpp.so
-- Set non-toolchain portion of runtime path of "/home/dyddl2082/MacRobot/src/install/macrobot_interfaces/lib/libmacrobot_interfaces__rosidl_typesupport_fastrtps_cpp.so" to ""
-- Up-to-date: /home/dyddl2082/MacRobot/src/install/macrobot_interfaces/include/macrobot_interfaces/macrobot_interfaces
-- Up-to-date: /home/dyddl2082/MacRobot/src/install/macrobot_interfaces/include/macrobot_interfaces/macrobot_interfaces/msg
-- Up-to-date: /home/dyddl2082/MacRobot/src/install/macrobot_interfaces/include/macrobot_interfaces/macrobot_interfaces/msg/detail
-- Installing: /home/dyddl2082/MacRobot/src/install/macrobot_interfaces/include/macrobot_interfaces/macrobot_interfaces/msg/detail/filtered_candidate_crop__type_support.cpp
-- Installing: /home/dyddl2082/MacRobot/src/install/macrobot_interfaces/include/macrobot_interfaces/macrobot_interfaces/msg/detail/embedding_matched_candidate__rosidl_typesupport_introspection_cpp.hpp
-- Installing: /home/dyddl2082/MacRobot/src/install/macrobot_interfaces/include/macrobot_interfaces/macrobot_interfaces/msg/detail/rgb_candidate_crop__rosidl_typesupport_introspection_cpp.hpp
-- Installing: /home/dyddl2082/MacRobot/src/install/macrobot_interfaces/include/macrobot_interfaces/macrobot_interfaces/msg/detail/candidate_filter_result__rosidl_typesupport_introspection_cpp.hpp
-- Installing: /home/dyddl2082/MacRobot/src/install/macrobot_interfaces/include/macrobot_interfaces/macrobot_interfaces/msg/detail/depth_candidate_array__rosidl_typesupport_introspection_cpp.hpp
-- Installing: /home/dyddl2082/MacRobot/src/install/macrobot_interfaces/include/macrobot_interfaces/macrobot_interfaces/msg/detail/embedding_retrieval_result__rosidl_typesupport_introspection_cpp.hpp
-- Installing: /home/dyddl2082/MacRobot/src/install/macrobot_interfaces/include/macrobot_interfaces/macrobot_interfaces/msg/detail/depth_candidate__rosidl_typesupport_introspection_cpp.hpp
-- Installing: /home/dyddl2082/MacRobot/src/install/macrobot_interfaces/include/macrobot_interfaces/macrobot_interfaces/msg/detail/candidate_filter_result__type_support.cpp
-- Installing: /home/dyddl2082/MacRobot/src/install/macrobot_interfaces/include/macrobot_interfaces/macrobot_interfaces/msg/detail/depth_candidate__type_support.cpp
-- Installing: /home/dyddl2082/MacRobot/src/install/macrobot_interfaces/include/macrobot_interfaces/macrobot_interfaces/msg/detail/filtered_candidate_crop__rosidl_typesupport_introspection_cpp.hpp
-- Installing: /home/dyddl2082/MacRobot/src/install/macrobot_interfaces/include/macrobot_interfaces/macrobot_interfaces/msg/detail/temporal_confirmation_result__rosidl_typesupport_introspection_cpp.hpp
-- Installing: /home/dyddl2082/MacRobot/src/install/macrobot_interfaces/include/macrobot_interfaces/macrobot_interfaces/msg/detail/embedding_retrieval_result__type_support.cpp
-- Installing: /home/dyddl2082/MacRobot/src/install/macrobot_interfaces/include/macrobot_interfaces/macrobot_interfaces/msg/detail/rgb_candidate_crop__type_support.cpp
-- Installing: /home/dyddl2082/MacRobot/src/install/macrobot_interfaces/include/macrobot_interfaces/macrobot_interfaces/msg/detail/temporal_confirmation_result__type_support.cpp
-- Installing: /home/dyddl2082/MacRobot/src/install/macrobot_interfaces/include/macrobot_interfaces/macrobot_interfaces/msg/detail/embedding_matched_candidate__type_support.cpp
-- Installing: /home/dyddl2082/MacRobot/src/install/macrobot_interfaces/include/macrobot_interfaces/macrobot_interfaces/msg/detail/depth_candidate_array__type_support.cpp
-- Installing: /home/dyddl2082/MacRobot/src/install/macrobot_interfaces/lib/libmacrobot_interfaces__rosidl_typesupport_introspection_cpp.so
-- Set non-toolchain portion of runtime path of "/home/dyddl2082/MacRobot/src/install/macrobot_interfaces/lib/libmacrobot_interfaces__rosidl_typesupport_introspection_cpp.so" to ""
-- Installing: /home/dyddl2082/MacRobot/src/install/macrobot_interfaces/lib/libmacrobot_interfaces__rosidl_typesupport_cpp.so
-- Set non-toolchain portion of runtime path of "/home/dyddl2082/MacRobot/src/install/macrobot_interfaces/lib/libmacrobot_interfaces__rosidl_typesupport_cpp.so" to ""
-- Installing: /home/dyddl2082/MacRobot/src/install/macrobot_interfaces/share/macrobot_interfaces/environment/pythonpath.sh
-- Installing: /home/dyddl2082/MacRobot/src/install/macrobot_interfaces/share/macrobot_interfaces/environment/pythonpath.dsv
-- Installing: /home/dyddl2082/MacRobot/src/install/macrobot_interfaces/lib/python3.12/site-packages/macrobot_interfaces-0.3.0-py3.12.egg-info
-- Installing: /home/dyddl2082/MacRobot/src/install/macrobot_interfaces/lib/python3.12/site-packages/macrobot_interfaces-0.3.0-py3.12.egg-info/dependency_links.txt
-- Installing: /home/dyddl2082/MacRobot/src/install/macrobot_interfaces/lib/python3.12/site-packages/macrobot_interfaces-0.3.0-py3.12.egg-info/SOURCES.txt
-- Installing: /home/dyddl2082/MacRobot/src/install/macrobot_interfaces/lib/python3.12/site-packages/macrobot_interfaces-0.3.0-py3.12.egg-info/top_level.txt
-- Installing: /home/dyddl2082/MacRobot/src/install/macrobot_interfaces/lib/python3.12/site-packages/macrobot_interfaces-0.3.0-py3.12.egg-info/PKG-INFO
-- Installing: /home/dyddl2082/MacRobot/src/install/macrobot_interfaces/lib/python3.12/site-packages/macrobot_interfaces
-- Installing: /home/dyddl2082/MacRobot/src/install/macrobot_interfaces/lib/python3.12/site-packages/macrobot_interfaces/macrobot_interfaces_s__rosidl_typesupport_c.so
-- Installing: /home/dyddl2082/MacRobot/src/install/macrobot_interfaces/lib/python3.12/site-packages/macrobot_interfaces/macrobot_interfaces_s__rosidl_typesupport_fastrtps_c.so
-- Installing: /home/dyddl2082/MacRobot/src/install/macrobot_interfaces/lib/python3.12/site-packages/macrobot_interfaces/msg
-- Installing: /home/dyddl2082/MacRobot/src/install/macrobot_interfaces/lib/python3.12/site-packages/macrobot_interfaces/msg/_depth_candidate_s.c
-- Installing: /home/dyddl2082/MacRobot/src/install/macrobot_interfaces/lib/python3.12/site-packages/macrobot_interfaces/msg/_embedding_matched_candidate_s.c
-- Installing: /home/dyddl2082/MacRobot/src/install/macrobot_interfaces/lib/python3.12/site-packages/macrobot_interfaces/msg/__init__.py
-- Installing: /home/dyddl2082/MacRobot/src/install/macrobot_interfaces/lib/python3.12/site-packages/macrobot_interfaces/msg/_embedding_retrieval_result.py
-- Installing: /home/dyddl2082/MacRobot/src/install/macrobot_interfaces/lib/python3.12/site-packages/macrobot_interfaces/msg/_temporal_confirmation_result_s.c
-- Installing: /home/dyddl2082/MacRobot/src/install/macrobot_interfaces/lib/python3.12/site-packages/macrobot_interfaces/msg/_temporal_confirmation_result.py
-- Installing: /home/dyddl2082/MacRobot/src/install/macrobot_interfaces/lib/python3.12/site-packages/macrobot_interfaces/msg/_candidate_filter_result.py
-- Installing: /home/dyddl2082/MacRobot/src/install/macrobot_interfaces/lib/python3.12/site-packages/macrobot_interfaces/msg/_depth_candidate_array.py
-- Installing: /home/dyddl2082/MacRobot/src/install/macrobot_interfaces/lib/python3.12/site-packages/macrobot_interfaces/msg/_depth_candidate.py
-- Installing: /home/dyddl2082/MacRobot/src/install/macrobot_interfaces/lib/python3.12/site-packages/macrobot_interfaces/msg/_depth_candidate_array_s.c
-- Installing: /home/dyddl2082/MacRobot/src/install/macrobot_interfaces/lib/python3.12/site-packages/macrobot_interfaces/msg/_rgb_candidate_crop.py
-- Installing: /home/dyddl2082/MacRobot/src/install/macrobot_interfaces/lib/python3.12/site-packages/macrobot_interfaces/msg/_rgb_candidate_crop_s.c
-- Installing: /home/dyddl2082/MacRobot/src/install/macrobot_interfaces/lib/python3.12/site-packages/macrobot_interfaces/msg/_filtered_candidate_crop_s.c
-- Installing: /home/dyddl2082/MacRobot/src/install/macrobot_interfaces/lib/python3.12/site-packages/macrobot_interfaces/msg/_candidate_filter_result_s.c
-- Installing: /home/dyddl2082/MacRobot/src/install/macrobot_interfaces/lib/python3.12/site-packages/macrobot_interfaces/msg/_filtered_candidate_crop.py
-- Installing: /home/dyddl2082/MacRobot/src/install/macrobot_interfaces/lib/python3.12/site-packages/macrobot_interfaces/msg/_embedding_retrieval_result_s.c
-- Installing: /home/dyddl2082/MacRobot/src/install/macrobot_interfaces/lib/python3.12/site-packages/macrobot_interfaces/msg/_embedding_matched_candidate.py
-- Installing: /home/dyddl2082/MacRobot/src/install/macrobot_interfaces/lib/python3.12/site-packages/macrobot_interfaces/__init__.py
-- Installing: /home/dyddl2082/MacRobot/src/install/macrobot_interfaces/lib/python3.12/site-packages/macrobot_interfaces/_macrobot_interfaces_s.ep.rosidl_typesupport_fastrtps_c.c
-- Installing: /home/dyddl2082/MacRobot/src/install/macrobot_interfaces/lib/python3.12/site-packages/macrobot_interfaces/macrobot_interfaces_s__rosidl_typesupport_introspection_c.so
-- Installing: /home/dyddl2082/MacRobot/src/install/macrobot_interfaces/lib/python3.12/site-packages/macrobot_interfaces/_macrobot_interfaces_s.ep.rosidl_typesupport_c.c
-- Installing: /home/dyddl2082/MacRobot/src/install/macrobot_interfaces/lib/python3.12/site-packages/macrobot_interfaces/_macrobot_interfaces_s.ep.rosidl_typesupport_introspection_c.c
Listing '/home/dyddl2082/MacRobot/src/install/macrobot_interfaces/lib/python3.12/site-packages/macrobot_interfaces'...
Compiling '/home/dyddl2082/MacRobot/src/install/macrobot_interfaces/lib/python3.12/site-packages/macrobot_interfaces/__init__.py'...
Listing '/home/dyddl2082/MacRobot/src/install/macrobot_interfaces/lib/python3.12/site-packages/macrobot_interfaces/msg'...
Compiling '/home/dyddl2082/MacRobot/src/install/macrobot_interfaces/lib/python3.12/site-packages/macrobot_interfaces/msg/__init__.py'...
Compiling '/home/dyddl2082/MacRobot/src/install/macrobot_interfaces/lib/python3.12/site-packages/macrobot_interfaces/msg/_candidate_filter_result.py'...
Compiling '/home/dyddl2082/MacRobot/src/install/macrobot_interfaces/lib/python3.12/site-packages/macrobot_interfaces/msg/_depth_candidate.py'...
Compiling '/home/dyddl2082/MacRobot/src/install/macrobot_interfaces/lib/python3.12/site-packages/macrobot_interfaces/msg/_depth_candidate_array.py'...
Compiling '/home/dyddl2082/MacRobot/src/install/macrobot_interfaces/lib/python3.12/site-packages/macrobot_interfaces/msg/_embedding_matched_candidate.py'...
Compiling '/home/dyddl2082/MacRobot/src/install/macrobot_interfaces/lib/python3.12/site-packages/macrobot_interfaces/msg/_embedding_retrieval_result.py'...
Compiling '/home/dyddl2082/MacRobot/src/install/macrobot_interfaces/lib/python3.12/site-packages/macrobot_interfaces/msg/_filtered_candidate_crop.py'...
Compiling '/home/dyddl2082/MacRobot/src/install/macrobot_interfaces/lib/python3.12/site-packages/macrobot_interfaces/msg/_rgb_candidate_crop.py'...
Compiling '/home/dyddl2082/MacRobot/src/install/macrobot_interfaces/lib/python3.12/site-packages/macrobot_interfaces/msg/_temporal_confirmation_result.py'...
-- Installing: /home/dyddl2082/MacRobot/src/install/macrobot_interfaces/lib/python3.12/site-packages/macrobot_interfaces/macrobot_interfaces_s__rosidl_typesupport_fastrtps_c.so
-- Set non-toolchain portion of runtime path of "/home/dyddl2082/MacRobot/src/install/macrobot_interfaces/lib/python3.12/site-packages/macrobot_interfaces/macrobot_interfaces_s__rosidl_typesupport_fastrtps_c.so" to ""
-- Installing: /home/dyddl2082/MacRobot/src/install/macrobot_interfaces/lib/python3.12/site-packages/macrobot_interfaces/macrobot_interfaces_s__rosidl_typesupport_introspection_c.so
-- Set non-toolchain portion of runtime path of "/home/dyddl2082/MacRobot/src/install/macrobot_interfaces/lib/python3.12/site-packages/macrobot_interfaces/macrobot_interfaces_s__rosidl_typesupport_introspection_c.so" to ""
-- Installing: /home/dyddl2082/MacRobot/src/install/macrobot_interfaces/lib/python3.12/site-packages/macrobot_interfaces/macrobot_interfaces_s__rosidl_typesupport_c.so
-- Set non-toolchain portion of runtime path of "/home/dyddl2082/MacRobot/src/install/macrobot_interfaces/lib/python3.12/site-packages/macrobot_interfaces/macrobot_interfaces_s__rosidl_typesupport_c.so" to ""
-- Installing: /home/dyddl2082/MacRobot/src/install/macrobot_interfaces/lib/libmacrobot_interfaces__rosidl_generator_py.so
-- Set non-toolchain portion of runtime path of "/home/dyddl2082/MacRobot/src/install/macrobot_interfaces/lib/libmacrobot_interfaces__rosidl_generator_py.so" to ""
-- Installing: /home/dyddl2082/MacRobot/src/install/macrobot_interfaces/share/ament_index/resource_index/rust_packages/macrobot_interfaces
-- Installing: /home/dyddl2082/MacRobot/src/install/macrobot_interfaces/share/macrobot_interfaces/rust
-- Installing: /home/dyddl2082/MacRobot/src/install/macrobot_interfaces/share/macrobot_interfaces/rust/Cargo.toml
-- Installing: /home/dyddl2082/MacRobot/src/install/macrobot_interfaces/share/macrobot_interfaces/rust/src
-- Installing: /home/dyddl2082/MacRobot/src/install/macrobot_interfaces/share/macrobot_interfaces/rust/src/msg
-- Installing: /home/dyddl2082/MacRobot/src/install/macrobot_interfaces/share/macrobot_interfaces/rust/src/msg/rmw.rs
-- Installing: /home/dyddl2082/MacRobot/src/install/macrobot_interfaces/share/macrobot_interfaces/rust/src/msg.rs
-- Installing: /home/dyddl2082/MacRobot/src/install/macrobot_interfaces/share/macrobot_interfaces/rust/src/lib.rs
-- Installing: /home/dyddl2082/MacRobot/src/install/macrobot_interfaces/share/macrobot_interfaces/rust/build.rs
-- Installing: /home/dyddl2082/MacRobot/src/install/macrobot_interfaces/share/macrobot_interfaces/msg/DepthCandidate.idl
-- Installing: /home/dyddl2082/MacRobot/src/install/macrobot_interfaces/share/macrobot_interfaces/msg/DepthCandidateArray.idl
-- Installing: /home/dyddl2082/MacRobot/src/install/macrobot_interfaces/share/macrobot_interfaces/msg/RgbCandidateCrop.idl
-- Installing: /home/dyddl2082/MacRobot/src/install/macrobot_interfaces/share/macrobot_interfaces/msg/CandidateFilterResult.idl
-- Installing: /home/dyddl2082/MacRobot/src/install/macrobot_interfaces/share/macrobot_interfaces/msg/FilteredCandidateCrop.idl
-- Installing: /home/dyddl2082/MacRobot/src/install/macrobot_interfaces/share/macrobot_interfaces/msg/EmbeddingRetrievalResult.idl
-- Installing: /home/dyddl2082/MacRobot/src/install/macrobot_interfaces/share/macrobot_interfaces/msg/EmbeddingMatchedCandidate.idl
-- Installing: /home/dyddl2082/MacRobot/src/install/macrobot_interfaces/share/macrobot_interfaces/msg/TemporalConfirmationResult.idl
-- Installing: /home/dyddl2082/MacRobot/src/install/macrobot_interfaces/share/macrobot_interfaces/msg/DepthCandidate.msg
-- Installing: /home/dyddl2082/MacRobot/src/install/macrobot_interfaces/share/macrobot_interfaces/msg/DepthCandidateArray.msg
-- Installing: /home/dyddl2082/MacRobot/src/install/macrobot_interfaces/share/macrobot_interfaces/msg/RgbCandidateCrop.msg
-- Installing: /home/dyddl2082/MacRobot/src/install/macrobot_interfaces/share/macrobot_interfaces/msg/CandidateFilterResult.msg
-- Installing: /home/dyddl2082/MacRobot/src/install/macrobot_interfaces/share/macrobot_interfaces/msg/FilteredCandidateCrop.msg
-- Installing: /home/dyddl2082/MacRobot/src/install/macrobot_interfaces/share/macrobot_interfaces/msg/EmbeddingRetrievalResult.msg
-- Installing: /home/dyddl2082/MacRobot/src/install/macrobot_interfaces/share/macrobot_interfaces/msg/EmbeddingMatchedCandidate.msg
-- Installing: /home/dyddl2082/MacRobot/src/install/macrobot_interfaces/share/macrobot_interfaces/msg/TemporalConfirmationResult.msg
-- Installing: /home/dyddl2082/MacRobot/src/install/macrobot_interfaces/share/ament_index/resource_index/package_run_dependencies/macrobot_interfaces
-- Installing: /home/dyddl2082/MacRobot/src/install/macrobot_interfaces/share/ament_index/resource_index/parent_prefix_path/macrobot_interfaces
-- Installing: /home/dyddl2082/MacRobot/src/install/macrobot_interfaces/share/macrobot_interfaces/environment/ament_prefix_path.sh
-- Installing: /home/dyddl2082/MacRobot/src/install/macrobot_interfaces/share/macrobot_interfaces/environment/ament_prefix_path.dsv
-- Installing: /home/dyddl2082/MacRobot/src/install/macrobot_interfaces/share/macrobot_interfaces/environment/path.sh
-- Installing: /home/dyddl2082/MacRobot/src/install/macrobot_interfaces/share/macrobot_interfaces/environment/path.dsv
-- Installing: /home/dyddl2082/MacRobot/src/install/macrobot_interfaces/share/macrobot_interfaces/local_setup.bash
-- Installing: /home/dyddl2082/MacRobot/src/install/macrobot_interfaces/share/macrobot_interfaces/local_setup.sh
-- Installing: /home/dyddl2082/MacRobot/src/install/macrobot_interfaces/share/macrobot_interfaces/local_setup.zsh
-- Installing: /home/dyddl2082/MacRobot/src/install/macrobot_interfaces/share/macrobot_interfaces/local_setup.dsv
-- Installing: /home/dyddl2082/MacRobot/src/install/macrobot_interfaces/share/macrobot_interfaces/package.dsv
-- Installing: /home/dyddl2082/MacRobot/src/install/macrobot_interfaces/share/ament_index/resource_index/packages/macrobot_interfaces
-- Installing: /home/dyddl2082/MacRobot/src/install/macrobot_interfaces/share/macrobot_interfaces/cmake/export_macrobot_interfaces__rosidl_generator_cExport.cmake
-- Installing: /home/dyddl2082/MacRobot/src/install/macrobot_interfaces/share/macrobot_interfaces/cmake/export_macrobot_interfaces__rosidl_generator_cExport-noconfig.cmake
-- Installing: /home/dyddl2082/MacRobot/src/install/macrobot_interfaces/share/macrobot_interfaces/cmake/export_macrobot_interfaces__rosidl_typesupport_fastrtps_cExport.cmake
-- Installing: /home/dyddl2082/MacRobot/src/install/macrobot_interfaces/share/macrobot_interfaces/cmake/export_macrobot_interfaces__rosidl_typesupport_fastrtps_cExport-noconfig.cmake
-- Installing: /home/dyddl2082/MacRobot/src/install/macrobot_interfaces/share/macrobot_interfaces/cmake/macrobot_interfaces__rosidl_typesupport_introspection_cExport.cmake
-- Installing: /home/dyddl2082/MacRobot/src/install/macrobot_interfaces/share/macrobot_interfaces/cmake/macrobot_interfaces__rosidl_typesupport_introspection_cExport-noconfig.cmake
-- Installing: /home/dyddl2082/MacRobot/src/install/macrobot_interfaces/share/macrobot_interfaces/cmake/macrobot_interfaces__rosidl_typesupport_cExport.cmake
-- Installing: /home/dyddl2082/MacRobot/src/install/macrobot_interfaces/share/macrobot_interfaces/cmake/macrobot_interfaces__rosidl_typesupport_cExport-noconfig.cmake
-- Installing: /home/dyddl2082/MacRobot/src/install/macrobot_interfaces/share/macrobot_interfaces/cmake/export_macrobot_interfaces__rosidl_generator_cppExport.cmake
-- Installing: /home/dyddl2082/MacRobot/src/install/macrobot_interfaces/share/macrobot_interfaces/cmake/export_macrobot_interfaces__rosidl_typesupport_fastrtps_cppExport.cmake
-- Installing: /home/dyddl2082/MacRobot/src/install/macrobot_interfaces/share/macrobot_interfaces/cmake/export_macrobot_interfaces__rosidl_typesupport_fastrtps_cppExport-noconfig.cmake
-- Installing: /home/dyddl2082/MacRobot/src/install/macrobot_interfaces/share/macrobot_interfaces/cmake/macrobot_interfaces__rosidl_typesupport_introspection_cppExport.cmake
-- Installing: /home/dyddl2082/MacRobot/src/install/macrobot_interfaces/share/macrobot_interfaces/cmake/macrobot_interfaces__rosidl_typesupport_introspection_cppExport-noconfig.cmake
-- Installing: /home/dyddl2082/MacRobot/src/install/macrobot_interfaces/share/macrobot_interfaces/cmake/macrobot_interfaces__rosidl_typesupport_cppExport.cmake
-- Installing: /home/dyddl2082/MacRobot/src/install/macrobot_interfaces/share/macrobot_interfaces/cmake/macrobot_interfaces__rosidl_typesupport_cppExport-noconfig.cmake
-- Installing: /home/dyddl2082/MacRobot/src/install/macrobot_interfaces/share/macrobot_interfaces/cmake/export_macrobot_interfaces__rosidl_generator_pyExport.cmake
-- Installing: /home/dyddl2082/MacRobot/src/install/macrobot_interfaces/share/macrobot_interfaces/cmake/export_macrobot_interfaces__rosidl_generator_pyExport-noconfig.cmake
-- Installing: /home/dyddl2082/MacRobot/src/install/macrobot_interfaces/share/macrobot_interfaces/cmake/rosidl_cmake-extras.cmake
-- Installing: /home/dyddl2082/MacRobot/src/install/macrobot_interfaces/share/macrobot_interfaces/cmake/ament_cmake_export_dependencies-extras.cmake
-- Installing: /home/dyddl2082/MacRobot/src/install/macrobot_interfaces/share/macrobot_interfaces/cmake/ament_cmake_export_include_directories-extras.cmake
-- Installing: /home/dyddl2082/MacRobot/src/install/macrobot_interfaces/share/macrobot_interfaces/cmake/ament_cmake_export_libraries-extras.cmake
-- Installing: /home/dyddl2082/MacRobot/src/install/macrobot_interfaces/share/macrobot_interfaces/cmake/ament_cmake_export_targets-extras.cmake
-- Installing: /home/dyddl2082/MacRobot/src/install/macrobot_interfaces/share/macrobot_interfaces/cmake/rosidl_cmake_export_typesupport_targets-extras.cmake
-- Installing: /home/dyddl2082/MacRobot/src/install/macrobot_interfaces/share/macrobot_interfaces/cmake/rosidl_cmake_export_typesupport_libraries-extras.cmake
-- Installing: /home/dyddl2082/MacRobot/src/install/macrobot_interfaces/share/macrobot_interfaces/cmake/rosidl_cmake_aggregate_target-extras.cmake
-- Installing: /home/dyddl2082/MacRobot/src/install/macrobot_interfaces/share/macrobot_interfaces/cmake/macrobot_interfacesConfig.cmake
-- Installing: /home/dyddl2082/MacRobot/src/install/macrobot_interfaces/share/macrobot_interfaces/cmake/macrobot_interfacesConfig-version.cmake
-- Installing: /home/dyddl2082/MacRobot/src/install/macrobot_interfaces/share/macrobot_interfaces/package.xml
