[3.401s] Invoking command in '/home/dyddl2082/MacRobot/src/macrobot_perception': AMENT_PREFIX_PATH=/home/dyddl2082/MacRobot/src/install/macrobot_interfaces:${AMENT_PREFIX_PATH} CMAKE_PREFIX_PATH=/home/dyddl2082/MacRobot/src/install/macrobot_interfaces:${CMAKE_PREFIX_PATH} LD_LIBRARY_PATH=/home/dyddl2082/MacRobot/src/install/macrobot_interfaces/lib:${LD_LIBRARY_PATH} PYTHONPATH=/home/dyddl2082/MacRobot/src/build/macrobot_perception/prefix_override:/usr/lib/python3/dist-packages/colcon_core/task/python/colcon_distutils_commands:/home/dyddl2082/MacRobot/src/install/macrobot_perception/lib/python3.12/site-packages:/home/dyddl2082/MacRobot/src/install/macrobot_interfaces/lib/python3.12/site-packages:${PYTHONPATH} /usr/bin/python3 -W ignore:setup.py install is deprecated -W ignore:easy_install command is deprecated setup.py egg_info --egg-base ../build/macrobot_perception build --build-base /home/dyddl2082/MacRobot/src/build/macrobot_perception/build install --record /home/dyddl2082/MacRobot/src/build/macrobot_perception/install.log --install-scripts $base/lib/macrobot_perception --single-version-externally-managed install_data
[4.140s] running egg_info
[4.144s] creating ../build/macrobot_perception/macrobot_perception.egg-info
[4.185s] writing ../build/macrobot_perception/macrobot_perception.egg-info/PKG-INFO
[4.186s] writing dependency_links to ../build/macrobot_perception/macrobot_perception.egg-info/dependency_links.txt
[4.187s] writing entry points to ../build/macrobot_perception/macrobot_perception.egg-info/entry_points.txt
[4.187s] writing requirements to ../build/macrobot_perception/macrobot_perception.egg-info/requires.txt
[4.188s] writing top-level names to ../build/macrobot_perception/macrobot_perception.egg-info/top_level.txt
[4.188s] writing manifest file '../build/macrobot_perception/macrobot_perception.egg-info/SOURCES.txt'
[4.372s] reading manifest file '../build/macrobot_perception/macrobot_perception.egg-info/SOURCES.txt'
[4.374s] writing manifest file '../build/macrobot_perception/macrobot_perception.egg-info/SOURCES.txt'
[4.375s] running build
[4.376s] running build_py
[4.378s] creating /home/dyddl2082/MacRobot/src/build/macrobot_perception/build
[4.380s] creating /home/dyddl2082/MacRobot/src/build/macrobot_perception/build/lib
[4.381s] creating /home/dyddl2082/MacRobot/src/build/macrobot_perception/build/lib/temporal_confirmation
[4.384s] copying temporal_confirmation/temporal_confirmation_node.py -> /home/dyddl2082/MacRobot/src/build/macrobot_perception/build/lib/temporal_confirmation
[4.384s] copying temporal_confirmation/__init__.py -> /home/dyddl2082/MacRobot/src/build/macrobot_perception/build/lib/temporal_confirmation
[4.384s] copying temporal_confirmation/temporal_core.py -> /home/dyddl2082/MacRobot/src/build/macrobot_perception/build/lib/temporal_confirmation
[4.388s] creating /home/dyddl2082/MacRobot/src/build/macrobot_perception/build/lib/candidate_filter
[4.390s] copying candidate_filter/__init__.py -> /home/dyddl2082/MacRobot/src/build/macrobot_perception/build/lib/candidate_filter
[4.391s] copying candidate_filter/filter_core.py -> /home/dyddl2082/MacRobot/src/build/macrobot_perception/build/lib/candidate_filter
[4.394s] copying candidate_filter/candidate_filter_node.py -> /home/dyddl2082/MacRobot/src/build/macrobot_perception/build/lib/candidate_filter
[4.397s] creating /home/dyddl2082/MacRobot/src/build/macrobot_perception/build/lib/embedding_retrieval
[4.400s] copying embedding_retrieval/__init__.py -> /home/dyddl2082/MacRobot/src/build/macrobot_perception/build/lib/embedding_retrieval
[4.406s] copying embedding_retrieval/embedding_retrieval_node.py -> /home/dyddl2082/MacRobot/src/build/macrobot_perception/build/lib/embedding_retrieval
[4.407s] copying embedding_retrieval/embedding_core.py -> /home/dyddl2082/MacRobot/src/build/macrobot_perception/build/lib/embedding_retrieval
[4.409s] copying embedding_retrieval/dinov2_backend.py -> /home/dyddl2082/MacRobot/src/build/macrobot_perception/build/lib/embedding_retrieval
[4.410s] running build_scripts
[4.411s] creating /home/dyddl2082/MacRobot/src/build/macrobot_perception/build/scripts-3.12
[4.412s] copying scripts/embedding_retrieval_node -> /home/dyddl2082/MacRobot/src/build/macrobot_perception/build/scripts-3.12
[4.412s] running install
[4.419s] running install_lib
[4.477s] creating /home/dyddl2082/MacRobot/src/install/macrobot_perception/lib/python3.12/site-packages/temporal_confirmation
[4.478s] copying /home/dyddl2082/MacRobot/src/build/macrobot_perception/build/lib/temporal_confirmation/temporal_confirmation_node.py -> /home/dyddl2082/MacRobot/src/install/macrobot_perception/lib/python3.12/site-packages/temporal_confirmation
[4.478s] copying /home/dyddl2082/MacRobot/src/build/macrobot_perception/build/lib/temporal_confirmation/__init__.py -> /home/dyddl2082/MacRobot/src/install/macrobot_perception/lib/python3.12/site-packages/temporal_confirmation
[4.478s] copying /home/dyddl2082/MacRobot/src/build/macrobot_perception/build/lib/temporal_confirmation/temporal_core.py -> /home/dyddl2082/MacRobot/src/install/macrobot_perception/lib/python3.12/site-packages/temporal_confirmation
[4.478s] creating /home/dyddl2082/MacRobot/src/install/macrobot_perception/lib/python3.12/site-packages/candidate_filter
[4.479s] copying /home/dyddl2082/MacRobot/src/build/macrobot_perception/build/lib/candidate_filter/__init__.py -> /home/dyddl2082/MacRobot/src/install/macrobot_perception/lib/python3.12/site-packages/candidate_filter
[4.479s] copying /home/dyddl2082/MacRobot/src/build/macrobot_perception/build/lib/candidate_filter/filter_core.py -> /home/dyddl2082/MacRobot/src/install/macrobot_perception/lib/python3.12/site-packages/candidate_filter
[4.479s] copying /home/dyddl2082/MacRobot/src/build/macrobot_perception/build/lib/candidate_filter/candidate_filter_node.py -> /home/dyddl2082/MacRobot/src/install/macrobot_perception/lib/python3.12/site-packages/candidate_filter
[4.480s] creating /home/dyddl2082/MacRobot/src/install/macrobot_perception/lib/python3.12/site-packages/embedding_retrieval
[4.480s] copying /home/dyddl2082/MacRobot/src/build/macrobot_perception/build/lib/embedding_retrieval/__init__.py -> /home/dyddl2082/MacRobot/src/install/macrobot_perception/lib/python3.12/site-packages/embedding_retrieval
[4.481s] copying /home/dyddl2082/MacRobot/src/build/macrobot_perception/build/lib/embedding_retrieval/embedding_retrieval_node.py -> /home/dyddl2082/MacRobot/src/install/macrobot_perception/lib/python3.12/site-packages/embedding_retrieval
[4.481s] copying /home/dyddl2082/MacRobot/src/build/macrobot_perception/build/lib/embedding_retrieval/embedding_core.py -> /home/dyddl2082/MacRobot/src/install/macrobot_perception/lib/python3.12/site-packages/embedding_retrieval
[4.481s] copying /home/dyddl2082/MacRobot/src/build/macrobot_perception/build/lib/embedding_retrieval/dinov2_backend.py -> /home/dyddl2082/MacRobot/src/install/macrobot_perception/lib/python3.12/site-packages/embedding_retrieval
[4.481s] byte-compiling /home/dyddl2082/MacRobot/src/install/macrobot_perception/lib/python3.12/site-packages/temporal_confirmation/temporal_confirmation_node.py to temporal_confirmation_node.cpython-312.pyc
[4.489s] byte-compiling /home/dyddl2082/MacRobot/src/install/macrobot_perception/lib/python3.12/site-packages/temporal_confirmation/__init__.py to __init__.cpython-312.pyc
[4.489s] byte-compiling /home/dyddl2082/MacRobot/src/install/macrobot_perception/lib/python3.12/site-packages/temporal_confirmation/temporal_core.py to temporal_core.cpython-312.pyc
[4.497s] byte-compiling /home/dyddl2082/MacRobot/src/install/macrobot_perception/lib/python3.12/site-packages/candidate_filter/__init__.py to __init__.cpython-312.pyc
[4.499s] byte-compiling /home/dyddl2082/MacRobot/src/install/macrobot_perception/lib/python3.12/site-packages/candidate_filter/filter_core.py to filter_core.cpython-312.pyc
[4.514s] byte-compiling /home/dyddl2082/MacRobot/src/install/macrobot_perception/lib/python3.12/site-packages/candidate_filter/candidate_filter_node.py to candidate_filter_node.cpython-312.pyc
[4.533s] byte-compiling /home/dyddl2082/MacRobot/src/install/macrobot_perception/lib/python3.12/site-packages/embedding_retrieval/__init__.py to __init__.cpython-312.pyc
[4.534s] byte-compiling /home/dyddl2082/MacRobot/src/install/macrobot_perception/lib/python3.12/site-packages/embedding_retrieval/embedding_retrieval_node.py to embedding_retrieval_node.cpython-312.pyc
[4.541s] byte-compiling /home/dyddl2082/MacRobot/src/install/macrobot_perception/lib/python3.12/site-packages/embedding_retrieval/embedding_core.py to embedding_core.cpython-312.pyc
[4.546s] byte-compiling /home/dyddl2082/MacRobot/src/install/macrobot_perception/lib/python3.12/site-packages/embedding_retrieval/dinov2_backend.py to dinov2_backend.cpython-312.pyc
[4.548s] running install_data
[4.548s] creating /home/dyddl2082/MacRobot/src/install/macrobot_perception/share/ament_index
[4.548s] creating /home/dyddl2082/MacRobot/src/install/macrobot_perception/share/ament_index/resource_index
[4.548s] creating /home/dyddl2082/MacRobot/src/install/macrobot_perception/share/ament_index/resource_index/packages
[4.549s] copying resource/macrobot_perception -> /home/dyddl2082/MacRobot/src/install/macrobot_perception/share/ament_index/resource_index/packages
[4.549s] copying package.xml -> /home/dyddl2082/MacRobot/src/install/macrobot_perception/share/macrobot_perception
[4.549s] copying requirements.txt -> /home/dyddl2082/MacRobot/src/install/macrobot_perception/share/macrobot_perception
[4.550s] copying README.md -> /home/dyddl2082/MacRobot/src/install/macrobot_perception/share/macrobot_perception
[4.551s] creating /home/dyddl2082/MacRobot/src/install/macrobot_perception/share/macrobot_perception/launch
[4.551s] copying launch/embedding_retrieval.launch.py -> /home/dyddl2082/MacRobot/src/install/macrobot_perception/share/macrobot_perception/launch
[4.552s] copying launch/temporal_confirmation.launch.py -> /home/dyddl2082/MacRobot/src/install/macrobot_perception/share/macrobot_perception/launch
[4.554s] copying launch/candidate_filter.launch.py -> /home/dyddl2082/MacRobot/src/install/macrobot_perception/share/macrobot_perception/launch
[4.555s] copying launch/pc_recognition_pipeline.launch.py -> /home/dyddl2082/MacRobot/src/install/macrobot_perception/share/macrobot_perception/launch
[4.557s] creating /home/dyddl2082/MacRobot/src/install/macrobot_perception/share/macrobot_perception/config
[4.558s] copying config/embedding_retrieval.yaml -> /home/dyddl2082/MacRobot/src/install/macrobot_perception/share/macrobot_perception/config
[4.559s] copying config/candidate_filter.yaml -> /home/dyddl2082/MacRobot/src/install/macrobot_perception/share/macrobot_perception/config
[4.559s] copying config/temporal_confirmation.yaml -> /home/dyddl2082/MacRobot/src/install/macrobot_perception/share/macrobot_perception/config
[4.560s] running install_egg_info
[4.625s] Copying ../build/macrobot_perception/macrobot_perception.egg-info to /home/dyddl2082/MacRobot/src/install/macrobot_perception/lib/python3.12/site-packages/macrobot_perception-0.2.0-py3.12.egg-info
[4.637s] running install_scripts
[4.697s] creating /home/dyddl2082/MacRobot/src/install/macrobot_perception/lib/macrobot_perception
[4.698s] copying /home/dyddl2082/MacRobot/src/build/macrobot_perception/build/scripts-3.12/embedding_retrieval_node -> /home/dyddl2082/MacRobot/src/install/macrobot_perception/lib/macrobot_perception
[4.698s] changing mode of /home/dyddl2082/MacRobot/src/install/macrobot_perception/lib/macrobot_perception/embedding_retrieval_node to 755
[4.943s] Installing candidate_filter_node script to /home/dyddl2082/MacRobot/src/install/macrobot_perception/lib/macrobot_perception
[4.943s] Installing temporal_confirmation_node script to /home/dyddl2082/MacRobot/src/install/macrobot_perception/lib/macrobot_perception
[4.944s] writing list of installed files to '/home/dyddl2082/MacRobot/src/build/macrobot_perception/install.log'
[5.009s] Invoked command in '/home/dyddl2082/MacRobot/src/macrobot_perception' returned '0': AMENT_PREFIX_PATH=/home/dyddl2082/MacRobot/src/install/macrobot_interfaces:${AMENT_PREFIX_PATH} CMAKE_PREFIX_PATH=/home/dyddl2082/MacRobot/src/install/macrobot_interfaces:${CMAKE_PREFIX_PATH} LD_LIBRARY_PATH=/home/dyddl2082/MacRobot/src/install/macrobot_interfaces/lib:${LD_LIBRARY_PATH} PYTHONPATH=/home/dyddl2082/MacRobot/src/build/macrobot_perception/prefix_override:/usr/lib/python3/dist-packages/colcon_core/task/python/colcon_distutils_commands:/home/dyddl2082/MacRobot/src/install/macrobot_perception/lib/python3.12/site-packages:/home/dyddl2082/MacRobot/src/install/macrobot_interfaces/lib/python3.12/site-packages:${PYTHONPATH} /usr/bin/python3 -W ignore:setup.py install is deprecated -W ignore:easy_install command is deprecated setup.py egg_info --egg-base ../build/macrobot_perception build --build-base /home/dyddl2082/MacRobot/src/build/macrobot_perception/build install --record /home/dyddl2082/MacRobot/src/build/macrobot_perception/install.log --install-scripts $base/lib/macrobot_perception --single-version-externally-managed install_data
