/home/dyddl2082/MacRobot/src/install/macrobot_object_finder/lib/python3.12/site-packages/macrobot_object_finder/__init__.py
/home/dyddl2082/MacRobot/src/install/macrobot_object_finder/lib/python3.12/site-packages/macrobot_object_finder/finder_core.py
/home/dyddl2082/MacRobot/src/install/macrobot_object_finder/lib/python3.12/site-packages/macrobot_object_finder/object_finder_node.py
/home/dyddl2082/MacRobot/src/install/macrobot_object_finder/lib/python3.12/site-packages/macrobot_object_finder/object_finder_cli.py
/home/dyddl2082/MacRobot/src/install/macrobot_object_finder/lib/python3.12/site-packages/macrobot_object_finder/__pycache__/__init__.cpython-312.pyc
/home/dyddl2082/MacRobot/src/install/macrobot_object_finder/lib/python3.12/site-packages/macrobot_object_finder/__pycache__/finder_core.cpython-312.pyc
/home/dyddl2082/MacRobot/src/install/macrobot_object_finder/lib/python3.12/site-packages/macrobot_object_finder/__pycache__/object_finder_node.cpython-312.pyc
/home/dyddl2082/MacRobot/src/install/macrobot_object_finder/lib/python3.12/site-packages/macrobot_object_finder/__pycache__/object_finder_cli.cpython-312.pyc
/home/dyddl2082/MacRobot/src/install/macrobot_object_finder/share/ament_index/resource_index/packages/macrobot_object_finder
/home/dyddl2082/MacRobot/src/install/macrobot_object_finder/share/macrobot_object_finder/package.xml
/home/dyddl2082/MacRobot/src/install/macrobot_object_finder/share/macrobot_object_finder/README.md
/home/dyddl2082/MacRobot/src/install/macrobot_object_finder/share/macrobot_object_finder/launch/object_finder_manager.launch.py
/home/dyddl2082/MacRobot/src/install/macrobot_object_finder/share/macrobot_object_finder/launch/object_finder_wsl_legacy.launch.py
/home/dyddl2082/MacRobot/src/install/macrobot_object_finder/share/macrobot_object_finder/launch/object_finder_wsl.launch.py
/home/dyddl2082/MacRobot/src/install/macrobot_object_finder/share/macrobot_object_finder/config/object_finder.yaml
/home/dyddl2082/MacRobot/src/install/macrobot_object_finder/share/macrobot_object_finder/docs/PICK_INTEGRATION_KO.md
/home/dyddl2082/MacRobot/src/install/macrobot_object_finder/share/macrobot_object_finder/docs/RESULT_CONTRACT_KO.md
/home/dyddl2082/MacRobot/src/install/macrobot_object_finder/share/macrobot_object_finder/docs/TROUBLESHOOTING_KO.md
/home/dyddl2082/MacRobot/src/install/macrobot_object_finder/share/macrobot_object_finder/docs/PIPELINE_KO.md
/home/dyddl2082/MacRobot/src/install/macrobot_object_finder/share/macrobot_object_finder/scripts/find_object.sh
/home/dyddl2082/MacRobot/src/install/macrobot_object_finder/share/macrobot_object_finder/scripts/check_object_finder.sh
/home/dyddl2082/MacRobot/src/install/macrobot_object_finder/lib/python3.12/site-packages/macrobot_object_finder-0.1.0-py3.12.egg-info/requires.txt
/home/dyddl2082/MacRobot/src/install/macrobot_object_finder/lib/python3.12/site-packages/macrobot_object_finder-0.1.0-py3.12.egg-info/dependency_links.txt
/home/dyddl2082/MacRobot/src/install/macrobot_object_finder/lib/python3.12/site-packages/macrobot_object_finder-0.1.0-py3.12.egg-info/entry_points.txt
/home/dyddl2082/MacRobot/src/install/macrobot_object_finder/lib/python3.12/site-packages/macrobot_object_finder-0.1.0-py3.12.egg-info/SOURCES.txt
/home/dyddl2082/MacRobot/src/install/macrobot_object_finder/lib/python3.12/site-packages/macrobot_object_finder-0.1.0-py3.12.egg-info/top_level.txt
/home/dyddl2082/MacRobot/src/install/macrobot_object_finder/lib/python3.12/site-packages/macrobot_object_finder-0.1.0-py3.12.egg-info/PKG-INFO
/home/dyddl2082/MacRobot/src/install/macrobot_object_finder/lib/python3.12/site-packages/macrobot_object_finder-0.1.0-py3.12.egg-info/zip-safe
/home/dyddl2082/MacRobot/src/install/macrobot_object_finder/lib/macrobot_object_finder/object_finder_cli
/home/dyddl2082/MacRobot/src/install/macrobot_object_finder/lib/macrobot_object_finder/object_finder_node
