/home/dyddl2082/MacRobot/src/install/d435_capture_crop/lib/python3.12/site-packages/d435_capture_crop/__init__.py
/home/dyddl2082/MacRobot/src/install/d435_capture_crop/lib/python3.12/site-packages/d435_capture_crop/d435_capture_crop_node.py
/home/dyddl2082/MacRobot/src/install/d435_capture_crop/lib/python3.12/site-packages/d435_capture_crop/web_server.py
/home/dyddl2082/MacRobot/src/install/d435_capture_crop/lib/python3.12/site-packages/d435_capture_crop/negative_library.py
/home/dyddl2082/MacRobot/src/install/d435_capture_crop/lib/python3.12/site-packages/d435_capture_crop/capture_core.py
/home/dyddl2082/MacRobot/src/install/d435_capture_crop/lib/python3.12/site-packages/d435_capture_crop/__pycache__/__init__.cpython-312.pyc
/home/dyddl2082/MacRobot/src/install/d435_capture_crop/lib/python3.12/site-packages/d435_capture_crop/__pycache__/d435_capture_crop_node.cpython-312.pyc
/home/dyddl2082/MacRobot/src/install/d435_capture_crop/lib/python3.12/site-packages/d435_capture_crop/__pycache__/web_server.cpython-312.pyc
/home/dyddl2082/MacRobot/src/install/d435_capture_crop/lib/python3.12/site-packages/d435_capture_crop/__pycache__/negative_library.cpython-312.pyc
/home/dyddl2082/MacRobot/src/install/d435_capture_crop/lib/python3.12/site-packages/d435_capture_crop/__pycache__/capture_core.cpython-312.pyc
/home/dyddl2082/MacRobot/src/install/d435_capture_crop/share/ament_index/resource_index/packages/d435_capture_crop
/home/dyddl2082/MacRobot/src/install/d435_capture_crop/share/d435_capture_crop/package.xml
/home/dyddl2082/MacRobot/src/install/d435_capture_crop/share/d435_capture_crop/README.md
/home/dyddl2082/MacRobot/src/install/d435_capture_crop/share/d435_capture_crop/README_KO.md
/home/dyddl2082/MacRobot/src/install/d435_capture_crop/share/d435_capture_crop/launch/d435_capture_crop.launch.py
/home/dyddl2082/MacRobot/src/install/d435_capture_crop/share/d435_capture_crop/config/d435_capture_crop.yaml
/home/dyddl2082/MacRobot/src/install/d435_capture_crop/share/d435_capture_crop/web/index.html
/home/dyddl2082/MacRobot/src/install/d435_capture_crop/share/d435_capture_crop/web/style.css
/home/dyddl2082/MacRobot/src/install/d435_capture_crop/share/d435_capture_crop/web/app.js
/home/dyddl2082/MacRobot/src/install/d435_capture_crop/lib/python3.12/site-packages/d435_capture_crop-2.0.0-py3.12.egg-info/requires.txt
/home/dyddl2082/MacRobot/src/install/d435_capture_crop/lib/python3.12/site-packages/d435_capture_crop-2.0.0-py3.12.egg-info/dependency_links.txt
/home/dyddl2082/MacRobot/src/install/d435_capture_crop/lib/python3.12/site-packages/d435_capture_crop-2.0.0-py3.12.egg-info/entry_points.txt
/home/dyddl2082/MacRobot/src/install/d435_capture_crop/lib/python3.12/site-packages/d435_capture_crop-2.0.0-py3.12.egg-info/SOURCES.txt
/home/dyddl2082/MacRobot/src/install/d435_capture_crop/lib/python3.12/site-packages/d435_capture_crop-2.0.0-py3.12.egg-info/top_level.txt
/home/dyddl2082/MacRobot/src/install/d435_capture_crop/lib/python3.12/site-packages/d435_capture_crop-2.0.0-py3.12.egg-info/PKG-INFO
/home/dyddl2082/MacRobot/src/install/d435_capture_crop/lib/python3.12/site-packages/d435_capture_crop-2.0.0-py3.12.egg-info/zip-safe
/home/dyddl2082/MacRobot/src/install/d435_capture_crop/lib/d435_capture_crop/d435_capture_crop_node
