/home/dyddl2082/MacRobot/src/install/macrobot_arm_control/lib/python3.12/site-packages/macrobot_arm_control/servo_mapping.py
/home/dyddl2082/MacRobot/src/install/macrobot_arm_control/lib/python3.12/site-packages/macrobot_arm_control/__init__.py
/home/dyddl2082/MacRobot/src/install/macrobot_arm_control/lib/python3.12/site-packages/macrobot_arm_control/servo_bridge_node.py
/home/dyddl2082/MacRobot/src/install/macrobot_arm_control/lib/python3.12/site-packages/macrobot_arm_control/safety.py
/home/dyddl2082/MacRobot/src/install/macrobot_arm_control/lib/python3.12/site-packages/macrobot_arm_control/ik_validator_node.py
/home/dyddl2082/MacRobot/src/install/macrobot_arm_control/lib/python3.12/site-packages/macrobot_arm_control/__pycache__/servo_mapping.cpython-312.pyc
/home/dyddl2082/MacRobot/src/install/macrobot_arm_control/lib/python3.12/site-packages/macrobot_arm_control/__pycache__/__init__.cpython-312.pyc
/home/dyddl2082/MacRobot/src/install/macrobot_arm_control/lib/python3.12/site-packages/macrobot_arm_control/__pycache__/servo_bridge_node.cpython-312.pyc
/home/dyddl2082/MacRobot/src/install/macrobot_arm_control/lib/python3.12/site-packages/macrobot_arm_control/__pycache__/safety.cpython-312.pyc
/home/dyddl2082/MacRobot/src/install/macrobot_arm_control/lib/python3.12/site-packages/macrobot_arm_control/__pycache__/ik_validator_node.cpython-312.pyc
/home/dyddl2082/MacRobot/src/install/macrobot_arm_control/share/ament_index/resource_index/packages/macrobot_arm_control
/home/dyddl2082/MacRobot/src/install/macrobot_arm_control/share/macrobot_arm_control/package.xml
/home/dyddl2082/MacRobot/src/install/macrobot_arm_control/share/macrobot_arm_control/launch/arm_pipeline.launch.py
/home/dyddl2082/MacRobot/src/install/macrobot_arm_control/share/macrobot_arm_control/config/control_defaults.yaml
/home/dyddl2082/MacRobot/src/install/macrobot_arm_control/lib/python3.12/site-packages/macrobot_arm_control-0.1.0-py3.12.egg-info/requires.txt
/home/dyddl2082/MacRobot/src/install/macrobot_arm_control/lib/python3.12/site-packages/macrobot_arm_control-0.1.0-py3.12.egg-info/dependency_links.txt
/home/dyddl2082/MacRobot/src/install/macrobot_arm_control/lib/python3.12/site-packages/macrobot_arm_control-0.1.0-py3.12.egg-info/entry_points.txt
/home/dyddl2082/MacRobot/src/install/macrobot_arm_control/lib/python3.12/site-packages/macrobot_arm_control-0.1.0-py3.12.egg-info/SOURCES.txt
/home/dyddl2082/MacRobot/src/install/macrobot_arm_control/lib/python3.12/site-packages/macrobot_arm_control-0.1.0-py3.12.egg-info/top_level.txt
/home/dyddl2082/MacRobot/src/install/macrobot_arm_control/lib/python3.12/site-packages/macrobot_arm_control-0.1.0-py3.12.egg-info/PKG-INFO
/home/dyddl2082/MacRobot/src/install/macrobot_arm_control/lib/python3.12/site-packages/macrobot_arm_control-0.1.0-py3.12.egg-info/zip-safe
/home/dyddl2082/MacRobot/src/install/macrobot_arm_control/lib/macrobot_arm_control/ik_validator_node
/home/dyddl2082/MacRobot/src/install/macrobot_arm_control/lib/macrobot_arm_control/servo_bridge_node
