[0.268s] Invoking command in '/home/dyddl2082/MacRobot/src/build/macrobot_description': AMENT_PREFIX_PATH=/home/dyddl2082/MacRobot/src/install/macrobot_arm_kinematics:${AMENT_PREFIX_PATH} CMAKE_PREFIX_PATH=${CMAKE_PREFIX_PATH}:/home/dyddl2082/MacRobot/install/macrobot_pick_pipeline:/home/dyddl2082/MacRobot/install/pico_debug:/home/dyddl2082/MacRobot/install/macrobot_teleop:/home/dyddl2082/MacRobot/install/macrobot_arm_commissioning:/home/dyddl2082/MacRobot/install/macrobot_arm_control:/home/dyddl2082/MacRobot/install/macrobot_object_finder:/home/dyddl2082/MacRobot/install/macrobot_perception:/home/dyddl2082/MacRobot/install/depth_candidate_proposal:/home/dyddl2082/MacRobot/install/macrobot_arm_kinematics:/home/dyddl2082/MacRobot/install/d435_capture_crop:/opt/ros/jazzy PYTHONPATH=/home/dyddl2082/MacRobot/src/install/macrobot_arm_kinematics/lib/python3.12/site-packages:${PYTHONPATH} /usr/bin/cmake /home/dyddl2082/MacRobot/src/macrobot_description -DCMAKE_INSTALL_PREFIX=/home/dyddl2082/MacRobot/src/install/macrobot_description
[0.515s] -- The C compiler identification is GNU 13.3.0
[2.310s] -- The CXX compiler identification is GNU 13.3.0
[4.204s] -- Detecting C compiler ABI info
[4.868s] -- Detecting C compiler ABI info - done
[4.894s] -- Check for working C compiler: /usr/bin/cc - skipped
[4.894s] -- Detecting C compile features
[4.895s] -- Detecting C compile features - done
[5.141s] -- Detecting CXX compiler ABI info
[5.814s] -- Detecting CXX compiler ABI info - done
[5.853s] -- Check for working CXX compiler: /usr/bin/c++ - skipped
[5.853s] -- Detecting CXX compile features
[5.854s] -- Detecting CXX compile features - done
[5.859s] -- Found ament_cmake: 2.5.6 (/opt/ros/jazzy/share/ament_cmake/cmake)
[6.239s] -- Found Python3: /usr/bin/python3 (found version "3.12.3") found components: Interpreter 
[6.872s] -- Configuring done (6.6s)
[6.877s] -- Generating done (0.0s)
[6.878s] -- Build files have been written to: /home/dyddl2082/MacRobot/src/build/macrobot_description
[6.885s] Invoked command in '/home/dyddl2082/MacRobot/src/build/macrobot_description' returned '0': AMENT_PREFIX_PATH=/home/dyddl2082/MacRobot/src/install/macrobot_arm_kinematics:${AMENT_PREFIX_PATH} CMAKE_PREFIX_PATH=${CMAKE_PREFIX_PATH}:/home/dyddl2082/MacRobot/install/macrobot_pick_pipeline:/home/dyddl2082/MacRobot/install/pico_debug:/home/dyddl2082/MacRobot/install/macrobot_teleop:/home/dyddl2082/MacRobot/install/macrobot_arm_commissioning:/home/dyddl2082/MacRobot/install/macrobot_arm_control:/home/dyddl2082/MacRobot/install/macrobot_object_finder:/home/dyddl2082/MacRobot/install/macrobot_perception:/home/dyddl2082/MacRobot/install/depth_candidate_proposal:/home/dyddl2082/MacRobot/install/macrobot_arm_kinematics:/home/dyddl2082/MacRobot/install/d435_capture_crop:/opt/ros/jazzy PYTHONPATH=/home/dyddl2082/MacRobot/src/install/macrobot_arm_kinematics/lib/python3.12/site-packages:${PYTHONPATH} /usr/bin/cmake /home/dyddl2082/MacRobot/src/macrobot_description -DCMAKE_INSTALL_PREFIX=/home/dyddl2082/MacRobot/src/install/macrobot_description
[6.887s] Invoking command in '/home/dyddl2082/MacRobot/src/build/macrobot_description': AMENT_PREFIX_PATH=/home/dyddl2082/MacRobot/src/install/macrobot_arm_kinematics:${AMENT_PREFIX_PATH} CMAKE_PREFIX_PATH=${CMAKE_PREFIX_PATH}:/home/dyddl2082/MacRobot/install/macrobot_pick_pipeline:/home/dyddl2082/MacRobot/install/pico_debug:/home/dyddl2082/MacRobot/install/macrobot_teleop:/home/dyddl2082/MacRobot/install/macrobot_arm_commissioning:/home/dyddl2082/MacRobot/install/macrobot_arm_control:/home/dyddl2082/MacRobot/install/macrobot_object_finder:/home/dyddl2082/MacRobot/install/macrobot_perception:/home/dyddl2082/MacRobot/install/depth_candidate_proposal:/home/dyddl2082/MacRobot/install/macrobot_arm_kinematics:/home/dyddl2082/MacRobot/install/d435_capture_crop:/opt/ros/jazzy PYTHONPATH=/home/dyddl2082/MacRobot/src/install/macrobot_arm_kinematics/lib/python3.12/site-packages:${PYTHONPATH} /usr/bin/cmake --build /home/dyddl2082/MacRobot/src/build/macrobot_description -- -j18 -l18
[6.949s] Invoked command in '/home/dyddl2082/MacRobot/src/build/macrobot_description' returned '0': AMENT_PREFIX_PATH=/home/dyddl2082/MacRobot/src/install/macrobot_arm_kinematics:${AMENT_PREFIX_PATH} CMAKE_PREFIX_PATH=${CMAKE_PREFIX_PATH}:/home/dyddl2082/MacRobot/install/macrobot_pick_pipeline:/home/dyddl2082/MacRobot/install/pico_debug:/home/dyddl2082/MacRobot/install/macrobot_teleop:/home/dyddl2082/MacRobot/install/macrobot_arm_commissioning:/home/dyddl2082/MacRobot/install/macrobot_arm_control:/home/dyddl2082/MacRobot/install/macrobot_object_finder:/home/dyddl2082/MacRobot/install/macrobot_perception:/home/dyddl2082/MacRobot/install/depth_candidate_proposal:/home/dyddl2082/MacRobot/install/macrobot_arm_kinematics:/home/dyddl2082/MacRobot/install/d435_capture_crop:/opt/ros/jazzy PYTHONPATH=/home/dyddl2082/MacRobot/src/install/macrobot_arm_kinematics/lib/python3.12/site-packages:${PYTHONPATH} /usr/bin/cmake --build /home/dyddl2082/MacRobot/src/build/macrobot_description -- -j18 -l18
[6.969s] Invoking command in '/home/dyddl2082/MacRobot/src/build/macrobot_description': AMENT_PREFIX_PATH=/home/dyddl2082/MacRobot/src/install/macrobot_arm_kinematics:${AMENT_PREFIX_PATH} CMAKE_PREFIX_PATH=${CMAKE_PREFIX_PATH}:/home/dyddl2082/MacRobot/install/macrobot_pick_pipeline:/home/dyddl2082/MacRobot/install/pico_debug:/home/dyddl2082/MacRobot/install/macrobot_teleop:/home/dyddl2082/MacRobot/install/macrobot_arm_commissioning:/home/dyddl2082/MacRobot/install/macrobot_arm_control:/home/dyddl2082/MacRobot/install/macrobot_object_finder:/home/dyddl2082/MacRobot/install/macrobot_perception:/home/dyddl2082/MacRobot/install/depth_candidate_proposal:/home/dyddl2082/MacRobot/install/macrobot_arm_kinematics:/home/dyddl2082/MacRobot/install/d435_capture_crop:/opt/ros/jazzy PYTHONPATH=/home/dyddl2082/MacRobot/src/install/macrobot_arm_kinematics/lib/python3.12/site-packages:${PYTHONPATH} /usr/bin/cmake --install /home/dyddl2082/MacRobot/src/build/macrobot_description
[6.980s] -- Install configuration: ""
[6.980s] -- Installing: /home/dyddl2082/MacRobot/src/install/macrobot_description/share/macrobot_description/urdf
[6.981s] -- Installing: /home/dyddl2082/MacRobot/src/install/macrobot_description/share/macrobot_description/urdf/macrobot_full_collision.urdf.xacro
[6.981s] -- Installing: /home/dyddl2082/MacRobot/src/install/macrobot_description/share/macrobot_description/urdf/macrobot_arm_kinematic.urdf.xacro
[6.983s] -- Installing: /home/dyddl2082/MacRobot/src/install/macrobot_description/share/macrobot_description/urdf/original
[6.983s] -- Installing: /home/dyddl2082/MacRobot/src/install/macrobot_description/share/macrobot_description/urdf/original/fusion_collision_fixed.urdf
[6.985s] -- Installing: /home/dyddl2082/MacRobot/src/install/macrobot_description/share/macrobot_description/urdf/original/fusion_export.urdf
[6.987s] -- Installing: /home/dyddl2082/MacRobot/src/install/macrobot_description/share/macrobot_description/urdf/original/fusion_export.urdf.xacro
[6.988s] -- Installing: /home/dyddl2082/MacRobot/src/install/macrobot_description/share/macrobot_description/urdf/original/fusion_collision_fixed_assembly.urdf.xacro
[6.989s] -- Installing: /home/dyddl2082/MacRobot/src/install/macrobot_description/share/macrobot_description/urdf/original/fusion_collision_fixed.urdf.xacro
[6.990s] -- Installing: /home/dyddl2082/MacRobot/src/install/macrobot_description/share/macrobot_description/urdf/macrobot_full_visual.urdf.xacro
[6.991s] -- Installing: /home/dyddl2082/MacRobot/src/install/macrobot_description/share/macrobot_description/urdf/macrobot_full_exact_gripper.urdf.xacro
[6.991s] -- Installing: /home/dyddl2082/MacRobot/src/install/macrobot_description/share/macrobot_description/urdf/assemblies
[6.992s] -- Installing: /home/dyddl2082/MacRobot/src/install/macrobot_description/share/macrobot_description/urdf/assemblies/macrobot_full_visual.urdf.xacro
[6.993s] -- Installing: /home/dyddl2082/MacRobot/src/install/macrobot_description/share/macrobot_description/urdf/assemblies/macrobot_full_exact_gripper.urdf.xacro
[6.994s] -- Installing: /home/dyddl2082/MacRobot/src/install/macrobot_description/share/macrobot_description/meshes
[6.995s] -- Installing: /home/dyddl2082/MacRobot/src/install/macrobot_description/share/macrobot_description/meshes/macrobot
[6.996s] -- Installing: /home/dyddl2082/MacRobot/src/install/macrobot_description/share/macrobot_description/meshes/macrobot/ratio_left_gear.dae
[7.002s] -- Installing: /home/dyddl2082/MacRobot/src/install/macrobot_description/share/macrobot_description/meshes/macrobot/gripper_left_addition.dae
[7.005s] -- Installing: /home/dyddl2082/MacRobot/src/install/macrobot_description/share/macrobot_description/meshes/macrobot/gripper_right_gear.dae
[7.007s] -- Installing: /home/dyddl2082/MacRobot/src/install/macrobot_description/share/macrobot_description/meshes/macrobot/servo_left_gear.dae
[7.009s] -- Installing: /home/dyddl2082/MacRobot/src/install/macrobot_description/share/macrobot_description/meshes/macrobot/front_left_wheel.dae
[7.010s] -- Installing: /home/dyddl2082/MacRobot/src/install/macrobot_description/share/macrobot_description/meshes/macrobot/gripper_clamp_right.dae
[7.011s] -- Installing: /home/dyddl2082/MacRobot/src/install/macrobot_description/share/macrobot_description/meshes/macrobot/base_link.dae
[7.016s] -- Installing: /home/dyddl2082/MacRobot/src/install/macrobot_description/share/macrobot_description/meshes/macrobot/servo_right_gear.dae
[7.017s] -- Installing: /home/dyddl2082/MacRobot/src/install/macrobot_description/share/macrobot_description/meshes/macrobot/ratio_right_gear.dae
[7.018s] -- Installing: /home/dyddl2082/MacRobot/src/install/macrobot_description/share/macrobot_description/meshes/macrobot/back_link.dae
[7.018s] -- Installing: /home/dyddl2082/MacRobot/src/install/macrobot_description/share/macrobot_description/meshes/macrobot/gripper_servo_gear.dae
[7.019s] -- Installing: /home/dyddl2082/MacRobot/src/install/macrobot_description/share/macrobot_description/meshes/macrobot/back_right_wheel.dae
[7.020s] -- Installing: /home/dyddl2082/MacRobot/src/install/macrobot_description/share/macrobot_description/meshes/macrobot/gripper_left_gear.dae
[7.021s] -- Installing: /home/dyddl2082/MacRobot/src/install/macrobot_description/share/macrobot_description/meshes/macrobot/gripper_right_addition.dae
[7.022s] -- Installing: /home/dyddl2082/MacRobot/src/install/macrobot_description/share/macrobot_description/meshes/macrobot/front_right_wheel.dae
[7.022s] -- Installing: /home/dyddl2082/MacRobot/src/install/macrobot_description/share/macrobot_description/meshes/macrobot/camera_link.dae
[7.023s] -- Installing: /home/dyddl2082/MacRobot/src/install/macrobot_description/share/macrobot_description/meshes/macrobot/back_left_wheel.dae
[7.024s] -- Installing: /home/dyddl2082/MacRobot/src/install/macrobot_description/share/macrobot_description/meshes/macrobot/gripper_link.dae
[7.026s] -- Installing: /home/dyddl2082/MacRobot/src/install/macrobot_description/share/macrobot_description/meshes/macrobot/gripper_clamp_left.dae
[7.027s] -- Installing: /home/dyddl2082/MacRobot/src/install/macrobot_description/share/macrobot_description/launch
[7.027s] -- Installing: /home/dyddl2082/MacRobot/src/install/macrobot_description/share/macrobot_description/launch/display.launch.py
[7.028s] -- Installing: /home/dyddl2082/MacRobot/src/install/macrobot_description/share/macrobot_description/launch/display_kinematic.launch.py
[7.028s] -- Installing: /home/dyddl2082/MacRobot/src/install/macrobot_description/share/macrobot_description/launch/display_full.launch.py
[7.029s] -- Installing: /home/dyddl2082/MacRobot/src/install/macrobot_description/share/macrobot_description/launch/display_full_exact_collision.launch.py
[7.029s] -- Installing: /home/dyddl2082/MacRobot/src/install/macrobot_description/share/macrobot_description/launch/rviz_only.launch.py
[7.030s] -- Installing: /home/dyddl2082/MacRobot/src/install/macrobot_description/share/macrobot_description/rviz
[7.030s] -- Installing: /home/dyddl2082/MacRobot/src/install/macrobot_description/share/macrobot_description/rviz/collision_only.rviz
[7.032s] -- Installing: /home/dyddl2082/MacRobot/src/install/macrobot_description/share/macrobot_description/rviz/display.rviz
[7.033s] -- Installing: /home/dyddl2082/MacRobot/src/install/macrobot_description/share/macrobot_description/config
[7.034s] -- Installing: /home/dyddl2082/MacRobot/src/install/macrobot_description/share/macrobot_description/config/collision_model_revision.txt
[7.034s] -- Installing: /home/dyddl2082/MacRobot/src/install/macrobot_description/share/macrobot_description/config/kinematics.yaml
[7.035s] -- Installing: /home/dyddl2082/MacRobot/src/install/macrobot_description/share/macrobot_description/config/servo_calibration.template.yaml
[7.035s] -- Installing: /home/dyddl2082/MacRobot/src/install/macrobot_description/share/macrobot_description/config/arm_semantics.yaml
[7.035s] -- Installing: /home/dyddl2082/MacRobot/src/install/macrobot_description/share/macrobot_description/docs
[7.035s] -- Installing: /home/dyddl2082/MacRobot/src/install/macrobot_description/share/macrobot_description/docs/fusion_collision_fixed_transforms.md
[7.036s] -- Installing: /home/dyddl2082/MacRobot/src/install/macrobot_description/share/macrobot_description/docs/fusion_collision_fixed_robot_data.yaml
[7.038s] -- Installing: /home/dyddl2082/MacRobot/src/install/macrobot_description/share/macrobot_description/docs/GRIPPER_CONSTRAINTS.md
[7.039s] -- Installing: /home/dyddl2082/MacRobot/src/install/macrobot_description/share/macrobot_description/docs/URDF_AUDIT.md
[7.040s] -- Installing: /home/dyddl2082/MacRobot/src/install/macrobot_description/share/macrobot_description/docs/fusion_robot_data_original.yaml
[7.041s] -- Installing: /home/dyddl2082/MacRobot/src/install/macrobot_description/share/macrobot_description/docs/fusion_transforms_original.md
[7.042s] -- Installing: /home/dyddl2082/MacRobot/src/install/macrobot_description/share/macrobot_description/images
[7.043s] -- Installing: /home/dyddl2082/MacRobot/src/install/macrobot_description/share/macrobot_description/images/robot.png
[7.047s] -- Installing: /home/dyddl2082/MacRobot/src/install/macrobot_description/share/ament_index/resource_index/package_run_dependencies/macrobot_description
[7.051s] -- Installing: /home/dyddl2082/MacRobot/src/install/macrobot_description/share/ament_index/resource_index/parent_prefix_path/macrobot_description
[7.055s] -- Installing: /home/dyddl2082/MacRobot/src/install/macrobot_description/share/macrobot_description/environment/ament_prefix_path.sh
[7.055s] -- Installing: /home/dyddl2082/MacRobot/src/install/macrobot_description/share/macrobot_description/environment/ament_prefix_path.dsv
[7.057s] -- Installing: /home/dyddl2082/MacRobot/src/install/macrobot_description/share/macrobot_description/environment/path.sh
[7.058s] -- Installing: /home/dyddl2082/MacRobot/src/install/macrobot_description/share/macrobot_description/environment/path.dsv
[7.059s] -- Installing: /home/dyddl2082/MacRobot/src/install/macrobot_description/share/macrobot_description/local_setup.bash
[7.059s] -- Installing: /home/dyddl2082/MacRobot/src/install/macrobot_description/share/macrobot_description/local_setup.sh
[7.059s] -- Installing: /home/dyddl2082/MacRobot/src/install/macrobot_description/share/macrobot_description/local_setup.zsh
[7.060s] -- Installing: /home/dyddl2082/MacRobot/src/install/macrobot_description/share/macrobot_description/local_setup.dsv
[7.060s] -- Installing: /home/dyddl2082/MacRobot/src/install/macrobot_description/share/macrobot_description/package.dsv
[7.061s] -- Installing: /home/dyddl2082/MacRobot/src/install/macrobot_description/share/ament_index/resource_index/packages/macrobot_description
[7.062s] -- Installing: /home/dyddl2082/MacRobot/src/install/macrobot_description/share/macrobot_description/cmake/macrobot_descriptionConfig.cmake
[7.062s] -- Installing: /home/dyddl2082/MacRobot/src/install/macrobot_description/share/macrobot_description/cmake/macrobot_descriptionConfig-version.cmake
[7.062s] -- Installing: /home/dyddl2082/MacRobot/src/install/macrobot_description/share/macrobot_description/package.xml
[7.066s] Invoked command in '/home/dyddl2082/MacRobot/src/build/macrobot_description' returned '0': AMENT_PREFIX_PATH=/home/dyddl2082/MacRobot/src/install/macrobot_arm_kinematics:${AMENT_PREFIX_PATH} CMAKE_PREFIX_PATH=${CMAKE_PREFIX_PATH}:/home/dyddl2082/MacRobot/install/macrobot_pick_pipeline:/home/dyddl2082/MacRobot/install/pico_debug:/home/dyddl2082/MacRobot/install/macrobot_teleop:/home/dyddl2082/MacRobot/install/macrobot_arm_commissioning:/home/dyddl2082/MacRobot/install/macrobot_arm_control:/home/dyddl2082/MacRobot/install/macrobot_object_finder:/home/dyddl2082/MacRobot/install/macrobot_perception:/home/dyddl2082/MacRobot/install/depth_candidate_proposal:/home/dyddl2082/MacRobot/install/macrobot_arm_kinematics:/home/dyddl2082/MacRobot/install/d435_capture_crop:/opt/ros/jazzy PYTHONPATH=/home/dyddl2082/MacRobot/src/install/macrobot_arm_kinematics/lib/python3.12/site-packages:${PYTHONPATH} /usr/bin/cmake --install /home/dyddl2082/MacRobot/src/build/macrobot_description
