[3.754s] Invoking command in '/home/dyddl2082/MacRobot/src/depth_candidate_proposal': AMENT_PREFIX_PATH=/home/dyddl2082/MacRobot/src/install/macrobot_interfaces:${AMENT_PREFIX_PATH} CMAKE_PREFIX_PATH=/home/dyddl2082/MacRobot/src/install/macrobot_interfaces:${CMAKE_PREFIX_PATH} LD_LIBRARY_PATH=/home/dyddl2082/MacRobot/src/install/macrobot_interfaces/lib:${LD_LIBRARY_PATH} PYTHONPATH=/home/dyddl2082/MacRobot/src/build/depth_candidate_proposal/prefix_override:/usr/lib/python3/dist-packages/colcon_core/task/python/colcon_distutils_commands:/home/dyddl2082/MacRobot/src/install/depth_candidate_proposal/lib/python3.12/site-packages:/home/dyddl2082/MacRobot/src/install/macrobot_interfaces/lib/python3.12/site-packages:${PYTHONPATH} /usr/bin/python3 -W ignore:setup.py install is deprecated -W ignore:easy_install command is deprecated setup.py egg_info --egg-base ../build/depth_candidate_proposal build --build-base /home/dyddl2082/MacRobot/src/build/depth_candidate_proposal/build install --record /home/dyddl2082/MacRobot/src/build/depth_candidate_proposal/install.log --install-scripts $base/lib/depth_candidate_proposal --single-version-externally-managed install_data
[4.575s] running egg_info
[4.575s] creating ../build/depth_candidate_proposal/depth_candidate_proposal.egg-info
[4.631s] writing ../build/depth_candidate_proposal/depth_candidate_proposal.egg-info/PKG-INFO
[4.631s] writing dependency_links to ../build/depth_candidate_proposal/depth_candidate_proposal.egg-info/dependency_links.txt
[4.631s] writing entry points to ../build/depth_candidate_proposal/depth_candidate_proposal.egg-info/entry_points.txt
[4.631s] writing requirements to ../build/depth_candidate_proposal/depth_candidate_proposal.egg-info/requires.txt
[4.632s] writing top-level names to ../build/depth_candidate_proposal/depth_candidate_proposal.egg-info/top_level.txt
[4.632s] writing manifest file '../build/depth_candidate_proposal/depth_candidate_proposal.egg-info/SOURCES.txt'
[4.754s] reading manifest file '../build/depth_candidate_proposal/depth_candidate_proposal.egg-info/SOURCES.txt'
[4.755s] writing manifest file '../build/depth_candidate_proposal/depth_candidate_proposal.egg-info/SOURCES.txt'
[4.756s] running build
[4.756s] running build_py
[4.758s] creating /home/dyddl2082/MacRobot/src/build/depth_candidate_proposal/build
[4.760s] creating /home/dyddl2082/MacRobot/src/build/depth_candidate_proposal/build/lib
[4.762s] creating /home/dyddl2082/MacRobot/src/build/depth_candidate_proposal/build/lib/depth_candidate_proposal
[4.763s] copying depth_candidate_proposal/aligned_depth_candidate_node.py -> /home/dyddl2082/MacRobot/src/build/depth_candidate_proposal/build/lib/depth_candidate_proposal
[4.765s] copying depth_candidate_proposal/__init__.py -> /home/dyddl2082/MacRobot/src/build/depth_candidate_proposal/build/lib/depth_candidate_proposal
[4.767s] copying depth_candidate_proposal/crop_core.py -> /home/dyddl2082/MacRobot/src/build/depth_candidate_proposal/build/lib/depth_candidate_proposal
[4.768s] copying depth_candidate_proposal/rgb_candidate_crop_node.py -> /home/dyddl2082/MacRobot/src/build/depth_candidate_proposal/build/lib/depth_candidate_proposal
[4.771s] copying depth_candidate_proposal/proposal_core.py -> /home/dyddl2082/MacRobot/src/build/depth_candidate_proposal/build/lib/depth_candidate_proposal
[4.775s] running install
[4.796s] running install_lib
[4.835s] creating /home/dyddl2082/MacRobot/src/install/depth_candidate_proposal/lib/python3.12/site-packages/depth_candidate_proposal
[4.836s] copying /home/dyddl2082/MacRobot/src/build/depth_candidate_proposal/build/lib/depth_candidate_proposal/aligned_depth_candidate_node.py -> /home/dyddl2082/MacRobot/src/install/depth_candidate_proposal/lib/python3.12/site-packages/depth_candidate_proposal
[4.839s] copying /home/dyddl2082/MacRobot/src/build/depth_candidate_proposal/build/lib/depth_candidate_proposal/__init__.py -> /home/dyddl2082/MacRobot/src/install/depth_candidate_proposal/lib/python3.12/site-packages/depth_candidate_proposal
[4.840s] copying /home/dyddl2082/MacRobot/src/build/depth_candidate_proposal/build/lib/depth_candidate_proposal/crop_core.py -> /home/dyddl2082/MacRobot/src/install/depth_candidate_proposal/lib/python3.12/site-packages/depth_candidate_proposal
[4.843s] copying /home/dyddl2082/MacRobot/src/build/depth_candidate_proposal/build/lib/depth_candidate_proposal/rgb_candidate_crop_node.py -> /home/dyddl2082/MacRobot/src/install/depth_candidate_proposal/lib/python3.12/site-packages/depth_candidate_proposal
[4.844s] copying /home/dyddl2082/MacRobot/src/build/depth_candidate_proposal/build/lib/depth_candidate_proposal/proposal_core.py -> /home/dyddl2082/MacRobot/src/install/depth_candidate_proposal/lib/python3.12/site-packages/depth_candidate_proposal
[4.848s] byte-compiling /home/dyddl2082/MacRobot/src/install/depth_candidate_proposal/lib/python3.12/site-packages/depth_candidate_proposal/aligned_depth_candidate_node.py to aligned_depth_candidate_node.cpython-312.pyc
[4.855s] byte-compiling /home/dyddl2082/MacRobot/src/install/depth_candidate_proposal/lib/python3.12/site-packages/depth_candidate_proposal/__init__.py to __init__.cpython-312.pyc
[4.855s] byte-compiling /home/dyddl2082/MacRobot/src/install/depth_candidate_proposal/lib/python3.12/site-packages/depth_candidate_proposal/crop_core.py to crop_core.cpython-312.pyc
[4.858s] byte-compiling /home/dyddl2082/MacRobot/src/install/depth_candidate_proposal/lib/python3.12/site-packages/depth_candidate_proposal/rgb_candidate_crop_node.py to rgb_candidate_crop_node.cpython-312.pyc
[4.869s] byte-compiling /home/dyddl2082/MacRobot/src/install/depth_candidate_proposal/lib/python3.12/site-packages/depth_candidate_proposal/proposal_core.py to proposal_core.cpython-312.pyc
[4.894s] running install_data
[4.895s] creating /home/dyddl2082/MacRobot/src/install/depth_candidate_proposal/share/ament_index
[4.898s] creating /home/dyddl2082/MacRobot/src/install/depth_candidate_proposal/share/ament_index/resource_index
[4.901s] creating /home/dyddl2082/MacRobot/src/install/depth_candidate_proposal/share/ament_index/resource_index/packages
[4.902s] copying resource/depth_candidate_proposal -> /home/dyddl2082/MacRobot/src/install/depth_candidate_proposal/share/ament_index/resource_index/packages
[4.904s] copying package.xml -> /home/dyddl2082/MacRobot/src/install/depth_candidate_proposal/share/depth_candidate_proposal
[4.905s] creating /home/dyddl2082/MacRobot/src/install/depth_candidate_proposal/share/depth_candidate_proposal/launch
[4.907s] copying launch/edge_candidate_pipeline.launch.py -> /home/dyddl2082/MacRobot/src/install/depth_candidate_proposal/share/depth_candidate_proposal/launch
[4.908s] copying launch/depth_candidate.launch.py -> /home/dyddl2082/MacRobot/src/install/depth_candidate_proposal/share/depth_candidate_proposal/launch
[4.909s] copying launch/rgb_candidate_crop.launch.py -> /home/dyddl2082/MacRobot/src/install/depth_candidate_proposal/share/depth_candidate_proposal/launch
[4.910s] creating /home/dyddl2082/MacRobot/src/install/depth_candidate_proposal/share/depth_candidate_proposal/config
[4.911s] copying config/depth_candidate.yaml -> /home/dyddl2082/MacRobot/src/install/depth_candidate_proposal/share/depth_candidate_proposal/config
[4.911s] running install_egg_info
[4.970s] Copying ../build/depth_candidate_proposal/depth_candidate_proposal.egg-info to /home/dyddl2082/MacRobot/src/install/depth_candidate_proposal/lib/python3.12/site-packages/depth_candidate_proposal-0.2.0-py3.12.egg-info
[4.972s] running install_scripts
[5.346s] Installing aligned_depth_candidate_node script to /home/dyddl2082/MacRobot/src/install/depth_candidate_proposal/lib/depth_candidate_proposal
[5.347s] Installing rgb_candidate_crop_node script to /home/dyddl2082/MacRobot/src/install/depth_candidate_proposal/lib/depth_candidate_proposal
[5.347s] writing list of installed files to '/home/dyddl2082/MacRobot/src/build/depth_candidate_proposal/install.log'
[5.450s] Invoked command in '/home/dyddl2082/MacRobot/src/depth_candidate_proposal' returned '0': AMENT_PREFIX_PATH=/home/dyddl2082/MacRobot/src/install/macrobot_interfaces:${AMENT_PREFIX_PATH} CMAKE_PREFIX_PATH=/home/dyddl2082/MacRobot/src/install/macrobot_interfaces:${CMAKE_PREFIX_PATH} LD_LIBRARY_PATH=/home/dyddl2082/MacRobot/src/install/macrobot_interfaces/lib:${LD_LIBRARY_PATH} PYTHONPATH=/home/dyddl2082/MacRobot/src/build/depth_candidate_proposal/prefix_override:/usr/lib/python3/dist-packages/colcon_core/task/python/colcon_distutils_commands:/home/dyddl2082/MacRobot/src/install/depth_candidate_proposal/lib/python3.12/site-packages:/home/dyddl2082/MacRobot/src/install/macrobot_interfaces/lib/python3.12/site-packages:${PYTHONPATH} /usr/bin/python3 -W ignore:setup.py install is deprecated -W ignore:easy_install command is deprecated setup.py egg_info --egg-base ../build/depth_candidate_proposal build --build-base /home/dyddl2082/MacRobot/src/build/depth_candidate_proposal/build install --record /home/dyddl2082/MacRobot/src/build/depth_candidate_proposal/install.log --install-scripts $base/lib/depth_candidate_proposal --single-version-externally-managed install_data
