/home/dyddl2082/MacRobot/src/install/macrobot_arm_commissioning/lib/python3.12/site-packages/macrobot_arm_commissioning/primitive_executor_node.py
/home/dyddl2082/MacRobot/src/install/macrobot_arm_commissioning/lib/python3.12/site-packages/macrobot_arm_commissioning/report_store.py
/home/dyddl2082/MacRobot/src/install/macrobot_arm_commissioning/lib/python3.12/site-packages/macrobot_arm_commissioning/__init__.py
/home/dyddl2082/MacRobot/src/install/macrobot_arm_commissioning/lib/python3.12/site-packages/macrobot_arm_commissioning/safe_region_analysis.py
/home/dyddl2082/MacRobot/src/install/macrobot_arm_commissioning/lib/python3.12/site-packages/macrobot_arm_commissioning/grasp_frame_fit.py
/home/dyddl2082/MacRobot/src/install/macrobot_arm_commissioning/lib/python3.12/site-packages/macrobot_arm_commissioning/commissioning_cli.py
/home/dyddl2082/MacRobot/src/install/macrobot_arm_commissioning/lib/python3.12/site-packages/macrobot_arm_commissioning/apply_report.py
/home/dyddl2082/MacRobot/src/install/macrobot_arm_commissioning/lib/python3.12/site-packages/macrobot_arm_commissioning/ros_client.py
/home/dyddl2082/MacRobot/src/install/macrobot_arm_commissioning/lib/python3.12/site-packages/macrobot_arm_commissioning/report_summary.py
/home/dyddl2082/MacRobot/src/install/macrobot_arm_commissioning/lib/python3.12/site-packages/macrobot_arm_commissioning/__pycache__/primitive_executor_node.cpython-312.pyc
/home/dyddl2082/MacRobot/src/install/macrobot_arm_commissioning/lib/python3.12/site-packages/macrobot_arm_commissioning/__pycache__/report_store.cpython-312.pyc
/home/dyddl2082/MacRobot/src/install/macrobot_arm_commissioning/lib/python3.12/site-packages/macrobot_arm_commissioning/__pycache__/__init__.cpython-312.pyc
/home/dyddl2082/MacRobot/src/install/macrobot_arm_commissioning/lib/python3.12/site-packages/macrobot_arm_commissioning/__pycache__/safe_region_analysis.cpython-312.pyc
/home/dyddl2082/MacRobot/src/install/macrobot_arm_commissioning/lib/python3.12/site-packages/macrobot_arm_commissioning/__pycache__/grasp_frame_fit.cpython-312.pyc
/home/dyddl2082/MacRobot/src/install/macrobot_arm_commissioning/lib/python3.12/site-packages/macrobot_arm_commissioning/__pycache__/commissioning_cli.cpython-312.pyc
/home/dyddl2082/MacRobot/src/install/macrobot_arm_commissioning/lib/python3.12/site-packages/macrobot_arm_commissioning/__pycache__/apply_report.cpython-312.pyc
/home/dyddl2082/MacRobot/src/install/macrobot_arm_commissioning/lib/python3.12/site-packages/macrobot_arm_commissioning/__pycache__/ros_client.cpython-312.pyc
/home/dyddl2082/MacRobot/src/install/macrobot_arm_commissioning/lib/python3.12/site-packages/macrobot_arm_commissioning/__pycache__/report_summary.cpython-312.pyc
/home/dyddl2082/MacRobot/src/install/macrobot_arm_commissioning/share/ament_index/resource_index/packages/macrobot_arm_commissioning
/home/dyddl2082/MacRobot/src/install/macrobot_arm_commissioning/share/macrobot_arm_commissioning/package.xml
/home/dyddl2082/MacRobot/src/install/macrobot_arm_commissioning/share/macrobot_arm_commissioning/launch/commissioning_pipeline.launch.py
/home/dyddl2082/MacRobot/src/install/macrobot_arm_commissioning/share/macrobot_arm_commissioning/config/test_plan.yaml
/home/dyddl2082/MacRobot/src/install/macrobot_arm_commissioning/share/macrobot_arm_commissioning/docs/README_KO.md
/home/dyddl2082/MacRobot/src/install/macrobot_arm_commissioning/share/macrobot_arm_commissioning/docs/WORKFLOW_KO.md
/home/dyddl2082/MacRobot/src/install/macrobot_arm_commissioning/lib/python3.12/site-packages/macrobot_arm_commissioning-0.1.0-py3.12.egg-info/requires.txt
/home/dyddl2082/MacRobot/src/install/macrobot_arm_commissioning/lib/python3.12/site-packages/macrobot_arm_commissioning-0.1.0-py3.12.egg-info/dependency_links.txt
/home/dyddl2082/MacRobot/src/install/macrobot_arm_commissioning/lib/python3.12/site-packages/macrobot_arm_commissioning-0.1.0-py3.12.egg-info/entry_points.txt
/home/dyddl2082/MacRobot/src/install/macrobot_arm_commissioning/lib/python3.12/site-packages/macrobot_arm_commissioning-0.1.0-py3.12.egg-info/SOURCES.txt
/home/dyddl2082/MacRobot/src/install/macrobot_arm_commissioning/lib/python3.12/site-packages/macrobot_arm_commissioning-0.1.0-py3.12.egg-info/top_level.txt
/home/dyddl2082/MacRobot/src/install/macrobot_arm_commissioning/lib/python3.12/site-packages/macrobot_arm_commissioning-0.1.0-py3.12.egg-info/PKG-INFO
/home/dyddl2082/MacRobot/src/install/macrobot_arm_commissioning/lib/python3.12/site-packages/macrobot_arm_commissioning-0.1.0-py3.12.egg-info/zip-safe
/home/dyddl2082/MacRobot/src/install/macrobot_arm_commissioning/lib/macrobot_arm_commissioning/apply_report_recommendations
/home/dyddl2082/MacRobot/src/install/macrobot_arm_commissioning/lib/macrobot_arm_commissioning/commissioning_cli
/home/dyddl2082/MacRobot/src/install/macrobot_arm_commissioning/lib/macrobot_arm_commissioning/commissioning_report_summary
/home/dyddl2082/MacRobot/src/install/macrobot_arm_commissioning/lib/macrobot_arm_commissioning/primitive_executor_node
