running egg_info
creating ../build/macrobot_teleop/macrobot_teleop.egg-info
writing ../build/macrobot_teleop/macrobot_teleop.egg-info/PKG-INFO
writing dependency_links to ../build/macrobot_teleop/macrobot_teleop.egg-info/dependency_links.txt
writing entry points to ../build/macrobot_teleop/macrobot_teleop.egg-info/entry_points.txt
writing requirements to ../build/macrobot_teleop/macrobot_teleop.egg-info/requires.txt
writing top-level names to ../build/macrobot_teleop/macrobot_teleop.egg-info/top_level.txt
writing manifest file '../build/macrobot_teleop/macrobot_teleop.egg-info/SOURCES.txt'
reading manifest file '../build/macrobot_teleop/macrobot_teleop.egg-info/SOURCES.txt'
writing manifest file '../build/macrobot_teleop/macrobot_teleop.egg-info/SOURCES.txt'
running build
running build_py
creating /home/dyddl2082/MacRobot/src/build/macrobot_teleop/build
creating /home/dyddl2082/MacRobot/src/build/macrobot_teleop/build/lib
creating /home/dyddl2082/MacRobot/src/build/macrobot_teleop/build/lib/macrobot_teleop
copying macrobot_teleop/__init__.py -> /home/dyddl2082/MacRobot/src/build/macrobot_teleop/build/lib/macrobot_teleop
copying macrobot_teleop/teleop_to_pico_node.py -> /home/dyddl2082/MacRobot/src/build/macrobot_teleop/build/lib/macrobot_teleop
running install
running install_lib
creating /home/dyddl2082/MacRobot/src/install/macrobot_teleop/lib/python3.12/site-packages/macrobot_teleop
copying /home/dyddl2082/MacRobot/src/build/macrobot_teleop/build/lib/macrobot_teleop/__init__.py -> /home/dyddl2082/MacRobot/src/install/macrobot_teleop/lib/python3.12/site-packages/macrobot_teleop
copying /home/dyddl2082/MacRobot/src/build/macrobot_teleop/build/lib/macrobot_teleop/teleop_to_pico_node.py -> /home/dyddl2082/MacRobot/src/install/macrobot_teleop/lib/python3.12/site-packages/macrobot_teleop
byte-compiling /home/dyddl2082/MacRobot/src/install/macrobot_teleop/lib/python3.12/site-packages/macrobot_teleop/__init__.py to __init__.cpython-312.pyc
byte-compiling /home/dyddl2082/MacRobot/src/install/macrobot_teleop/lib/python3.12/site-packages/macrobot_teleop/teleop_to_pico_node.py to teleop_to_pico_node.cpython-312.pyc
running install_data
creating /home/dyddl2082/MacRobot/src/install/macrobot_teleop/share/ament_index
creating /home/dyddl2082/MacRobot/src/install/macrobot_teleop/share/ament_index/resource_index
creating /home/dyddl2082/MacRobot/src/install/macrobot_teleop/share/ament_index/resource_index/packages
copying resource/macrobot_teleop -> /home/dyddl2082/MacRobot/src/install/macrobot_teleop/share/ament_index/resource_index/packages
copying package.xml -> /home/dyddl2082/MacRobot/src/install/macrobot_teleop/share/macrobot_teleop
creating /home/dyddl2082/MacRobot/src/install/macrobot_teleop/share/macrobot_teleop/launch
copying launch/teleop_pico_bridge.launch.py -> /home/dyddl2082/MacRobot/src/install/macrobot_teleop/share/macrobot_teleop/launch
running install_egg_info
Copying ../build/macrobot_teleop/macrobot_teleop.egg-info to /home/dyddl2082/MacRobot/src/install/macrobot_teleop/lib/python3.12/site-packages/macrobot_teleop-0.0.0-py3.12.egg-info
running install_scripts
Installing teleop_to_pico_node script to /home/dyddl2082/MacRobot/src/install/macrobot_teleop/lib/macrobot_teleop
writing list of installed files to '/home/dyddl2082/MacRobot/src/build/macrobot_teleop/install.log'
