[3.889s] Invoking command in '/home/dyddl2082/MacRobot/src/macrobot_teleop': PYTHONPATH=/home/dyddl2082/MacRobot/src/build/macrobot_teleop/prefix_override:/usr/lib/python3/dist-packages/colcon_core/task/python/colcon_distutils_commands:/home/dyddl2082/MacRobot/src/install/macrobot_teleop/lib/python3.12/site-packages:${PYTHONPATH} /usr/bin/python3 -W ignore:setup.py install is deprecated -W ignore:easy_install command is deprecated setup.py egg_info --egg-base ../build/macrobot_teleop build --build-base /home/dyddl2082/MacRobot/src/build/macrobot_teleop/build install --record /home/dyddl2082/MacRobot/src/build/macrobot_teleop/install.log --install-scripts $base/lib/macrobot_teleop --single-version-externally-managed install_data
[4.594s] running egg_info
[4.594s] creating ../build/macrobot_teleop/macrobot_teleop.egg-info
[4.620s] writing ../build/macrobot_teleop/macrobot_teleop.egg-info/PKG-INFO
[4.620s] writing dependency_links to ../build/macrobot_teleop/macrobot_teleop.egg-info/dependency_links.txt
[4.621s] writing entry points to ../build/macrobot_teleop/macrobot_teleop.egg-info/entry_points.txt
[4.622s] writing requirements to ../build/macrobot_teleop/macrobot_teleop.egg-info/requires.txt
[4.622s] writing top-level names to ../build/macrobot_teleop/macrobot_teleop.egg-info/top_level.txt
[4.622s] writing manifest file '../build/macrobot_teleop/macrobot_teleop.egg-info/SOURCES.txt'
[4.717s] reading manifest file '../build/macrobot_teleop/macrobot_teleop.egg-info/SOURCES.txt'
[4.720s] writing manifest file '../build/macrobot_teleop/macrobot_teleop.egg-info/SOURCES.txt'
[4.723s] running build
[4.723s] running build_py
[4.723s] creating /home/dyddl2082/MacRobot/src/build/macrobot_teleop/build
[4.723s] creating /home/dyddl2082/MacRobot/src/build/macrobot_teleop/build/lib
[4.723s] creating /home/dyddl2082/MacRobot/src/build/macrobot_teleop/build/lib/macrobot_teleop
[4.724s] copying macrobot_teleop/__init__.py -> /home/dyddl2082/MacRobot/src/build/macrobot_teleop/build/lib/macrobot_teleop
[4.724s] copying macrobot_teleop/teleop_to_pico_node.py -> /home/dyddl2082/MacRobot/src/build/macrobot_teleop/build/lib/macrobot_teleop
[4.725s] running install
[4.737s] running install_lib
[4.811s] creating /home/dyddl2082/MacRobot/src/install/macrobot_teleop/lib/python3.12/site-packages/macrobot_teleop
[4.812s] copying /home/dyddl2082/MacRobot/src/build/macrobot_teleop/build/lib/macrobot_teleop/__init__.py -> /home/dyddl2082/MacRobot/src/install/macrobot_teleop/lib/python3.12/site-packages/macrobot_teleop
[4.812s] copying /home/dyddl2082/MacRobot/src/build/macrobot_teleop/build/lib/macrobot_teleop/teleop_to_pico_node.py -> /home/dyddl2082/MacRobot/src/install/macrobot_teleop/lib/python3.12/site-packages/macrobot_teleop
[4.813s] byte-compiling /home/dyddl2082/MacRobot/src/install/macrobot_teleop/lib/python3.12/site-packages/macrobot_teleop/__init__.py to __init__.cpython-312.pyc
[4.814s] byte-compiling /home/dyddl2082/MacRobot/src/install/macrobot_teleop/lib/python3.12/site-packages/macrobot_teleop/teleop_to_pico_node.py to teleop_to_pico_node.cpython-312.pyc
[4.817s] running install_data
[4.819s] creating /home/dyddl2082/MacRobot/src/install/macrobot_teleop/share/ament_index
[4.819s] creating /home/dyddl2082/MacRobot/src/install/macrobot_teleop/share/ament_index/resource_index
[4.819s] creating /home/dyddl2082/MacRobot/src/install/macrobot_teleop/share/ament_index/resource_index/packages
[4.819s] copying resource/macrobot_teleop -> /home/dyddl2082/MacRobot/src/install/macrobot_teleop/share/ament_index/resource_index/packages
[4.819s] copying package.xml -> /home/dyddl2082/MacRobot/src/install/macrobot_teleop/share/macrobot_teleop
[4.819s] creating /home/dyddl2082/MacRobot/src/install/macrobot_teleop/share/macrobot_teleop/launch
[4.819s] copying launch/teleop_pico_bridge.launch.py -> /home/dyddl2082/MacRobot/src/install/macrobot_teleop/share/macrobot_teleop/launch
[4.820s] running install_egg_info
[4.872s] Copying ../build/macrobot_teleop/macrobot_teleop.egg-info to /home/dyddl2082/MacRobot/src/install/macrobot_teleop/lib/python3.12/site-packages/macrobot_teleop-0.0.0-py3.12.egg-info
[4.874s] running install_scripts
[5.208s] Installing teleop_to_pico_node script to /home/dyddl2082/MacRobot/src/install/macrobot_teleop/lib/macrobot_teleop
[5.213s] writing list of installed files to '/home/dyddl2082/MacRobot/src/build/macrobot_teleop/install.log'
[5.245s] Invoked command in '/home/dyddl2082/MacRobot/src/macrobot_teleop' returned '0': PYTHONPATH=/home/dyddl2082/MacRobot/src/build/macrobot_teleop/prefix_override:/usr/lib/python3/dist-packages/colcon_core/task/python/colcon_distutils_commands:/home/dyddl2082/MacRobot/src/install/macrobot_teleop/lib/python3.12/site-packages:${PYTHONPATH} /usr/bin/python3 -W ignore:setup.py install is deprecated -W ignore:easy_install command is deprecated setup.py egg_info --egg-base ../build/macrobot_teleop build --build-base /home/dyddl2082/MacRobot/src/build/macrobot_teleop/build install --record /home/dyddl2082/MacRobot/src/build/macrobot_teleop/install.log --install-scripts $base/lib/macrobot_teleop --single-version-externally-managed install_data
