/home/dyddl2082/MacRobot/src/install/macrobot_perception/lib/python3.12/site-packages/temporal_confirmation/temporal_confirmation_node.py
/home/dyddl2082/MacRobot/src/install/macrobot_perception/lib/python3.12/site-packages/temporal_confirmation/__init__.py
/home/dyddl2082/MacRobot/src/install/macrobot_perception/lib/python3.12/site-packages/temporal_confirmation/temporal_core.py
/home/dyddl2082/MacRobot/src/install/macrobot_perception/lib/python3.12/site-packages/candidate_filter/__init__.py
/home/dyddl2082/MacRobot/src/install/macrobot_perception/lib/python3.12/site-packages/candidate_filter/filter_core.py
/home/dyddl2082/MacRobot/src/install/macrobot_perception/lib/python3.12/site-packages/candidate_filter/candidate_filter_node.py
/home/dyddl2082/MacRobot/src/install/macrobot_perception/lib/python3.12/site-packages/embedding_retrieval/__init__.py
/home/dyddl2082/MacRobot/src/install/macrobot_perception/lib/python3.12/site-packages/embedding_retrieval/embedding_retrieval_node.py
/home/dyddl2082/MacRobot/src/install/macrobot_perception/lib/python3.12/site-packages/embedding_retrieval/embedding_core.py
/home/dyddl2082/MacRobot/src/install/macrobot_perception/lib/python3.12/site-packages/embedding_retrieval/dinov2_backend.py
/home/dyddl2082/MacRobot/src/install/macrobot_perception/lib/python3.12/site-packages/temporal_confirmation/__pycache__/temporal_confirmation_node.cpython-312.pyc
/home/dyddl2082/MacRobot/src/install/macrobot_perception/lib/python3.12/site-packages/temporal_confirmation/__pycache__/__init__.cpython-312.pyc
/home/dyddl2082/MacRobot/src/install/macrobot_perception/lib/python3.12/site-packages/temporal_confirmation/__pycache__/temporal_core.cpython-312.pyc
/home/dyddl2082/MacRobot/src/install/macrobot_perception/lib/python3.12/site-packages/candidate_filter/__pycache__/__init__.cpython-312.pyc
/home/dyddl2082/MacRobot/src/install/macrobot_perception/lib/python3.12/site-packages/candidate_filter/__pycache__/filter_core.cpython-312.pyc
/home/dyddl2082/MacRobot/src/install/macrobot_perception/lib/python3.12/site-packages/candidate_filter/__pycache__/candidate_filter_node.cpython-312.pyc
/home/dyddl2082/MacRobot/src/install/macrobot_perception/lib/python3.12/site-packages/embedding_retrieval/__pycache__/__init__.cpython-312.pyc
/home/dyddl2082/MacRobot/src/install/macrobot_perception/lib/python3.12/site-packages/embedding_retrieval/__pycache__/embedding_retrieval_node.cpython-312.pyc
/home/dyddl2082/MacRobot/src/install/macrobot_perception/lib/python3.12/site-packages/embedding_retrieval/__pycache__/embedding_core.cpython-312.pyc
/home/dyddl2082/MacRobot/src/install/macrobot_perception/lib/python3.12/site-packages/embedding_retrieval/__pycache__/dinov2_backend.cpython-312.pyc
/home/dyddl2082/MacRobot/src/install/macrobot_perception/share/ament_index/resource_index/packages/macrobot_perception
/home/dyddl2082/MacRobot/src/install/macrobot_perception/share/macrobot_perception/package.xml
/home/dyddl2082/MacRobot/src/install/macrobot_perception/share/macrobot_perception/requirements.txt
/home/dyddl2082/MacRobot/src/install/macrobot_perception/share/macrobot_perception/README.md
/home/dyddl2082/MacRobot/src/install/macrobot_perception/share/macrobot_perception/launch/embedding_retrieval.launch.py
/home/dyddl2082/MacRobot/src/install/macrobot_perception/share/macrobot_perception/launch/temporal_confirmation.launch.py
/home/dyddl2082/MacRobot/src/install/macrobot_perception/share/macrobot_perception/launch/candidate_filter.launch.py
/home/dyddl2082/MacRobot/src/install/macrobot_perception/share/macrobot_perception/launch/pc_recognition_pipeline.launch.py
/home/dyddl2082/MacRobot/src/install/macrobot_perception/share/macrobot_perception/config/embedding_retrieval.yaml
/home/dyddl2082/MacRobot/src/install/macrobot_perception/share/macrobot_perception/config/candidate_filter.yaml
/home/dyddl2082/MacRobot/src/install/macrobot_perception/share/macrobot_perception/config/temporal_confirmation.yaml
/home/dyddl2082/MacRobot/src/install/macrobot_perception/lib/python3.12/site-packages/macrobot_perception-0.2.0-py3.12.egg-info/requires.txt
/home/dyddl2082/MacRobot/src/install/macrobot_perception/lib/python3.12/site-packages/macrobot_perception-0.2.0-py3.12.egg-info/dependency_links.txt
/home/dyddl2082/MacRobot/src/install/macrobot_perception/lib/python3.12/site-packages/macrobot_perception-0.2.0-py3.12.egg-info/entry_points.txt
/home/dyddl2082/MacRobot/src/install/macrobot_perception/lib/python3.12/site-packages/macrobot_perception-0.2.0-py3.12.egg-info/SOURCES.txt
/home/dyddl2082/MacRobot/src/install/macrobot_perception/lib/python3.12/site-packages/macrobot_perception-0.2.0-py3.12.egg-info/top_level.txt
/home/dyddl2082/MacRobot/src/install/macrobot_perception/lib/python3.12/site-packages/macrobot_perception-0.2.0-py3.12.egg-info/PKG-INFO
/home/dyddl2082/MacRobot/src/install/macrobot_perception/lib/python3.12/site-packages/macrobot_perception-0.2.0-py3.12.egg-info/zip-safe
/home/dyddl2082/MacRobot/src/install/macrobot_perception/lib/macrobot_perception/embedding_retrieval_node
/home/dyddl2082/MacRobot/src/install/macrobot_perception/lib/macrobot_perception/candidate_filter_node
/home/dyddl2082/MacRobot/src/install/macrobot_perception/lib/macrobot_perception/temporal_confirmation_node
