running egg_info
creating ../build/macrobot_action_gateway/macrobot_action_gateway.egg-info
writing ../build/macrobot_action_gateway/macrobot_action_gateway.egg-info/PKG-INFO
writing dependency_links to ../build/macrobot_action_gateway/macrobot_action_gateway.egg-info/dependency_links.txt
writing entry points to ../build/macrobot_action_gateway/macrobot_action_gateway.egg-info/entry_points.txt
writing requirements to ../build/macrobot_action_gateway/macrobot_action_gateway.egg-info/requires.txt
writing top-level names to ../build/macrobot_action_gateway/macrobot_action_gateway.egg-info/top_level.txt
writing manifest file '../build/macrobot_action_gateway/macrobot_action_gateway.egg-info/SOURCES.txt'
reading manifest file '../build/macrobot_action_gateway/macrobot_action_gateway.egg-info/SOURCES.txt'
adding license file 'LICENSE'
writing manifest file '../build/macrobot_action_gateway/macrobot_action_gateway.egg-info/SOURCES.txt'
running build
running build_py
creating /home/dyddl2082/MacRobot/src/build/macrobot_action_gateway/build
creating /home/dyddl2082/MacRobot/src/build/macrobot_action_gateway/build/lib
creating /home/dyddl2082/MacRobot/src/build/macrobot_action_gateway/build/lib/macrobot_action_gateway
copying macrobot_action_gateway/action_manager.py -> /home/dyddl2082/MacRobot/src/build/macrobot_action_gateway/build/lib/macrobot_action_gateway
copying macrobot_action_gateway/gateway_protocol.py -> /home/dyddl2082/MacRobot/src/build/macrobot_action_gateway/build/lib/macrobot_action_gateway
copying macrobot_action_gateway/ast_validator.py -> /home/dyddl2082/MacRobot/src/build/macrobot_action_gateway/build/lib/macrobot_action_gateway
copying macrobot_action_gateway/__init__.py -> /home/dyddl2082/MacRobot/src/build/macrobot_action_gateway/build/lib/macrobot_action_gateway
copying macrobot_action_gateway/code_runner.py -> /home/dyddl2082/MacRobot/src/build/macrobot_action_gateway/build/lib/macrobot_action_gateway
copying macrobot_action_gateway/gateway_node.py -> /home/dyddl2082/MacRobot/src/build/macrobot_action_gateway/build/lib/macrobot_action_gateway
copying macrobot_action_gateway/gateway_runtime.py -> /home/dyddl2082/MacRobot/src/build/macrobot_action_gateway/build/lib/macrobot_action_gateway
copying macrobot_action_gateway/event_stream.py -> /home/dyddl2082/MacRobot/src/build/macrobot_action_gateway/build/lib/macrobot_action_gateway
copying macrobot_action_gateway/resource_manager.py -> /home/dyddl2082/MacRobot/src/build/macrobot_action_gateway/build/lib/macrobot_action_gateway
copying macrobot_action_gateway/state_store.py -> /home/dyddl2082/MacRobot/src/build/macrobot_action_gateway/build/lib/macrobot_action_gateway
copying macrobot_action_gateway/bridge.py -> /home/dyddl2082/MacRobot/src/build/macrobot_action_gateway/build/lib/macrobot_action_gateway
copying macrobot_action_gateway/robot_facade.py -> /home/dyddl2082/MacRobot/src/build/macrobot_action_gateway/build/lib/macrobot_action_gateway
copying macrobot_action_gateway/api_types.py -> /home/dyddl2082/MacRobot/src/build/macrobot_action_gateway/build/lib/macrobot_action_gateway
copying macrobot_action_gateway/gateway_cli.py -> /home/dyddl2082/MacRobot/src/build/macrobot_action_gateway/build/lib/macrobot_action_gateway
running install
running install_lib
creating /home/dyddl2082/MacRobot/src/install/macrobot_action_gateway/lib/python3.12/site-packages/macrobot_action_gateway
copying /home/dyddl2082/MacRobot/src/build/macrobot_action_gateway/build/lib/macrobot_action_gateway/action_manager.py -> /home/dyddl2082/MacRobot/src/install/macrobot_action_gateway/lib/python3.12/site-packages/macrobot_action_gateway
copying /home/dyddl2082/MacRobot/src/build/macrobot_action_gateway/build/lib/macrobot_action_gateway/gateway_protocol.py -> /home/dyddl2082/MacRobot/src/install/macrobot_action_gateway/lib/python3.12/site-packages/macrobot_action_gateway
copying /home/dyddl2082/MacRobot/src/build/macrobot_action_gateway/build/lib/macrobot_action_gateway/ast_validator.py -> /home/dyddl2082/MacRobot/src/install/macrobot_action_gateway/lib/python3.12/site-packages/macrobot_action_gateway
copying /home/dyddl2082/MacRobot/src/build/macrobot_action_gateway/build/lib/macrobot_action_gateway/__init__.py -> /home/dyddl2082/MacRobot/src/install/macrobot_action_gateway/lib/python3.12/site-packages/macrobot_action_gateway
copying /home/dyddl2082/MacRobot/src/build/macrobot_action_gateway/build/lib/macrobot_action_gateway/code_runner.py -> /home/dyddl2082/MacRobot/src/install/macrobot_action_gateway/lib/python3.12/site-packages/macrobot_action_gateway
copying /home/dyddl2082/MacRobot/src/build/macrobot_action_gateway/build/lib/macrobot_action_gateway/gateway_node.py -> /home/dyddl2082/MacRobot/src/install/macrobot_action_gateway/lib/python3.12/site-packages/macrobot_action_gateway
copying /home/dyddl2082/MacRobot/src/build/macrobot_action_gateway/build/lib/macrobot_action_gateway/gateway_runtime.py -> /home/dyddl2082/MacRobot/src/install/macrobot_action_gateway/lib/python3.12/site-packages/macrobot_action_gateway
copying /home/dyddl2082/MacRobot/src/build/macrobot_action_gateway/build/lib/macrobot_action_gateway/event_stream.py -> /home/dyddl2082/MacRobot/src/install/macrobot_action_gateway/lib/python3.12/site-packages/macrobot_action_gateway
copying /home/dyddl2082/MacRobot/src/build/macrobot_action_gateway/build/lib/macrobot_action_gateway/resource_manager.py -> /home/dyddl2082/MacRobot/src/install/macrobot_action_gateway/lib/python3.12/site-packages/macrobot_action_gateway
copying /home/dyddl2082/MacRobot/src/build/macrobot_action_gateway/build/lib/macrobot_action_gateway/state_store.py -> /home/dyddl2082/MacRobot/src/install/macrobot_action_gateway/lib/python3.12/site-packages/macrobot_action_gateway
copying /home/dyddl2082/MacRobot/src/build/macrobot_action_gateway/build/lib/macrobot_action_gateway/bridge.py -> /home/dyddl2082/MacRobot/src/install/macrobot_action_gateway/lib/python3.12/site-packages/macrobot_action_gateway
copying /home/dyddl2082/MacRobot/src/build/macrobot_action_gateway/build/lib/macrobot_action_gateway/robot_facade.py -> /home/dyddl2082/MacRobot/src/install/macrobot_action_gateway/lib/python3.12/site-packages/macrobot_action_gateway
copying /home/dyddl2082/MacRobot/src/build/macrobot_action_gateway/build/lib/macrobot_action_gateway/api_types.py -> /home/dyddl2082/MacRobot/src/install/macrobot_action_gateway/lib/python3.12/site-packages/macrobot_action_gateway
copying /home/dyddl2082/MacRobot/src/build/macrobot_action_gateway/build/lib/macrobot_action_gateway/gateway_cli.py -> /home/dyddl2082/MacRobot/src/install/macrobot_action_gateway/lib/python3.12/site-packages/macrobot_action_gateway
byte-compiling /home/dyddl2082/MacRobot/src/install/macrobot_action_gateway/lib/python3.12/site-packages/macrobot_action_gateway/action_manager.py to action_manager.cpython-312.pyc
byte-compiling /home/dyddl2082/MacRobot/src/install/macrobot_action_gateway/lib/python3.12/site-packages/macrobot_action_gateway/gateway_protocol.py to gateway_protocol.cpython-312.pyc
byte-compiling /home/dyddl2082/MacRobot/src/install/macrobot_action_gateway/lib/python3.12/site-packages/macrobot_action_gateway/ast_validator.py to ast_validator.cpython-312.pyc
byte-compiling /home/dyddl2082/MacRobot/src/install/macrobot_action_gateway/lib/python3.12/site-packages/macrobot_action_gateway/__init__.py to __init__.cpython-312.pyc
byte-compiling /home/dyddl2082/MacRobot/src/install/macrobot_action_gateway/lib/python3.12/site-packages/macrobot_action_gateway/code_runner.py to code_runner.cpython-312.pyc
byte-compiling /home/dyddl2082/MacRobot/src/install/macrobot_action_gateway/lib/python3.12/site-packages/macrobot_action_gateway/gateway_node.py to gateway_node.cpython-312.pyc
byte-compiling /home/dyddl2082/MacRobot/src/install/macrobot_action_gateway/lib/python3.12/site-packages/macrobot_action_gateway/gateway_runtime.py to gateway_runtime.cpython-312.pyc
byte-compiling /home/dyddl2082/MacRobot/src/install/macrobot_action_gateway/lib/python3.12/site-packages/macrobot_action_gateway/event_stream.py to event_stream.cpython-312.pyc
byte-compiling /home/dyddl2082/MacRobot/src/install/macrobot_action_gateway/lib/python3.12/site-packages/macrobot_action_gateway/resource_manager.py to resource_manager.cpython-312.pyc
byte-compiling /home/dyddl2082/MacRobot/src/install/macrobot_action_gateway/lib/python3.12/site-packages/macrobot_action_gateway/state_store.py to state_store.cpython-312.pyc
byte-compiling /home/dyddl2082/MacRobot/src/install/macrobot_action_gateway/lib/python3.12/site-packages/macrobot_action_gateway/bridge.py to bridge.cpython-312.pyc
byte-compiling /home/dyddl2082/MacRobot/src/install/macrobot_action_gateway/lib/python3.12/site-packages/macrobot_action_gateway/robot_facade.py to robot_facade.cpython-312.pyc
byte-compiling /home/dyddl2082/MacRobot/src/install/macrobot_action_gateway/lib/python3.12/site-packages/macrobot_action_gateway/api_types.py to api_types.cpython-312.pyc
byte-compiling /home/dyddl2082/MacRobot/src/install/macrobot_action_gateway/lib/python3.12/site-packages/macrobot_action_gateway/gateway_cli.py to gateway_cli.cpython-312.pyc
running install_data
creating /home/dyddl2082/MacRobot/src/install/macrobot_action_gateway/share/ament_index
creating /home/dyddl2082/MacRobot/src/install/macrobot_action_gateway/share/ament_index/resource_index
creating /home/dyddl2082/MacRobot/src/install/macrobot_action_gateway/share/ament_index/resource_index/packages
copying resource/macrobot_action_gateway -> /home/dyddl2082/MacRobot/src/install/macrobot_action_gateway/share/ament_index/resource_index/packages
copying package.xml -> /home/dyddl2082/MacRobot/src/install/macrobot_action_gateway/share/macrobot_action_gateway
copying LICENSE -> /home/dyddl2082/MacRobot/src/install/macrobot_action_gateway/share/macrobot_action_gateway
creating /home/dyddl2082/MacRobot/src/install/macrobot_action_gateway/share/macrobot_action_gateway/launch
copying launch/action_gateway.launch.py -> /home/dyddl2082/MacRobot/src/install/macrobot_action_gateway/share/macrobot_action_gateway/launch
creating /home/dyddl2082/MacRobot/src/install/macrobot_action_gateway/share/macrobot_action_gateway/config
copying config/api_registry.yaml -> /home/dyddl2082/MacRobot/src/install/macrobot_action_gateway/share/macrobot_action_gateway/config
copying config/object_catalog.yaml -> /home/dyddl2082/MacRobot/src/install/macrobot_action_gateway/share/macrobot_action_gateway/config
copying config/gateway.yaml -> /home/dyddl2082/MacRobot/src/install/macrobot_action_gateway/share/macrobot_action_gateway/config
creating /home/dyddl2082/MacRobot/src/install/macrobot_action_gateway/share/macrobot_action_gateway/examples
copying examples/arm_then_gripper.py -> /home/dyddl2082/MacRobot/src/install/macrobot_action_gateway/share/macrobot_action_gateway/examples
copying examples/get_state.py -> /home/dyddl2082/MacRobot/src/install/macrobot_action_gateway/share/macrobot_action_gateway/examples
copying examples/pick_buds3.py -> /home/dyddl2082/MacRobot/src/install/macrobot_action_gateway/share/macrobot_action_gateway/examples
copying examples/move_then_turn.py -> /home/dyddl2082/MacRobot/src/install/macrobot_action_gateway/share/macrobot_action_gateway/examples
creating /home/dyddl2082/MacRobot/src/install/macrobot_action_gateway/share/macrobot_action_gateway/docs
copying docs/ROS_MAPPING_KO.md -> /home/dyddl2082/MacRobot/src/install/macrobot_action_gateway/share/macrobot_action_gateway/docs
copying docs/QUICK_TEST_KO.md -> /home/dyddl2082/MacRobot/src/install/macrobot_action_gateway/share/macrobot_action_gateway/docs
copying docs/IMPLEMENTATION_MATRIX_KO.md -> /home/dyddl2082/MacRobot/src/install/macrobot_action_gateway/share/macrobot_action_gateway/docs
copying docs/SECURITY_AND_LIMITATIONS_KO.md -> /home/dyddl2082/MacRobot/src/install/macrobot_action_gateway/share/macrobot_action_gateway/docs
copying docs/NEXT_ACTION_DECISION_KO.md -> /home/dyddl2082/MacRobot/src/install/macrobot_action_gateway/share/macrobot_action_gateway/docs
running install_egg_info
Copying ../build/macrobot_action_gateway/macrobot_action_gateway.egg-info to /home/dyddl2082/MacRobot/src/install/macrobot_action_gateway/lib/python3.12/site-packages/macrobot_action_gateway-0.1.1-py3.12.egg-info
running install_scripts
Installing action_gateway_cli script to /home/dyddl2082/MacRobot/src/install/macrobot_action_gateway/lib/macrobot_action_gateway
Installing action_gateway_node script to /home/dyddl2082/MacRobot/src/install/macrobot_action_gateway/lib/macrobot_action_gateway
Installing robot_code_runner script to /home/dyddl2082/MacRobot/src/install/macrobot_action_gateway/lib/macrobot_action_gateway
writing list of installed files to '/home/dyddl2082/MacRobot/src/build/macrobot_action_gateway/install.log'
