[4.178s] Invoking command in '/home/dyddl2082/MacRobot/src/macrobot_pick_pipeline': AMENT_PREFIX_PATH=/home/dyddl2082/MacRobot/src/install/macrobot_arm_control:/home/dyddl2082/MacRobot/src/install/macrobot_safe_region:/home/dyddl2082/MacRobot/src/install/macrobot_moveit_config:/home/dyddl2082/MacRobot/src/install/macrobot_description:/home/dyddl2082/MacRobot/src/install/pico_debug:/home/dyddl2082/MacRobot/src/install/macrobot_interfaces:/home/dyddl2082/MacRobot/src/install/macrobot_arm_kinematics:${AMENT_PREFIX_PATH} CMAKE_PREFIX_PATH=/home/dyddl2082/MacRobot/src/install/macrobot_safe_region:/home/dyddl2082/MacRobot/src/install/macrobot_moveit_config:/home/dyddl2082/MacRobot/src/install/macrobot_description:/home/dyddl2082/MacRobot/src/install/macrobot_interfaces:${CMAKE_PREFIX_PATH} LD_LIBRARY_PATH=/home/dyddl2082/MacRobot/src/install/macrobot_interfaces/lib:${LD_LIBRARY_PATH} PYTHONPATH=/home/dyddl2082/MacRobot/src/build/macrobot_pick_pipeline/prefix_override:/usr/lib/python3/dist-packages/colcon_core/task/python/colcon_distutils_commands:/home/dyddl2082/MacRobot/src/install/macrobot_pick_pipeline/lib/python3.12/site-packages:/home/dyddl2082/MacRobot/src/install/macrobot_arm_control/lib/python3.12/site-packages:/home/dyddl2082/MacRobot/src/install/pico_debug/lib/python3.12/site-packages:/home/dyddl2082/MacRobot/src/install/macrobot_interfaces/lib/python3.12/site-packages:/home/dyddl2082/MacRobot/src/install/macrobot_arm_kinematics/lib/python3.12/site-packages:${PYTHONPATH} /usr/bin/python3 -W ignore:setup.py install is deprecated -W ignore:easy_install command is deprecated setup.py egg_info --egg-base ../build/macrobot_pick_pipeline build --build-base /home/dyddl2082/MacRobot/src/build/macrobot_pick_pipeline/build install --record /home/dyddl2082/MacRobot/src/build/macrobot_pick_pipeline/install.log --install-scripts $base/lib/macrobot_pick_pipeline --single-version-externally-managed install_data
[4.651s] running egg_info
[4.651s] creating ../build/macrobot_pick_pipeline/macrobot_pick_pipeline.egg-info
[4.668s] writing ../build/macrobot_pick_pipeline/macrobot_pick_pipeline.egg-info/PKG-INFO
[4.669s] writing dependency_links to ../build/macrobot_pick_pipeline/macrobot_pick_pipeline.egg-info/dependency_links.txt
[4.670s] writing entry points to ../build/macrobot_pick_pipeline/macrobot_pick_pipeline.egg-info/entry_points.txt
[4.670s] writing requirements to ../build/macrobot_pick_pipeline/macrobot_pick_pipeline.egg-info/requires.txt
[4.670s] writing top-level names to ../build/macrobot_pick_pipeline/macrobot_pick_pipeline.egg-info/top_level.txt
[4.671s] writing manifest file '../build/macrobot_pick_pipeline/macrobot_pick_pipeline.egg-info/SOURCES.txt'
[4.742s] reading manifest file '../build/macrobot_pick_pipeline/macrobot_pick_pipeline.egg-info/SOURCES.txt'
[4.743s] writing manifest file '../build/macrobot_pick_pipeline/macrobot_pick_pipeline.egg-info/SOURCES.txt'
[4.743s] running build
[4.744s] running build_py
[4.744s] creating /home/dyddl2082/MacRobot/src/build/macrobot_pick_pipeline/build
[4.744s] creating /home/dyddl2082/MacRobot/src/build/macrobot_pick_pipeline/build/lib
[4.744s] creating /home/dyddl2082/MacRobot/src/build/macrobot_pick_pipeline/build/lib/macrobot_pick_pipeline
[4.745s] copying macrobot_pick_pipeline/pick_coordinator_node.py -> /home/dyddl2082/MacRobot/src/build/macrobot_pick_pipeline/build/lib/macrobot_pick_pipeline
[4.745s] copying macrobot_pick_pipeline/arm_demo_store.py -> /home/dyddl2082/MacRobot/src/build/macrobot_pick_pipeline/build/lib/macrobot_pick_pipeline
[4.746s] copying macrobot_pick_pipeline/arm_demo_recorder_node.py -> /home/dyddl2082/MacRobot/src/build/macrobot_pick_pipeline/build/lib/macrobot_pick_pipeline
[4.746s] copying macrobot_pick_pipeline/__init__.py -> /home/dyddl2082/MacRobot/src/build/macrobot_pick_pipeline/build/lib/macrobot_pick_pipeline
[4.746s] copying macrobot_pick_pipeline/arm_demo_cli.py -> /home/dyddl2082/MacRobot/src/build/macrobot_pick_pipeline/build/lib/macrobot_pick_pipeline
[4.746s] copying macrobot_pick_pipeline/teach_core.py -> /home/dyddl2082/MacRobot/src/build/macrobot_pick_pipeline/build/lib/macrobot_pick_pipeline
[4.747s] copying macrobot_pick_pipeline/camera_teach_node.py -> /home/dyddl2082/MacRobot/src/build/macrobot_pick_pipeline/build/lib/macrobot_pick_pipeline
[4.747s] copying macrobot_pick_pipeline/stored_object_pick_cli.py -> /home/dyddl2082/MacRobot/src/build/macrobot_pick_pipeline/build/lib/macrobot_pick_pipeline
[4.748s] copying macrobot_pick_pipeline/stored_object_pick_node.py -> /home/dyddl2082/MacRobot/src/build/macrobot_pick_pipeline/build/lib/macrobot_pick_pipeline
[4.748s] copying macrobot_pick_pipeline/stored_object_core.py -> /home/dyddl2082/MacRobot/src/build/macrobot_pick_pipeline/build/lib/macrobot_pick_pipeline
[4.749s] copying macrobot_pick_pipeline/pick_teach_node.py -> /home/dyddl2082/MacRobot/src/build/macrobot_pick_pipeline/build/lib/macrobot_pick_pipeline
[4.749s] copying macrobot_pick_pipeline/base_alignment_node.py -> /home/dyddl2082/MacRobot/src/build/macrobot_pick_pipeline/build/lib/macrobot_pick_pipeline
[4.751s] copying macrobot_pick_pipeline/profiles.py -> /home/dyddl2082/MacRobot/src/build/macrobot_pick_pipeline/build/lib/macrobot_pick_pipeline
[4.751s] copying macrobot_pick_pipeline/mock_perception_node.py -> /home/dyddl2082/MacRobot/src/build/macrobot_pick_pipeline/build/lib/macrobot_pick_pipeline
[4.752s] copying macrobot_pick_pipeline/base_alignment_cli.py -> /home/dyddl2082/MacRobot/src/build/macrobot_pick_pipeline/build/lib/macrobot_pick_pipeline
[4.753s] copying macrobot_pick_pipeline/grasp_frame_fit.py -> /home/dyddl2082/MacRobot/src/build/macrobot_pick_pipeline/build/lib/macrobot_pick_pipeline
[4.754s] copying macrobot_pick_pipeline/alignment_core.py -> /home/dyddl2082/MacRobot/src/build/macrobot_pick_pipeline/build/lib/macrobot_pick_pipeline
[4.755s] copying macrobot_pick_pipeline/visible_pick_test_node.py -> /home/dyddl2082/MacRobot/src/build/macrobot_pick_pipeline/build/lib/macrobot_pick_pipeline
[4.757s] copying macrobot_pick_pipeline/detection_localizer_node.py -> /home/dyddl2082/MacRobot/src/build/macrobot_pick_pipeline/build/lib/macrobot_pick_pipeline
[4.760s] copying macrobot_pick_pipeline/teach_store.py -> /home/dyddl2082/MacRobot/src/build/macrobot_pick_pipeline/build/lib/macrobot_pick_pipeline
[4.760s] copying macrobot_pick_pipeline/planner.py -> /home/dyddl2082/MacRobot/src/build/macrobot_pick_pipeline/build/lib/macrobot_pick_pipeline
[4.760s] copying macrobot_pick_pipeline/demo_core.py -> /home/dyddl2082/MacRobot/src/build/macrobot_pick_pipeline/build/lib/macrobot_pick_pipeline
[4.761s] copying macrobot_pick_pipeline/pick_teach_cli.py -> /home/dyddl2082/MacRobot/src/build/macrobot_pick_pipeline/build/lib/macrobot_pick_pipeline
[4.761s] running install
[4.772s] running install_lib
[4.793s] creating /home/dyddl2082/MacRobot/src/install/macrobot_pick_pipeline/lib/python3.12/site-packages/macrobot_pick_pipeline
[4.794s] copying /home/dyddl2082/MacRobot/src/build/macrobot_pick_pipeline/build/lib/macrobot_pick_pipeline/pick_coordinator_node.py -> /home/dyddl2082/MacRobot/src/install/macrobot_pick_pipeline/lib/python3.12/site-packages/macrobot_pick_pipeline
[4.794s] copying /home/dyddl2082/MacRobot/src/build/macrobot_pick_pipeline/build/lib/macrobot_pick_pipeline/arm_demo_store.py -> /home/dyddl2082/MacRobot/src/install/macrobot_pick_pipeline/lib/python3.12/site-packages/macrobot_pick_pipeline
[4.794s] copying /home/dyddl2082/MacRobot/src/build/macrobot_pick_pipeline/build/lib/macrobot_pick_pipeline/arm_demo_recorder_node.py -> /home/dyddl2082/MacRobot/src/install/macrobot_pick_pipeline/lib/python3.12/site-packages/macrobot_pick_pipeline
[4.794s] copying /home/dyddl2082/MacRobot/src/build/macrobot_pick_pipeline/build/lib/macrobot_pick_pipeline/__init__.py -> /home/dyddl2082/MacRobot/src/install/macrobot_pick_pipeline/lib/python3.12/site-packages/macrobot_pick_pipeline
[4.794s] copying /home/dyddl2082/MacRobot/src/build/macrobot_pick_pipeline/build/lib/macrobot_pick_pipeline/arm_demo_cli.py -> /home/dyddl2082/MacRobot/src/install/macrobot_pick_pipeline/lib/python3.12/site-packages/macrobot_pick_pipeline
[4.794s] copying /home/dyddl2082/MacRobot/src/build/macrobot_pick_pipeline/build/lib/macrobot_pick_pipeline/teach_core.py -> /home/dyddl2082/MacRobot/src/install/macrobot_pick_pipeline/lib/python3.12/site-packages/macrobot_pick_pipeline
[4.795s] copying /home/dyddl2082/MacRobot/src/build/macrobot_pick_pipeline/build/lib/macrobot_pick_pipeline/camera_teach_node.py -> /home/dyddl2082/MacRobot/src/install/macrobot_pick_pipeline/lib/python3.12/site-packages/macrobot_pick_pipeline
[4.795s] copying /home/dyddl2082/MacRobot/src/build/macrobot_pick_pipeline/build/lib/macrobot_pick_pipeline/stored_object_pick_cli.py -> /home/dyddl2082/MacRobot/src/install/macrobot_pick_pipeline/lib/python3.12/site-packages/macrobot_pick_pipeline
[4.795s] copying /home/dyddl2082/MacRobot/src/build/macrobot_pick_pipeline/build/lib/macrobot_pick_pipeline/stored_object_pick_node.py -> /home/dyddl2082/MacRobot/src/install/macrobot_pick_pipeline/lib/python3.12/site-packages/macrobot_pick_pipeline
[4.795s] copying /home/dyddl2082/MacRobot/src/build/macrobot_pick_pipeline/build/lib/macrobot_pick_pipeline/stored_object_core.py -> /home/dyddl2082/MacRobot/src/install/macrobot_pick_pipeline/lib/python3.12/site-packages/macrobot_pick_pipeline
[4.795s] copying /home/dyddl2082/MacRobot/src/build/macrobot_pick_pipeline/build/lib/macrobot_pick_pipeline/pick_teach_node.py -> /home/dyddl2082/MacRobot/src/install/macrobot_pick_pipeline/lib/python3.12/site-packages/macrobot_pick_pipeline
[4.795s] copying /home/dyddl2082/MacRobot/src/build/macrobot_pick_pipeline/build/lib/macrobot_pick_pipeline/base_alignment_node.py -> /home/dyddl2082/MacRobot/src/install/macrobot_pick_pipeline/lib/python3.12/site-packages/macrobot_pick_pipeline
[4.795s] copying /home/dyddl2082/MacRobot/src/build/macrobot_pick_pipeline/build/lib/macrobot_pick_pipeline/profiles.py -> /home/dyddl2082/MacRobot/src/install/macrobot_pick_pipeline/lib/python3.12/site-packages/macrobot_pick_pipeline
[4.796s] copying /home/dyddl2082/MacRobot/src/build/macrobot_pick_pipeline/build/lib/macrobot_pick_pipeline/mock_perception_node.py -> /home/dyddl2082/MacRobot/src/install/macrobot_pick_pipeline/lib/python3.12/site-packages/macrobot_pick_pipeline
[4.796s] copying /home/dyddl2082/MacRobot/src/build/macrobot_pick_pipeline/build/lib/macrobot_pick_pipeline/base_alignment_cli.py -> /home/dyddl2082/MacRobot/src/install/macrobot_pick_pipeline/lib/python3.12/site-packages/macrobot_pick_pipeline
[4.796s] copying /home/dyddl2082/MacRobot/src/build/macrobot_pick_pipeline/build/lib/macrobot_pick_pipeline/grasp_frame_fit.py -> /home/dyddl2082/MacRobot/src/install/macrobot_pick_pipeline/lib/python3.12/site-packages/macrobot_pick_pipeline
[4.796s] copying /home/dyddl2082/MacRobot/src/build/macrobot_pick_pipeline/build/lib/macrobot_pick_pipeline/alignment_core.py -> /home/dyddl2082/MacRobot/src/install/macrobot_pick_pipeline/lib/python3.12/site-packages/macrobot_pick_pipeline
[4.796s] copying /home/dyddl2082/MacRobot/src/build/macrobot_pick_pipeline/build/lib/macrobot_pick_pipeline/visible_pick_test_node.py -> /home/dyddl2082/MacRobot/src/install/macrobot_pick_pipeline/lib/python3.12/site-packages/macrobot_pick_pipeline
[4.797s] copying /home/dyddl2082/MacRobot/src/build/macrobot_pick_pipeline/build/lib/macrobot_pick_pipeline/detection_localizer_node.py -> /home/dyddl2082/MacRobot/src/install/macrobot_pick_pipeline/lib/python3.12/site-packages/macrobot_pick_pipeline
[4.797s] copying /home/dyddl2082/MacRobot/src/build/macrobot_pick_pipeline/build/lib/macrobot_pick_pipeline/teach_store.py -> /home/dyddl2082/MacRobot/src/install/macrobot_pick_pipeline/lib/python3.12/site-packages/macrobot_pick_pipeline
[4.797s] copying /home/dyddl2082/MacRobot/src/build/macrobot_pick_pipeline/build/lib/macrobot_pick_pipeline/planner.py -> /home/dyddl2082/MacRobot/src/install/macrobot_pick_pipeline/lib/python3.12/site-packages/macrobot_pick_pipeline
[4.797s] copying /home/dyddl2082/MacRobot/src/build/macrobot_pick_pipeline/build/lib/macrobot_pick_pipeline/demo_core.py -> /home/dyddl2082/MacRobot/src/install/macrobot_pick_pipeline/lib/python3.12/site-packages/macrobot_pick_pipeline
[4.797s] copying /home/dyddl2082/MacRobot/src/build/macrobot_pick_pipeline/build/lib/macrobot_pick_pipeline/pick_teach_cli.py -> /home/dyddl2082/MacRobot/src/install/macrobot_pick_pipeline/lib/python3.12/site-packages/macrobot_pick_pipeline
[4.798s] byte-compiling /home/dyddl2082/MacRobot/src/install/macrobot_pick_pipeline/lib/python3.12/site-packages/macrobot_pick_pipeline/pick_coordinator_node.py to pick_coordinator_node.cpython-312.pyc
[4.805s] byte-compiling /home/dyddl2082/MacRobot/src/install/macrobot_pick_pipeline/lib/python3.12/site-packages/macrobot_pick_pipeline/arm_demo_store.py to arm_demo_store.cpython-312.pyc
[4.807s] byte-compiling /home/dyddl2082/MacRobot/src/install/macrobot_pick_pipeline/lib/python3.12/site-packages/macrobot_pick_pipeline/arm_demo_recorder_node.py to arm_demo_recorder_node.cpython-312.pyc
[4.825s] byte-compiling /home/dyddl2082/MacRobot/src/install/macrobot_pick_pipeline/lib/python3.12/site-packages/macrobot_pick_pipeline/__init__.py to __init__.cpython-312.pyc
[4.826s] byte-compiling /home/dyddl2082/MacRobot/src/install/macrobot_pick_pipeline/lib/python3.12/site-packages/macrobot_pick_pipeline/arm_demo_cli.py to arm_demo_cli.cpython-312.pyc
[4.829s] byte-compiling /home/dyddl2082/MacRobot/src/install/macrobot_pick_pipeline/lib/python3.12/site-packages/macrobot_pick_pipeline/teach_core.py to teach_core.cpython-312.pyc
[4.831s] byte-compiling /home/dyddl2082/MacRobot/src/install/macrobot_pick_pipeline/lib/python3.12/site-packages/macrobot_pick_pipeline/camera_teach_node.py to camera_teach_node.cpython-312.pyc
[4.839s] byte-compiling /home/dyddl2082/MacRobot/src/install/macrobot_pick_pipeline/lib/python3.12/site-packages/macrobot_pick_pipeline/stored_object_pick_cli.py to stored_object_pick_cli.cpython-312.pyc
[4.841s] byte-compiling /home/dyddl2082/MacRobot/src/install/macrobot_pick_pipeline/lib/python3.12/site-packages/macrobot_pick_pipeline/stored_object_pick_node.py to stored_object_pick_node.cpython-312.pyc
[4.871s] byte-compiling /home/dyddl2082/MacRobot/src/install/macrobot_pick_pipeline/lib/python3.12/site-packages/macrobot_pick_pipeline/stored_object_core.py to stored_object_core.cpython-312.pyc
[4.874s] byte-compiling /home/dyddl2082/MacRobot/src/install/macrobot_pick_pipeline/lib/python3.12/site-packages/macrobot_pick_pipeline/pick_teach_node.py to pick_teach_node.cpython-312.pyc
[4.875s] byte-compiling /home/dyddl2082/MacRobot/src/install/macrobot_pick_pipeline/lib/python3.12/site-packages/macrobot_pick_pipeline/base_alignment_node.py to base_alignment_node.cpython-312.pyc
[4.875s] byte-compiling /home/dyddl2082/MacRobot/src/install/macrobot_pick_pipeline/lib/python3.12/site-packages/macrobot_pick_pipeline/profiles.py to profiles.cpython-312.pyc
[4.876s] byte-compiling /home/dyddl2082/MacRobot/src/install/macrobot_pick_pipeline/lib/python3.12/site-packages/macrobot_pick_pipeline/mock_perception_node.py to mock_perception_node.cpython-312.pyc
[4.878s] byte-compiling /home/dyddl2082/MacRobot/src/install/macrobot_pick_pipeline/lib/python3.12/site-packages/macrobot_pick_pipeline/base_alignment_cli.py to base_alignment_cli.cpython-312.pyc
[4.879s] byte-compiling /home/dyddl2082/MacRobot/src/install/macrobot_pick_pipeline/lib/python3.12/site-packages/macrobot_pick_pipeline/grasp_frame_fit.py to grasp_frame_fit.cpython-312.pyc
[4.881s] byte-compiling /home/dyddl2082/MacRobot/src/install/macrobot_pick_pipeline/lib/python3.12/site-packages/macrobot_pick_pipeline/alignment_core.py to alignment_core.cpython-312.pyc
[4.895s] byte-compiling /home/dyddl2082/MacRobot/src/install/macrobot_pick_pipeline/lib/python3.12/site-packages/macrobot_pick_pipeline/visible_pick_test_node.py to visible_pick_test_node.cpython-312.pyc
[4.902s] byte-compiling /home/dyddl2082/MacRobot/src/install/macrobot_pick_pipeline/lib/python3.12/site-packages/macrobot_pick_pipeline/detection_localizer_node.py to detection_localizer_node.cpython-312.pyc
[4.906s] byte-compiling /home/dyddl2082/MacRobot/src/install/macrobot_pick_pipeline/lib/python3.12/site-packages/macrobot_pick_pipeline/teach_store.py to teach_store.cpython-312.pyc
[4.908s] byte-compiling /home/dyddl2082/MacRobot/src/install/macrobot_pick_pipeline/lib/python3.12/site-packages/macrobot_pick_pipeline/planner.py to planner.cpython-312.pyc
[4.909s] byte-compiling /home/dyddl2082/MacRobot/src/install/macrobot_pick_pipeline/lib/python3.12/site-packages/macrobot_pick_pipeline/demo_core.py to demo_core.cpython-312.pyc
[4.912s] byte-compiling /home/dyddl2082/MacRobot/src/install/macrobot_pick_pipeline/lib/python3.12/site-packages/macrobot_pick_pipeline/pick_teach_cli.py to pick_teach_cli.cpython-312.pyc
[4.914s] running install_data
[4.914s] creating /home/dyddl2082/MacRobot/src/install/macrobot_pick_pipeline/share/ament_index
[4.914s] creating /home/dyddl2082/MacRobot/src/install/macrobot_pick_pipeline/share/ament_index/resource_index
[4.914s] creating /home/dyddl2082/MacRobot/src/install/macrobot_pick_pipeline/share/ament_index/resource_index/packages
[4.915s] copying resource/macrobot_pick_pipeline -> /home/dyddl2082/MacRobot/src/install/macrobot_pick_pipeline/share/ament_index/resource_index/packages
[4.915s] copying package.xml -> /home/dyddl2082/MacRobot/src/install/macrobot_pick_pipeline/share/macrobot_pick_pipeline
[4.915s] copying README.md -> /home/dyddl2082/MacRobot/src/install/macrobot_pick_pipeline/share/macrobot_pick_pipeline
[4.915s] creating /home/dyddl2082/MacRobot/src/install/macrobot_pick_pipeline/share/macrobot_pick_pipeline/launch
[4.915s] copying launch/arm_demo.launch.py -> /home/dyddl2082/MacRobot/src/install/macrobot_pick_pipeline/share/macrobot_pick_pipeline/launch
[4.915s] copying launch/real_camera_rviz.launch.py -> /home/dyddl2082/MacRobot/src/install/macrobot_pick_pipeline/share/macrobot_pick_pipeline/launch
[4.915s] copying launch/pick_pipeline_robot.launch.py -> /home/dyddl2082/MacRobot/src/install/macrobot_pick_pipeline/share/macrobot_pick_pipeline/launch
[4.916s] copying launch/pick_teach.launch.py -> /home/dyddl2082/MacRobot/src/install/macrobot_pick_pipeline/share/macrobot_pick_pipeline/launch
[4.916s] copying launch/pick_pipeline_wsl.launch.py -> /home/dyddl2082/MacRobot/src/install/macrobot_pick_pipeline/share/macrobot_pick_pipeline/launch
[4.916s] copying launch/stored_object_pick.launch.py -> /home/dyddl2082/MacRobot/src/install/macrobot_pick_pipeline/share/macrobot_pick_pipeline/launch
[4.916s] copying launch/camera_teach.launch.py -> /home/dyddl2082/MacRobot/src/install/macrobot_pick_pipeline/share/macrobot_pick_pipeline/launch
[4.916s] creating /home/dyddl2082/MacRobot/src/install/macrobot_pick_pipeline/share/macrobot_pick_pipeline/config
[4.916s] copying config/stored_object_pick.yaml -> /home/dyddl2082/MacRobot/src/install/macrobot_pick_pipeline/share/macrobot_pick_pipeline/config
[4.916s] copying config/pick_profiles.yaml -> /home/dyddl2082/MacRobot/src/install/macrobot_pick_pipeline/share/macrobot_pick_pipeline/config
[4.916s] copying config/base_alignment.yaml -> /home/dyddl2082/MacRobot/src/install/macrobot_pick_pipeline/share/macrobot_pick_pipeline/config
[4.916s] copying config/mock_perception.yaml -> /home/dyddl2082/MacRobot/src/install/macrobot_pick_pipeline/share/macrobot_pick_pipeline/config
[4.917s] copying config/perception.yaml -> /home/dyddl2082/MacRobot/src/install/macrobot_pick_pipeline/share/macrobot_pick_pipeline/config
[4.917s] copying config/stored_object_profiles.example.yaml -> /home/dyddl2082/MacRobot/src/install/macrobot_pick_pipeline/share/macrobot_pick_pipeline/config
[4.917s] copying config/coordinator.yaml -> /home/dyddl2082/MacRobot/src/install/macrobot_pick_pipeline/share/macrobot_pick_pipeline/config
[4.917s] copying config/teach.yaml -> /home/dyddl2082/MacRobot/src/install/macrobot_pick_pipeline/share/macrobot_pick_pipeline/config
[4.917s] copying config/camera_teach.yaml -> /home/dyddl2082/MacRobot/src/install/macrobot_pick_pipeline/share/macrobot_pick_pipeline/config
[4.917s] copying config/arm_demo.yaml -> /home/dyddl2082/MacRobot/src/install/macrobot_pick_pipeline/share/macrobot_pick_pipeline/config
[4.918s] creating /home/dyddl2082/MacRobot/src/install/macrobot_pick_pipeline/share/macrobot_pick_pipeline/rviz
[4.918s] copying rviz/real_camera.rviz -> /home/dyddl2082/MacRobot/src/install/macrobot_pick_pipeline/share/macrobot_pick_pipeline/rviz
[4.918s] copying rviz/pick_pipeline.rviz -> /home/dyddl2082/MacRobot/src/install/macrobot_pick_pipeline/share/macrobot_pick_pipeline/rviz
[4.918s] creating /home/dyddl2082/MacRobot/src/install/macrobot_pick_pipeline/share/macrobot_pick_pipeline/docs
[4.918s] copying docs/TEACH_REDESIGN_KO.md -> /home/dyddl2082/MacRobot/src/install/macrobot_pick_pipeline/share/macrobot_pick_pipeline/docs
[4.919s] copying docs/WSL2_TEST_KO.md -> /home/dyddl2082/MacRobot/src/install/macrobot_pick_pipeline/share/macrobot_pick_pipeline/docs
[4.919s] copying docs/REAL_CAMERA_LATER_KO.md -> /home/dyddl2082/MacRobot/src/install/macrobot_pick_pipeline/share/macrobot_pick_pipeline/docs
[4.919s] copying docs/CANCELLATION_CONTRACT_KO.md -> /home/dyddl2082/MacRobot/src/install/macrobot_pick_pipeline/share/macrobot_pick_pipeline/docs
[4.919s] copying docs/STORED_OBJECT_PICK_KO.md -> /home/dyddl2082/MacRobot/src/install/macrobot_pick_pipeline/share/macrobot_pick_pipeline/docs
[4.919s] copying docs/ARCHITECTURE_KO.md -> /home/dyddl2082/MacRobot/src/install/macrobot_pick_pipeline/share/macrobot_pick_pipeline/docs
[4.919s] copying docs/TEAM_GATEWAY_MAPPING_KO.md -> /home/dyddl2082/MacRobot/src/install/macrobot_pick_pipeline/share/macrobot_pick_pipeline/docs
[4.919s] copying docs/CAMERA_ARM_TEACH_KO.md -> /home/dyddl2082/MacRobot/src/install/macrobot_pick_pipeline/share/macrobot_pick_pipeline/docs
[4.919s] copying docs/OBJECT_FINDER_TEAM_INTERFACE_KO.md -> /home/dyddl2082/MacRobot/src/install/macrobot_pick_pipeline/share/macrobot_pick_pipeline/docs
[4.920s] copying docs/BASE_ALIGNMENT_AND_PICK_KO.md -> /home/dyddl2082/MacRobot/src/install/macrobot_pick_pipeline/share/macrobot_pick_pipeline/docs
[4.920s] copying docs/TEST_PROCEDURE_KO.md -> /home/dyddl2082/MacRobot/src/install/macrobot_pick_pipeline/share/macrobot_pick_pipeline/docs
[4.920s] running install_egg_info
[4.956s] Copying ../build/macrobot_pick_pipeline/macrobot_pick_pipeline.egg-info to /home/dyddl2082/MacRobot/src/install/macrobot_pick_pipeline/lib/python3.12/site-packages/macrobot_pick_pipeline-0.5.0-py3.12.egg-info
[4.957s] running install_scripts
[5.182s] Installing arm_demo_cli script to /home/dyddl2082/MacRobot/src/install/macrobot_pick_pipeline/lib/macrobot_pick_pipeline
[5.183s] Installing arm_demo_recorder_node script to /home/dyddl2082/MacRobot/src/install/macrobot_pick_pipeline/lib/macrobot_pick_pipeline
[5.183s] Installing base_alignment_cli script to /home/dyddl2082/MacRobot/src/install/macrobot_pick_pipeline/lib/macrobot_pick_pipeline
[5.184s] Installing base_alignment_node script to /home/dyddl2082/MacRobot/src/install/macrobot_pick_pipeline/lib/macrobot_pick_pipeline
[5.184s] Installing camera_teach_node script to /home/dyddl2082/MacRobot/src/install/macrobot_pick_pipeline/lib/macrobot_pick_pipeline
[5.185s] Installing detection_localizer_node script to /home/dyddl2082/MacRobot/src/install/macrobot_pick_pipeline/lib/macrobot_pick_pipeline
[5.185s] Installing mock_perception_node script to /home/dyddl2082/MacRobot/src/install/macrobot_pick_pipeline/lib/macrobot_pick_pipeline
[5.185s] Installing pick_coordinator_node script to /home/dyddl2082/MacRobot/src/install/macrobot_pick_pipeline/lib/macrobot_pick_pipeline
[5.185s] Installing pick_teach_cli script to /home/dyddl2082/MacRobot/src/install/macrobot_pick_pipeline/lib/macrobot_pick_pipeline
[5.186s] Installing pick_teach_node script to /home/dyddl2082/MacRobot/src/install/macrobot_pick_pipeline/lib/macrobot_pick_pipeline
[5.186s] Installing stored_object_pick_cli script to /home/dyddl2082/MacRobot/src/install/macrobot_pick_pipeline/lib/macrobot_pick_pipeline
[5.186s] Installing stored_object_pick_node script to /home/dyddl2082/MacRobot/src/install/macrobot_pick_pipeline/lib/macrobot_pick_pipeline
[5.186s] Installing visible_pick_test_node script to /home/dyddl2082/MacRobot/src/install/macrobot_pick_pipeline/lib/macrobot_pick_pipeline
[5.187s] writing list of installed files to '/home/dyddl2082/MacRobot/src/build/macrobot_pick_pipeline/install.log'
[5.241s] Invoked command in '/home/dyddl2082/MacRobot/src/macrobot_pick_pipeline' returned '0': AMENT_PREFIX_PATH=/home/dyddl2082/MacRobot/src/install/macrobot_arm_control:/home/dyddl2082/MacRobot/src/install/macrobot_safe_region:/home/dyddl2082/MacRobot/src/install/macrobot_moveit_config:/home/dyddl2082/MacRobot/src/install/macrobot_description:/home/dyddl2082/MacRobot/src/install/pico_debug:/home/dyddl2082/MacRobot/src/install/macrobot_interfaces:/home/dyddl2082/MacRobot/src/install/macrobot_arm_kinematics:${AMENT_PREFIX_PATH} CMAKE_PREFIX_PATH=/home/dyddl2082/MacRobot/src/install/macrobot_safe_region:/home/dyddl2082/MacRobot/src/install/macrobot_moveit_config:/home/dyddl2082/MacRobot/src/install/macrobot_description:/home/dyddl2082/MacRobot/src/install/macrobot_interfaces:${CMAKE_PREFIX_PATH} LD_LIBRARY_PATH=/home/dyddl2082/MacRobot/src/install/macrobot_interfaces/lib:${LD_LIBRARY_PATH} PYTHONPATH=/home/dyddl2082/MacRobot/src/build/macrobot_pick_pipeline/prefix_override:/usr/lib/python3/dist-packages/colcon_core/task/python/colcon_distutils_commands:/home/dyddl2082/MacRobot/src/install/macrobot_pick_pipeline/lib/python3.12/site-packages:/home/dyddl2082/MacRobot/src/install/macrobot_arm_control/lib/python3.12/site-packages:/home/dyddl2082/MacRobot/src/install/pico_debug/lib/python3.12/site-packages:/home/dyddl2082/MacRobot/src/install/macrobot_interfaces/lib/python3.12/site-packages:/home/dyddl2082/MacRobot/src/install/macrobot_arm_kinematics/lib/python3.12/site-packages:${PYTHONPATH} /usr/bin/python3 -W ignore:setup.py install is deprecated -W ignore:easy_install command is deprecated setup.py egg_info --egg-base ../build/macrobot_pick_pipeline build --build-base /home/dyddl2082/MacRobot/src/build/macrobot_pick_pipeline/build install --record /home/dyddl2082/MacRobot/src/build/macrobot_pick_pipeline/install.log --install-scripts $base/lib/macrobot_pick_pipeline --single-version-externally-managed install_data
